You have video processor config saved in `preprocessor.json` file which is deprecated. Video processor configs should be saved in their own `video_preprocessor.json` file. You can rename the file or load and save the processor back which renames it automatically. Loading from `preprocessor.json` will be removed in v5.0.
[13:06:30] Device: cuda
[13:06:30] Loading 'rlodhi/smolvla_screw_picking_5000' …
Reducing the number of VLM layers to 16 ...
[13:07:02] Policy ready on cuda (fp16)
[13:07:04] torch.compile(mode='reduce-overhead') applied to policy.model
[13:07:04] chunk_size=50, n_action_steps=50, num_steps=10
[13:07:04] resize_imgs=(512, 512)
[13:07:04] Image keys : ['observation.images.base', 'observation.images.wrist']
[13:07:04] Action dim : 6
[13:07:04] Task       : 'pick up the object and place it in the box'
[13:07:04] Camera /dev/video2 opened at 424×240
[13:07:04] SW resize   : 424×240 → 320×240

[13:07:04] Warming up for 20 steps, then benchmarking for 60s …

[13:07:06] #    1 [warm ] e2e= 1832.5ms  infer= 1662.8ms  cap=160.0ms
[13:07:07] #    2 [warm ] e2e= 1015.1ms  infer= 1011.8ms  cap=  3.1ms
[13:07:08] #    3 [warm ] e2e= 1000.1ms  infer=  998.2ms  cap=  1.7ms
[13:07:09] #    4 [warm ] e2e=  997.4ms  infer=  994.5ms  cap=  2.7ms
[13:07:10] #    5 [warm ] e2e=  993.3ms  infer=  991.0ms  cap=  2.1ms
[13:07:11] #    6 [warm ] e2e=  994.6ms  infer=  992.0ms  cap=  2.4ms
[13:07:12] #    7 [warm ] e2e= 1017.8ms  infer= 1015.1ms  cap=  2.5ms
[13:07:13] #    8 [warm ] e2e= 1008.5ms  infer= 1005.1ms  cap=  3.2ms
[13:07:14] #    9 [warm ] e2e=  993.3ms  infer=  990.8ms  cap=  2.3ms
[13:07:15] #   10 [warm ] e2e=  998.8ms  infer=  996.3ms  cap=  2.3ms
[13:07:16] #   11 [warm ] e2e=  994.8ms  infer=  991.0ms  cap=  3.6ms
[13:07:17] #   12 [warm ] e2e= 1011.2ms  infer= 1008.5ms  cap=  2.5ms
[13:07:18] #   13 [warm ] e2e= 1007.6ms  infer= 1005.0ms  cap=  2.5ms
[13:07:19] #   14 [warm ] e2e= 1011.7ms  infer= 1009.1ms  cap=  2.4ms
[13:07:20] #   15 [warm ] e2e= 1002.3ms  infer=  999.3ms  cap=  2.9ms
[13:07:21] #   16 [warm ] e2e= 1002.0ms  infer=  998.6ms  cap=  3.2ms
[13:07:22] #   17 [warm ] e2e= 1002.5ms  infer=  999.0ms  cap=  3.3ms
[13:07:23] #   18 [warm ] e2e=  990.3ms  infer=  986.7ms  cap=  3.4ms
[13:07:24] #   19 [warm ] e2e=  996.1ms  infer=  991.9ms  cap=  4.1ms
[13:07:25] #   20 [warm ] e2e=  992.2ms  infer=  988.0ms  cap=  4.0ms
[13:07:26] #   21 [bench] e2e= 1008.1ms  infer= 1004.0ms  cap=  3.9ms
[13:07:27] #   22 [bench] e2e= 1005.9ms  infer= 1002.3ms  cap=  3.3ms
[13:07:28] #   23 [bench] e2e= 1002.3ms  infer=  998.9ms  cap=  3.2ms
[13:07:29] #   24 [bench] e2e= 1000.2ms  infer=  997.5ms  cap=  2.5ms
[13:07:30] #   25 [bench] e2e=  999.9ms  infer=  997.3ms  cap=  2.4ms
[13:07:31] #   26 [bench] e2e= 1013.9ms  infer= 1011.3ms  cap=  2.5ms
[13:07:32] #   27 [bench] e2e= 1006.8ms  infer= 1003.8ms  cap=  2.8ms
[13:07:33] #   28 [bench] e2e= 1009.2ms  infer= 1005.4ms  cap=  3.5ms
[13:07:34] #   29 [bench] e2e= 1003.0ms  infer=  999.6ms  cap=  3.2ms
[13:07:35] #   30 [bench] e2e=  994.3ms  infer=  991.8ms  cap=  2.4ms
[13:07:36] #   31 [bench] e2e=  995.4ms  infer=  992.9ms  cap=  2.3ms
[13:07:37] #   32 [bench] e2e= 1001.8ms  infer=  998.7ms  cap=  2.9ms
[13:07:38] #   33 [bench] e2e=  999.6ms  infer=  996.7ms  cap=  2.7ms
[13:07:39] #   34 [bench] e2e=  997.0ms  infer=  994.1ms  cap=  2.7ms
[13:07:40] #   35 [bench] e2e=  992.8ms  infer=  990.4ms  cap=  2.3ms
[13:07:41] #   36 [bench] e2e=  992.6ms  infer=  990.2ms  cap=  2.2ms
[13:07:42] #   37 [bench] e2e=  993.5ms  infer=  990.9ms  cap=  2.4ms
[13:07:43] #   38 [bench] e2e=  995.1ms  infer=  992.2ms  cap=  2.7ms
[13:07:44] #   39 [bench] e2e=  983.0ms  infer=  979.6ms  cap=  3.2ms
[13:07:45] #   40 [bench] e2e=  996.1ms  infer=  992.9ms  cap=  3.0ms

  [live] after 20 bench steps — e2e mean=999.5ms  |  max replan freq=1.00 Hz  |  max control freq=50.02 Hz (n_action_steps=50)

[13:07:46] #   41 [bench] e2e= 1002.8ms  infer= 1000.3ms  cap=  2.3ms
[13:07:47] #   42 [bench] e2e= 1000.6ms  infer=  997.6ms  cap=  2.8ms
[13:07:48] #   43 [bench] e2e=  997.7ms  infer=  994.7ms  cap=  2.8ms
[13:07:49] #   44 [bench] e2e=  997.0ms  infer=  993.9ms  cap=  2.9ms
[13:07:50] #   45 [bench] e2e=  996.4ms  infer=  993.8ms  cap=  2.4ms
[13:07:51] #   46 [bench] e2e=  996.6ms  infer=  993.3ms  cap=  3.2ms
[13:07:52] #   47 [bench] e2e=  990.6ms  infer=  988.2ms  cap=  2.3ms
[13:07:53] #   48 [bench] e2e=  982.2ms  infer=  979.7ms  cap=  2.3ms
[13:07:54] #   49 [bench] e2e= 1002.3ms  infer=  999.4ms  cap=  2.8ms
[13:07:55] #   50 [bench] e2e=  982.4ms  infer=  979.9ms  cap=  2.3ms
[13:07:56] #   51 [bench] e2e=  990.4ms  infer=  987.6ms  cap=  2.6ms
[13:07:57] #   52 [bench] e2e=  998.3ms  infer=  995.4ms  cap=  2.7ms
[13:07:58] #   53 [bench] e2e= 1002.0ms  infer=  999.6ms  cap=  2.3ms
[13:07:59] #   54 [bench] e2e=  999.1ms  infer=  996.3ms  cap=  2.6ms
[13:08:00] #   55 [bench] e2e=  997.5ms  infer=  994.6ms  cap=  2.8ms
[13:08:01] #   56 [bench] e2e=  996.5ms  infer=  994.2ms  cap=  2.1ms
[13:08:02] #   57 [bench] e2e= 1003.6ms  infer= 1001.1ms  cap=  2.4ms
[13:08:03] #   58 [bench] e2e=  997.5ms  infer=  994.5ms  cap=  2.8ms
[13:08:04] #   59 [bench] e2e=  997.6ms  infer=  995.2ms  cap=  2.3ms
[13:08:05] #   60 [bench] e2e=  993.1ms  infer=  990.7ms  cap=  2.3ms

  [live] after 40 bench steps — e2e mean=997.9ms  |  max replan freq=1.00 Hz  |  max control freq=50.11 Hz (n_action_steps=50)

[13:08:06] #   61 [bench] e2e=  991.3ms  infer=  988.3ms  cap=  2.8ms
[13:08:07] #   62 [bench] e2e=  990.7ms  infer=  987.3ms  cap=  3.2ms
[13:08:08] #   63 [bench] e2e=  993.6ms  infer=  990.6ms  cap=  2.8ms
[13:08:09] #   64 [bench] e2e=  993.4ms  infer=  990.6ms  cap=  2.6ms
[13:08:10] #   65 [bench] e2e=  998.3ms  infer=  995.5ms  cap=  2.6ms
[13:08:11] #   66 [bench] e2e=  998.5ms  infer=  995.5ms  cap=  2.8ms
[13:08:12] #   67 [bench] e2e=  998.1ms  infer=  995.6ms  cap=  2.3ms
[13:08:13] #   68 [bench] e2e=  993.9ms  infer=  990.6ms  cap=  3.2ms
[13:08:14] #   69 [bench] e2e=  998.3ms  infer=  994.9ms  cap=  3.2ms
[13:08:15] #   70 [bench] e2e= 1003.4ms  infer= 1000.9ms  cap=  2.4ms
[13:08:16] #   71 [bench] e2e=  999.6ms  infer=  997.2ms  cap=  2.3ms
[13:08:17] #   72 [bench] e2e=  986.4ms  infer=  984.0ms  cap=  2.3ms
[13:08:18] #   73 [bench] e2e=  989.5ms  infer=  987.0ms  cap=  2.3ms
[13:08:19] #   74 [bench] e2e=  996.0ms  infer=  993.1ms  cap=  2.8ms
[13:08:20] #   75 [bench] e2e=  997.1ms  infer=  994.2ms  cap=  2.8ms
[13:08:21] #   76 [bench] e2e=  997.1ms  infer=  994.1ms  cap=  2.8ms
[13:08:22] #   77 [bench] e2e=  996.5ms  infer=  993.6ms  cap=  2.7ms
[13:08:23] #   78 [bench] e2e= 1000.3ms  infer=  997.9ms  cap=  2.3ms
[13:08:24] #   79 [bench] e2e= 1003.7ms  infer= 1001.2ms  cap=  2.3ms
[13:08:25] #   80 [bench] e2e=  996.5ms  infer=  993.1ms  cap=  3.2ms

  [live] after 60 bench steps — e2e mean=997.3ms  |  max replan freq=1.00 Hz  |  max control freq=50.14 Hz (n_action_steps=50)

[13:08:26] #   81 [bench] e2e=  997.5ms  infer=  994.5ms  cap=  2.8ms

============================================================
  SmolVLA-base inference benchmark — final report
  model  : rlodhi/smolvla_screw_picking_5000
  device : cuda
  num_steps: 10
  task   : pick up the object and place it in the box
============================================================
  wall time      : 81.7s
  warmup steps   : 5
  benchmark steps: 61

  capture + preprocess:
    n      = 61
    mean   = 2.68 ms
    median = 2.69 ms
    std    = 0.37 ms
    min    = 2.11 ms
    p90    = 3.19 ms
    p95    = 3.23 ms
    p99    = 3.68 ms
    max    = 3.93 ms

  batch construction:
    n      = 61
    mean   = 0.17 ms
    median = 0.16 ms
    std    = 0.02 ms
    min    = 0.15 ms
    p90    = 0.18 ms
    p95    = 0.19 ms
    p99    = 0.26 ms
    max    = 0.26 ms

  model forward (select_action):
    n      = 61
    mean   = 994.43 ms
    median = 994.48 ms
    std    = 5.88 ms
    min    = 979.62 ms
    p90    = 1001.06 ms
    p95    = 1003.82 ms
    p99    = 1007.79 ms
    max    = 1011.30 ms

  end-to-end (capture → action):
    n      = 61
    mean   = 997.28 ms
    median = 997.45 ms
    std    = 5.96 ms
    min    = 982.17 ms
    p90    = 1003.60 ms
    p95    = 1006.76 ms
    p99    = 1011.10 ms
    max    = 1013.92 ms

  chunk_size     : 50
  n_action_steps : 50

  >> max replan frequency : 1.003 Hz  (1 / e2e latency)
  >> max control frequency: 50.136 Hz  (replan_hz × n_action_steps)
============================================================
  wrote /home/xle/xlerobot-pro/results/A2/C2_stage1/compile_on_rep3.json
