You have video processor config saved in `preprocessor.json` file which is deprecated. Video processor configs should be saved in their own `video_preprocessor.json` file. You can rename the file or load and save the processor back which renames it automatically. Loading from `preprocessor.json` will be removed in v5.0.
[13:28:36] Device: cuda
[13:28:36] Loading 'rlodhi/smolvla_screw_picking_5000' …
Reducing the number of VLM layers to 16 ...
[13:29:07] Policy ready on cuda (fp16)
[13:29:07] chunk_size=5, n_action_steps=5, num_steps=10
[13:29:07] resize_imgs=(512, 512)
[13:29:07] Image keys : ['observation.images.base', 'observation.images.wrist']
[13:29:07] Action dim : 6
[13:29:07] Task       : 'pick up the object and place it in the box'
[13:29:07] Camera /dev/video2 opened at 424×240
[13:29:07] SW resize   : 424×240 → 320×240

[13:29:07] Warming up for 5 steps, then benchmarking for 45s …

[13:29:08] #    1 [warm ] e2e= 1455.1ms  infer= 1442.0ms  cap=  9.7ms
    t+0   | +0.1572  +0.0791  -0.1615  +0.3255  +0.3291  +0.0411
    t+1   | +0.1521  +0.0793  -0.1511  +0.3039  +0.2800  +0.0878
    t+2   | +0.1646  +0.1235  -0.1589  +0.3147  +0.3090  +0.1267
    t+3   | +0.2027  +0.0678  -0.1239  +0.3179  +0.4131  +0.1303
    t+4   | +0.1824  +0.0296  -0.0531  +0.3415  +0.4841  +0.0773
[13:29:09] #    2 [warm ] e2e=  918.5ms  infer=  916.6ms  cap=  1.8ms
    t+0   | +0.3719  +0.2310  -0.1610  +0.3208  +0.7854  +0.4702
    t+1   | +0.4229  +0.2621  -0.1686  +0.3311  +0.7486  +0.4331
    t+2   | +0.3931  +0.3321  -0.2082  +0.3856  +0.8205  +0.4848
    t+3   | +0.4043  +0.3654  -0.3136  +0.4453  +0.6976  +0.7249
    t+4   | +0.4157  +0.3629  -0.3151  +0.4460  +0.6557  +0.7053
[13:29:10] #    3 [warm ] e2e=  918.0ms  infer=  916.6ms  cap=  1.3ms
    t+0   | +0.1219  +0.1921  -0.1749  +0.3362  +0.0166  +0.8311
    t+1   | +0.0758  +0.1951  -0.2323  +0.3864  -0.0179  +0.5626
    t+2   | +0.0778  +0.2203  -0.3199  +0.4318  -0.0317  +0.6510
    t+3   | +0.1141  +0.2011  -0.3235  +0.4138  +0.0083  +0.5503
    t+4   | +0.0832  +0.1763  -0.2848  +0.4062  +0.0779  +0.6034
[13:29:11] #    4 [warm ] e2e=  915.1ms  infer=  913.8ms  cap=  1.2ms
    t+0   | +0.2455  +0.0995  -0.1516  +0.3376  -0.0060  -0.0977
    t+1   | +0.2434  +0.2102  -0.2920  +0.3851  +0.0045  -0.0080
    t+2   | +0.2066  +0.2467  -0.3376  +0.4114  +0.1099  -0.0098
    t+3   | +0.1403  +0.2672  -0.3701  +0.4135  +0.0688  +0.0412
    t+4   | +0.1410  +0.2360  -0.3174  +0.4035  +0.0605  +0.0928
[13:29:12] #    5 [warm ] e2e=  916.3ms  infer=  914.9ms  cap=  1.2ms
    t+0   | +0.2109  +0.0747  -0.1237  +0.3461  +0.3650  +1.0085
    t+1   | +0.1295  +0.1159  -0.1742  +0.3554  +0.2625  +0.8456
    t+2   | +0.1620  +0.0739  -0.1597  +0.3498  +0.2276  +0.8050
    t+3   | +0.1385  +0.0108  -0.1425  +0.3639  +0.2505  +0.6855
    t+4   | +0.1751  +0.0437  -0.1671  +0.3972  +0.1808  +0.7542
[13:29:13] #    6 [bench] e2e=  919.2ms  infer=  917.9ms  cap=  1.2ms
    t+0   | +0.1196  +0.0132  -0.1346  +0.2407  -0.1370  -0.1001
    t+1   | +0.1354  +0.0336  -0.0843  +0.2027  -0.0726  -0.0946
    t+2   | +0.0061  -0.0628  +0.0285  +0.1240  -0.0399  -0.2349
    t+3   | -0.0755  -0.1270  +0.0729  +0.1125  -0.0057  -0.2513
    t+4   | -0.0724  -0.1398  +0.0841  +0.1065  +0.0113  -0.2853
[13:29:14] #    7 [bench] e2e=  917.2ms  infer=  915.9ms  cap=  1.2ms
    t+0   | +0.1118  +0.0339  -0.0411  +0.2108  +0.1322  -0.5673
    t+1   | +0.1451  +0.1126  -0.1231  +0.2632  +0.0328  -0.3547
    t+2   | +0.1536  +0.1249  -0.1701  +0.2701  -0.0152  -0.0468
    t+3   | +0.1500  +0.0943  -0.1359  +0.2510  +0.0177  -0.0316
    t+4   | +0.1393  +0.1164  -0.1356  +0.2636  +0.0690  +0.0747
[13:29:15] #    8 [bench] e2e=  915.8ms  infer=  914.5ms  cap=  1.2ms
    t+0   | -0.1948  -0.1967  +0.1248  +0.0304  +0.1528  -0.2407
    t+1   | -0.0852  -0.1454  +0.0691  +0.0672  +0.1376  -0.1473
    t+2   | -0.0368  -0.0453  -0.0293  +0.1139  +0.1407  -0.1418
    t+3   | -0.0340  -0.0299  -0.1138  +0.1457  +0.0574  -0.0340
    t+4   | -0.0226  -0.0318  -0.1483  +0.1577  +0.0084  -0.0260
[13:29:16] #    9 [bench] e2e=  917.6ms  infer=  916.3ms  cap=  1.2ms
    t+0   | +0.2849  +0.1353  -0.2037  +0.3182  +0.0745  +0.0255
    t+1   | +0.2577  +0.1450  -0.2251  +0.3192  +0.0561  -0.0073
    t+2   | +0.2316  +0.1294  -0.2216  +0.3034  +0.0092  +0.0357
    t+3   | +0.2140  +0.1264  -0.2242  +0.2871  -0.0081  +0.0835
    t+4   | +0.1893  +0.0928  -0.2188  +0.2576  -0.0435  +0.3334
[13:29:17] #   10 [bench] e2e=  917.5ms  infer=  916.2ms  cap=  1.2ms
    t+0   | +0.1724  -0.0356  -0.0873  +0.2385  -0.0923  +0.1345
    t+1   | +0.1735  +0.0059  -0.1641  +0.2582  -0.0725  +0.1150
    t+2   | +0.1379  +0.0160  -0.1874  +0.2993  -0.0163  +0.0965
    t+3   | +0.0526  -0.0942  -0.1002  +0.2407  +0.0106  +0.0353
    t+4   | +0.0250  -0.0886  -0.0632  +0.2203  -0.0243  +0.0359
[13:29:17] #   11 [bench] e2e=  917.5ms  infer=  916.2ms  cap=  1.2ms
    t+0   | +0.0763  +0.0720  -0.1328  +0.2416  -0.1356  +0.0336
    t+1   | +0.0914  +0.0777  -0.1590  +0.2334  -0.1360  -0.0694
    t+2   | +0.1428  +0.1083  -0.1557  +0.2448  -0.1210  -0.0329
    t+3   | +0.1363  +0.1073  -0.1549  +0.2075  -0.1190  -0.0130
    t+4   | +0.1488  +0.1660  -0.1475  +0.2097  -0.1074  +0.1371
[13:29:18] #   12 [bench] e2e=  918.7ms  infer=  917.4ms  cap=  1.2ms
    t+0   | +0.0087  +0.0505  -0.2355  +0.2749  -0.0714  +0.1159
    t+1   | +0.0144  -0.0049  -0.2364  +0.2228  -0.1050  +0.0312
    t+2   | +0.0062  -0.0390  -0.2288  +0.1725  -0.0972  +0.0024
    t+3   | +0.0435  -0.0391  -0.2098  +0.1371  -0.1016  +0.0668
    t+4   | +0.0437  -0.0361  -0.1578  +0.1444  -0.1471  +0.1617
[13:29:19] #   13 [bench] e2e=  919.0ms  infer=  917.6ms  cap=  1.2ms
    t+0   | +0.0133  -0.1847  +0.0476  +0.1471  -0.0771  +0.0108
    t+1   | -0.0649  -0.1278  +0.0196  +0.1190  -0.0886  -0.0486
    t+2   | -0.0188  -0.0648  -0.0134  +0.1625  -0.0773  -0.0507
    t+3   | -0.0789  -0.0126  -0.0657  +0.1975  -0.0887  +0.1988
    t+4   | -0.0821  +0.0596  -0.1346  +0.2251  -0.0900  +0.1567
[13:29:20] #   14 [bench] e2e=  918.6ms  infer=  917.2ms  cap=  1.2ms
    t+0   | +0.1564  -0.0372  -0.0871  +0.2426  -0.0882  +0.2116
    t+1   | +0.0566  +0.0070  -0.1314  +0.2428  -0.1365  +0.1404
    t+2   | +0.0944  +0.0211  -0.1328  +0.2309  -0.1512  +0.0412
    t+3   | +0.0958  +0.0437  -0.1192  +0.2222  -0.1308  +0.0311
    t+4   | +0.0757  +0.0732  -0.1641  +0.2101  -0.1123  +0.0222
[13:29:21] #   15 [bench] e2e=  918.8ms  infer=  917.4ms  cap=  1.3ms
    t+0   | +0.0119  -0.0750  -0.0148  +0.2153  +0.0400  -0.0495
    t+1   | +0.0016  -0.0585  -0.0154  +0.1946  -0.0692  +0.1088
    t+2   | +0.0215  -0.0233  -0.0263  +0.1785  -0.1175  +0.1850
    t+3   | +0.0649  -0.0092  -0.0618  +0.1848  -0.1008  +0.0386
    t+4   | +0.0656  +0.0352  -0.1292  +0.2275  -0.0150  +0.0373
[13:29:22] #   16 [bench] e2e=  919.6ms  infer=  918.3ms  cap=  1.2ms
    t+0   | +0.0636  -0.0371  -0.0455  +0.2222  +0.1087  -0.1738
    t+1   | +0.0789  +0.0108  -0.0877  +0.2648  +0.1146  -0.0058
    t+2   | +0.1134  +0.0376  -0.1381  +0.3040  +0.0704  +0.0360
    t+3   | +0.1641  +0.0800  -0.1339  +0.3064  +0.0420  +0.0787
    t+4   | +0.1686  +0.0991  -0.1578  +0.3043  +0.0551  +0.1193
[13:29:23] #   17 [bench] e2e=  918.4ms  infer=  917.1ms  cap=  1.2ms
    t+0   | +0.1593  -0.0019  -0.0694  +0.2079  +0.0198  -0.6330
    t+1   | +0.1017  -0.0943  +0.0025  +0.1415  +0.0553  -0.6160
    t+2   | +0.1174  -0.1473  +0.0445  +0.1295  +0.0527  -0.6670
    t+3   | +0.1648  -0.1199  +0.0332  +0.1502  +0.0185  -0.4269
    t+4   | +0.2116  -0.0746  +0.0005  +0.1928  +0.0356  +0.0582
[13:29:24] #   18 [bench] e2e=  916.9ms  infer=  915.6ms  cap=  1.2ms
    t+0   | +0.0749  +0.1326  -0.1951  +0.2667  -0.1039  -0.0827
    t+1   | -0.0004  +0.1088  -0.2630  +0.2576  -0.0730  -0.0989
    t+2   | -0.0102  +0.0661  -0.2775  +0.2352  -0.0770  +0.0717
    t+3   | -0.0120  +0.0872  -0.2403  +0.2633  -0.0371  +0.2347
    t+4   | +0.0197  +0.1589  -0.2581  +0.3207  -0.0552  +0.3534
[13:29:25] #   19 [bench] e2e=  919.1ms  infer=  917.8ms  cap=  1.2ms
    t+0   | +0.2478  +0.0869  -0.1125  +0.3047  +0.0466  +0.1434
    t+1   | +0.2104  +0.0269  -0.0517  +0.2539  +0.0515  -0.0016
    t+2   | +0.1888  +0.0114  -0.0503  +0.1973  +0.0325  +0.0172
    t+3   | +0.1993  +0.0331  -0.0477  +0.1979  +0.0451  +0.1232
    t+4   | +0.2084  +0.0609  -0.0850  +0.2221  +0.0642  +0.2136
[13:29:26] #   20 [bench] e2e=  916.8ms  infer=  915.4ms  cap=  1.2ms
    t+0   | +0.0147  -0.0876  -0.1626  +0.3004  -0.0221  -0.3676
    t+1   | +0.0380  -0.0704  -0.1689  +0.2802  -0.0395  -0.3451
    t+2   | +0.0561  -0.0536  -0.1626  +0.2485  -0.0594  -0.2775
    t+3   | +0.0831  -0.0391  -0.1616  +0.2243  -0.0751  -0.1435
    t+4   | +0.0699  -0.0191  -0.1426  +0.2555  -0.0842  +0.2877
[13:29:27] #   21 [bench] e2e=  920.0ms  infer=  918.6ms  cap=  1.2ms
    t+0   | +0.2269  +0.0994  -0.1884  +0.3070  +0.1750  +0.1094
    t+1   | +0.2260  +0.0724  -0.1690  +0.2883  +0.1456  +0.0153
    t+2   | +0.1998  +0.0077  -0.0917  +0.2388  +0.1014  -0.0530
    t+3   | +0.1416  +0.0220  -0.1202  +0.2619  +0.0495  -0.1052
    t+4   | +0.1250  +0.0278  -0.1607  +0.2716  +0.0294  -0.1526
[13:29:28] #   22 [bench] e2e=  918.4ms  infer=  917.1ms  cap=  1.2ms
    t+0   | +0.0499  -0.0611  -0.0687  +0.2476  -0.0044  -0.1595
    t+1   | -0.0522  -0.0640  -0.0396  +0.2217  +0.0146  -0.1505
    t+2   | -0.0702  -0.0661  +0.0073  +0.2139  +0.0179  -0.0907
    t+3   | -0.0615  -0.0741  +0.0081  +0.1901  +0.0022  -0.1040
    t+4   | -0.0637  -0.0943  -0.0029  +0.1782  -0.0438  -0.1444
[13:29:29] #   23 [bench] e2e=  920.7ms  infer=  919.4ms  cap=  1.2ms
    t+0   | +0.2342  +0.1402  -0.2350  +0.3305  +0.0326  +0.2627
    t+1   | +0.1872  +0.1251  -0.2247  +0.2895  +0.0711  +0.2186
    t+2   | +0.1791  +0.1331  -0.1959  +0.2681  +0.1040  +0.3291
    t+3   | +0.1732  +0.1693  -0.2067  +0.2294  +0.1626  +0.2140
    t+4   | +0.1245  +0.1634  -0.2039  +0.2120  +0.1636  +0.0887
[13:29:29] #   24 [bench] e2e=  918.7ms  infer=  917.4ms  cap=  1.2ms
    t+0   | +0.1901  +0.0780  -0.1371  +0.2417  +0.0284  -0.0710
    t+1   | +0.2122  +0.0777  -0.1780  +0.2334  -0.0686  +0.3072
    t+2   | +0.2053  +0.0464  -0.1619  +0.2389  -0.0267  +0.1267
    t+3   | +0.1581  +0.0158  -0.1248  +0.2319  -0.0521  +0.1975
    t+4   | +0.1245  +0.0037  -0.1145  +0.2191  -0.0553  +0.0962
[13:29:30] #   25 [bench] e2e=  919.8ms  infer=  918.5ms  cap=  1.2ms
    t+0   | +0.1032  +0.0634  -0.1805  +0.3040  -0.0620  +0.1942
    t+1   | +0.1033  +0.0684  -0.1495  +0.2984  -0.0547  +0.1944
    t+2   | +0.1359  +0.0348  -0.1165  +0.2597  -0.0462  +0.1319
    t+3   | +0.0961  +0.0303  -0.1071  +0.2217  -0.0681  +0.0853
    t+4   | +0.0862  +0.0504  -0.1217  +0.2360  -0.0816  +0.1026

  [live] after 20 bench steps — e2e mean=918.4ms  |  max replan freq=1.09 Hz  |  max control freq=5.44 Hz (n_action_steps=5)

[13:29:31] #   26 [bench] e2e=  919.4ms  infer=  918.0ms  cap=  1.2ms
    t+0   | +0.1089  -0.1125  +0.0241  +0.1677  +0.0989  -0.3580
    t+1   | +0.0777  -0.0987  +0.0460  +0.1492  +0.1095  -0.3386
    t+2   | +0.0792  -0.0936  +0.0181  +0.1521  +0.0512  -0.3383
    t+3   | +0.0832  -0.0973  +0.0789  +0.0903  +0.0243  -0.4062
    t+4   | +0.1260  -0.0451  +0.0610  +0.1253  +0.0341  -0.3653
[13:29:32] #   27 [bench] e2e=  919.3ms  infer=  918.0ms  cap=  1.2ms
    t+0   | +0.1307  +0.0418  -0.0905  +0.2480  -0.0045  +0.3075
    t+1   | +0.0998  +0.0261  -0.0631  +0.2107  -0.0240  +0.3741
    t+2   | -0.0026  +0.0556  -0.0669  +0.2322  -0.0115  +0.2857
    t+3   | +0.0585  +0.1414  -0.1271  +0.2811  -0.0781  +0.4267
    t+4   | +0.1057  +0.1408  -0.1652  +0.2568  -0.1162  +0.2342
[13:29:33] #   28 [bench] e2e=  919.7ms  infer=  917.7ms  cap=  1.9ms
    t+0   | +0.1133  +0.0214  -0.1209  +0.2556  -0.0266  +0.1332
    t+1   | +0.1005  +0.0630  -0.1825  +0.2868  -0.1748  +0.8886
    t+2   | +0.1515  +0.0547  -0.1478  +0.2632  -0.0579  +0.5787
    t+3   | +0.1560  +0.0408  -0.1331  +0.2394  -0.0336  +0.6028
    t+4   | +0.1551  +0.0729  -0.1230  +0.2474  +0.0263  +0.5461
[13:29:34] #   29 [bench] e2e=  920.4ms  infer=  919.1ms  cap=  1.2ms
    t+0   | +0.1767  -0.0448  -0.0613  +0.2509  -0.0721  +0.0574
    t+1   | +0.1677  -0.0528  -0.0153  +0.2511  -0.0384  +0.0695
    t+2   | +0.1655  -0.0404  -0.0082  +0.2044  -0.0277  +0.0086
    t+3   | +0.1109  -0.0316  -0.0002  +0.1605  -0.1495  -0.0173
    t+4   | +0.0938  -0.0264  -0.0137  +0.1756  -0.2171  -0.0042
[13:29:35] #   30 [bench] e2e=  919.9ms  infer=  918.6ms  cap=  1.2ms
    t+0   | -0.0985  -0.0825  -0.0752  +0.2050  +0.0626  +0.0870
    t+1   | -0.1012  -0.0762  -0.0830  +0.1911  -0.0611  +0.3123
    t+2   | -0.0076  -0.0057  -0.0953  +0.2100  -0.1136  +0.4077
    t+3   | +0.0255  +0.0896  -0.1531  +0.2203  -0.1684  +0.4404
    t+4   | +0.0643  +0.1381  -0.1965  +0.2477  -0.1834  +0.5905
[13:29:36] #   31 [bench] e2e=  920.1ms  infer=  918.7ms  cap=  1.2ms
    t+0   | +0.2543  +0.1828  -0.2350  +0.3356  -0.0369  +0.1716
    t+1   | +0.2284  +0.1509  -0.1702  +0.3121  -0.1153  +0.3789
    t+2   | +0.2131  +0.0831  -0.1027  +0.2696  -0.1079  +0.2589
    t+3   | +0.2273  +0.1049  -0.0974  +0.2872  -0.0732  +0.1374
    t+4   | +0.2380  +0.1008  -0.1036  +0.2615  -0.0020  -0.0535
[13:29:37] #   32 [bench] e2e=  919.5ms  infer=  918.2ms  cap=  1.2ms
    t+0   | +0.0837  +0.0103  -0.0485  +0.2024  +0.0162  +0.0067
    t+1   | -0.0389  -0.0959  +0.0115  +0.1560  -0.0214  +0.0343
    t+2   | -0.0906  -0.1432  -0.0095  +0.1340  -0.0507  +0.0243
    t+3   | -0.1627  -0.1746  +0.0707  +0.0869  -0.0294  +0.0737
    t+4   | -0.1792  -0.1717  +0.1100  +0.0715  -0.0051  +0.0438
[13:29:38] #   33 [bench] e2e=  919.1ms  infer=  917.8ms  cap=  1.2ms
    t+0   | +0.1094  +0.0359  -0.1845  +0.2680  +0.1196  -0.1898
    t+1   | +0.1101  +0.0442  -0.1916  +0.2452  +0.1628  -0.0150
    t+2   | +0.1186  +0.1007  -0.2046  +0.2441  +0.0439  +0.1251
    t+3   | +0.1581  +0.1655  -0.2366  +0.2799  -0.0513  +0.0410
    t+4   | +0.1938  +0.1670  -0.2330  +0.2922  -0.0811  +0.0530
[13:29:39] #   34 [bench] e2e=  919.7ms  infer=  918.3ms  cap=  1.2ms
    t+0   | +0.1411  +0.1010  -0.1448  +0.2601  +0.0231  +0.0094
    t+1   | +0.1045  +0.0419  -0.1143  +0.2191  +0.0041  +0.0793
    t+2   | +0.0884  +0.0303  -0.0831  +0.2157  -0.0366  +0.2488
    t+3   | +0.1148  +0.0431  -0.0789  +0.2233  -0.0791  +0.5510
    t+4   | +0.1216  +0.0139  -0.0702  +0.2584  -0.0909  +0.6104
[13:29:40] #   35 [bench] e2e=  919.0ms  infer=  917.7ms  cap=  1.2ms
    t+0   | +0.1586  +0.0459  -0.1327  +0.2609  +0.1360  -0.0050
    t+1   | +0.1607  +0.0620  -0.1639  +0.2388  +0.1053  -0.0443
    t+2   | +0.0949  +0.1094  -0.1752  +0.2414  +0.1181  -0.0829
    t+3   | +0.0681  +0.1048  -0.1606  +0.2656  +0.0688  -0.0501
    t+4   | +0.0731  +0.1226  -0.1701  +0.2913  +0.0348  +0.0881
[13:29:40] #   36 [bench] e2e=  918.9ms  infer=  917.5ms  cap=  1.2ms
    t+0   | +0.2546  +0.0304  -0.1150  +0.2895  -0.0178  -0.2371
    t+1   | +0.2521  +0.0408  -0.1421  +0.3139  -0.0033  -0.1602
    t+2   | +0.2099  +0.0468  -0.1695  +0.3555  +0.0374  -0.0643
    t+3   | +0.1375  +0.0385  -0.1702  +0.3345  +0.0855  -0.0118
    t+4   | +0.0303  -0.0126  -0.1166  +0.2412  +0.0152  -0.1191
[13:29:41] #   37 [bench] e2e=  919.8ms  infer=  918.4ms  cap=  1.2ms
    t+0   | +0.1010  -0.0621  -0.0528  +0.2240  -0.0847  +0.0123
    t+1   | +0.0948  -0.0668  -0.1140  +0.2373  -0.1096  -0.0331
    t+2   | +0.1245  -0.0618  -0.1100  +0.2376  -0.0993  -0.0350
    t+3   | +0.1038  -0.0901  -0.0748  +0.2348  -0.0824  -0.0820
    t+4   | +0.1099  -0.1076  -0.0760  +0.2316  -0.0572  -0.1134
[13:29:42] #   38 [bench] e2e=  917.9ms  infer=  916.6ms  cap=  1.2ms
    t+0   | +0.2462  +0.0656  -0.1284  +0.2803  -0.0105  +0.1997
    t+1   | +0.1907  +0.0657  -0.1681  +0.2710  -0.0595  +0.1430
    t+2   | +0.1149  +0.0872  -0.1803  +0.2503  -0.0317  +0.0711
    t+3   | +0.1179  +0.0923  -0.1597  +0.2552  +0.1015  +0.0108
    t+4   | +0.1061  +0.0015  -0.0588  +0.2370  +0.1523  -0.0837
[13:29:43] #   39 [bench] e2e=  918.7ms  infer=  917.3ms  cap=  1.2ms
    t+0   | +0.1147  -0.0440  -0.0589  +0.2309  +0.0220  -0.0895
    t+1   | +0.0693  -0.0623  -0.0739  +0.2113  +0.0256  -0.1399
    t+2   | +0.0779  -0.0640  -0.0888  +0.2084  -0.0127  -0.0916
    t+3   | +0.0920  -0.0464  -0.0773  +0.1941  -0.0074  -0.0648
    t+4   | +0.0683  -0.0412  -0.0850  +0.2217  +0.0183  -0.0951
[13:29:44] #   40 [bench] e2e=  919.7ms  infer=  918.3ms  cap=  1.2ms
    t+0   | +0.0986  +0.0376  -0.0530  +0.2370  -0.1838  +0.8491
    t+1   | -0.0370  +0.0232  -0.0051  +0.2303  -0.1727  +0.7147
    t+2   | -0.0235  +0.0286  -0.0595  +0.2387  -0.1719  +0.8555
    t+3   | +0.0186  +0.0171  -0.1219  +0.2486  -0.1128  +0.5545
    t+4   | +0.0518  +0.0202  -0.1136  +0.2645  -0.0917  +0.4309
[13:29:45] #   41 [bench] e2e=  918.5ms  infer=  917.2ms  cap=  1.2ms
    t+0   | +0.0095  -0.2805  +0.1939  +0.0520  +0.0199  -0.3047
    t+1   | -0.0226  -0.1976  +0.1261  +0.0936  -0.0227  -0.2232
    t+2   | -0.0150  -0.1094  +0.0596  +0.1411  -0.0863  -0.1417
    t+3   | +0.0101  -0.0358  -0.0186  +0.1637  -0.1420  -0.0501
    t+4   | +0.0477  +0.0116  -0.0631  +0.1770  -0.1214  +0.0989
[13:29:46] #   42 [bench] e2e=  919.9ms  infer=  918.6ms  cap=  1.2ms
    t+0   | +0.1844  +0.0564  -0.1471  +0.2674  -0.0080  -0.0317
    t+1   | +0.1540  +0.0592  -0.1876  +0.2633  -0.0248  -0.0261
    t+2   | +0.0994  +0.0393  -0.2130  +0.2391  -0.0924  -0.0248
    t+3   | +0.0373  +0.0046  -0.1741  +0.2124  -0.1457  -0.0877
    t+4   | -0.0022  +0.0026  -0.1856  +0.2014  -0.1437  -0.0824
[13:29:47] #   43 [bench] e2e=  919.1ms  infer=  917.7ms  cap=  1.2ms
    t+0   | +0.0016  -0.0108  -0.0944  +0.2983  -0.2572  +0.1460
    t+1   | -0.0737  -0.0353  -0.0117  +0.2569  -0.1224  +0.1231
    t+2   | -0.1312  +0.0223  -0.0330  +0.2401  -0.1143  +0.2754
    t+3   | -0.1031  -0.0159  -0.0736  +0.2183  -0.1233  +0.1879
    t+4   | -0.0181  +0.0223  -0.1109  +0.2235  -0.0914  +0.1885
[13:29:48] #   44 [bench] e2e=  919.3ms  infer=  918.0ms  cap=  1.2ms
    t+0   | -0.0256  -0.2009  +0.1264  +0.1153  +0.1100  -0.5140
    t+1   | -0.0582  -0.1377  +0.0425  +0.1818  +0.0615  +0.0752
    t+2   | +0.0043  -0.0267  -0.0370  +0.2115  -0.0128  +0.2510
    t+3   | +0.0109  -0.0273  -0.0415  +0.1884  +0.0441  +0.1745
    t+4   | -0.0015  +0.0339  -0.0664  +0.1968  +0.3320  +0.1865
[13:29:49] #   45 [bench] e2e=  919.2ms  infer=  917.9ms  cap=  1.2ms
    t+0   | +0.0351  -0.0842  -0.0774  +0.2056  +0.0640  -0.3857
    t+1   | +0.0231  -0.0870  -0.0789  +0.1757  +0.0221  -0.3193
    t+2   | +0.0198  -0.0251  -0.0642  +0.1764  +0.0182  -0.2158
    t+3   | +0.0215  -0.0323  -0.0876  +0.1617  +0.0353  -0.2428
    t+4   | +0.0276  +0.0143  -0.1070  +0.2005  +0.0433  -0.2653

  [live] after 40 bench steps — e2e mean=918.9ms  |  max replan freq=1.09 Hz  |  max control freq=5.44 Hz (n_action_steps=5)

[13:29:50] #   46 [bench] e2e=  920.7ms  infer=  919.3ms  cap=  1.2ms
    t+0   | +0.1787  -0.0058  -0.1153  +0.2698  -0.0921  -0.1868
    t+1   | +0.1685  +0.0306  -0.0834  +0.2843  +0.0088  -0.3206
    t+2   | +0.1773  +0.0362  -0.0932  +0.3035  +0.0521  -0.2335
    t+3   | +0.1595  +0.0112  -0.1189  +0.2456  +0.0260  -0.1581
    t+4   | +0.1185  -0.0001  -0.1231  +0.2703  +0.0071  -0.2351
[13:29:51] #   47 [bench] e2e=  919.1ms  infer=  917.7ms  cap=  1.2ms
    t+0   | +0.0850  -0.0451  -0.1211  +0.2407  -0.2223  +0.1130
    t+1   | -0.0160  -0.0283  -0.1873  +0.2828  -0.1980  +0.0487
    t+2   | +0.0122  -0.0409  -0.2062  +0.2667  -0.1414  -0.0049
    t+3   | +0.0540  -0.0289  -0.1909  +0.2509  -0.0957  -0.2016
    t+4   | +0.0864  -0.0205  -0.2035  +0.2521  -0.0740  -0.2486
[13:29:52] #   48 [bench] e2e=  920.5ms  infer=  919.1ms  cap=  1.2ms
    t+0   | +0.0228  -0.1513  +0.0449  +0.1677  +0.0469  -0.2858
    t+1   | -0.0301  -0.1604  +0.0404  +0.1570  +0.0402  -0.3309
    t+2   | -0.0106  -0.1627  +0.0139  +0.1452  +0.0109  -0.2285
    t+3   | -0.0533  -0.1726  +0.0525  +0.1134  -0.0373  -0.1850
    t+4   | -0.0385  -0.1209  +0.0153  +0.1068  -0.0456  -0.0219
[13:29:52] #   49 [bench] e2e=  918.9ms  infer=  917.5ms  cap=  1.2ms
    t+0   | -0.3034  -0.4968  +0.3754  -0.0513  -0.1462  -0.1809
    t+1   | -0.1745  -0.2847  +0.2124  +0.0552  -0.0508  -0.1488
    t+2   | -0.0355  -0.1428  +0.0693  +0.1253  -0.0162  -0.0722
    t+3   | +0.0437  -0.0862  +0.0149  +0.1568  +0.0043  +0.0416
    t+4   | +0.0688  -0.0696  -0.0250  +0.1818  +0.0710  -0.1059

============================================================
  SmolVLA-base inference benchmark — final report
  model  : rlodhi/smolvla_screw_picking_5000
  device : cuda
  num_steps: 10
  task   : pick up the object and place it in the box
============================================================
  wall time      : 45.6s
  warmup steps   : 5
  benchmark steps: 44

  capture + preprocess:
    n      = 44
    mean   = 1.23 ms
    median = 1.22 ms
    std    = 0.10 ms
    min    = 1.20 ms
    p90    = 1.24 ms
    p95    = 1.25 ms
    p99    = 1.60 ms
    max    = 1.86 ms

  batch construction:
    n      = 44
    mean   = 0.12 ms
    median = 0.12 ms
    std    = 0.00 ms
    min    = 0.12 ms
    p90    = 0.13 ms
    p95    = 0.13 ms
    p99    = 0.13 ms
    max    = 0.13 ms

  model forward (select_action):
    n      = 44
    mean   = 917.60 ms
    median = 917.72 ms
    std    = 1.05 ms
    min    = 914.47 ms
    p90    = 918.69 ms
    p95    = 919.12 ms
    p99    = 919.35 ms
    max    = 919.36 ms

  end-to-end (capture → action):
    n      = 44
    mean   = 918.97 ms
    median = 919.09 ms
    std    = 1.05 ms
    min    = 915.81 ms
    p90    = 920.03 ms
    p95    = 920.45 ms
    p99    = 920.69 ms
    max    = 920.71 ms

  chunk_size     : 5
  n_action_steps : 5

  >> max replan frequency : 1.088 Hz  (1 / e2e latency)
  >> max control frequency: 5.441 Hz  (replan_hz × n_action_steps)
============================================================
