You have video processor config saved in `preprocessor.json` file which is deprecated. Video processor configs should be saved in their own `video_preprocessor.json` file. You can rename the file or load and save the processor back which renames it automatically. Loading from `preprocessor.json` will be removed in v5.0.
[12:56:51] Device: cuda
[12:56:51] Loading 'rlodhi/smolvla_screw_picking_5000' …
Reducing the number of VLM layers to 16 ...
[12:57:23] Policy ready on cuda (fp16)
[12:57:23] chunk_size=5, n_action_steps=5, num_steps=10
[12:57:23] resize_imgs=(512, 512)
[12:57:23] Image keys : ['observation.images.base', 'observation.images.wrist']
[12:57:23] Action dim : 6
[12:57:23] Task       : 'pick up the object and place it in the box'
[12:57:24] Camera /dev/video2 opened at 424×240
[12:57:24] SW resize   : 424×240 → 320×240

[12:57:24] Warming up for 5 steps, then benchmarking for 60s …

[12:57:25] #    1 [warm ] e2e= 1612.7ms  infer= 1594.8ms  cap= 13.1ms
    t+0   | +0.0938  +0.1363  -0.1722  +0.3578  -0.0220  -0.1103
    t+1   | +0.1176  +0.1810  -0.2407  +0.4112  -0.0556  +0.0596
    t+2   | +0.1111  +0.2861  -0.3426  +0.4642  +0.0011  +0.0065
    t+3   | +0.1798  +0.3170  -0.3546  +0.4761  +0.0488  +0.2786
    t+4   | +0.2539  +0.3408  -0.3516  +0.5103  +0.2703  +0.1958
[12:57:26] #    2 [warm ] e2e=  999.5ms  infer=  996.6ms  cap=  2.6ms
    t+0   | +0.3942  +0.1408  -0.1269  +0.3523  +0.5181  +0.3054
    t+1   | +0.3614  +0.1431  -0.1115  +0.3228  +0.4164  +0.1080
    t+2   | +0.3876  +0.2300  -0.1725  +0.3642  +0.4357  -0.3879
    t+3   | +0.3426  +0.2114  -0.1442  +0.3339  +0.3907  -0.3126
    t+4   | +0.3086  +0.1670  -0.1034  +0.3160  +0.3836  -0.1836
[12:57:27] #    3 [warm ] e2e= 1013.1ms  infer= 1010.2ms  cap=  2.7ms
    t+0   | +0.2122  +0.1731  -0.1846  +0.3093  +0.3263  -0.0323
    t+1   | +0.2162  +0.1522  -0.1827  +0.3184  +0.2457  +0.2601
    t+2   | +0.2152  +0.1688  -0.1941  +0.3416  +0.2354  +0.4360
    t+3   | +0.2512  +0.1700  -0.1938  +0.3465  +0.2279  +0.4407
    t+4   | +0.2590  +0.1596  -0.1818  +0.3526  +0.2259  +0.3871
[12:57:28] #    4 [warm ] e2e= 1001.8ms  infer=  998.9ms  cap=  2.7ms
    t+0   | +0.0770  -0.0920  -0.0397  +0.2830  +0.1818  -0.1469
    t+1   | +0.1046  -0.0483  -0.1095  +0.3268  +0.1453  -0.1134
    t+2   | +0.1336  -0.0051  -0.1655  +0.3363  +0.0681  -0.0478
    t+3   | +0.1288  +0.0290  -0.1383  +0.3199  +0.1171  -0.0391
    t+4   | +0.1440  +0.0140  -0.1181  +0.2890  +0.1181  -0.0797
[12:57:29] #    5 [warm ] e2e=  999.2ms  infer=  996.9ms  cap=  2.2ms
    t+0   | +0.1421  -0.1083  +0.2020  +0.1154  +0.3839  -0.2768
    t+1   | +0.0844  -0.0752  +0.1273  +0.1407  +0.3668  -0.2432
    t+2   | +0.0520  -0.0698  +0.0283  +0.1972  +0.3386  -0.1609
    t+3   | +0.0839  -0.0113  -0.1098  +0.2657  +0.3042  +0.1276
    t+4   | +0.0831  +0.0741  -0.2065  +0.3312  +0.3307  +0.0763
[12:57:30] #    6 [bench] e2e=  994.5ms  infer=  992.0ms  cap=  2.3ms
    t+0   | +0.0919  -0.0635  -0.0229  +0.2232  +0.1377  +0.1397
    t+1   | +0.0326  -0.0802  +0.0321  +0.1430  -0.0019  -0.1235
    t+2   | +0.0457  -0.0445  +0.0338  +0.1197  -0.0010  -0.2037
    t+3   | -0.0216  -0.0128  -0.0008  +0.0799  -0.0378  -0.3999
    t+4   | -0.0301  -0.0397  +0.0104  +0.0646  -0.0328  -0.5621
[12:57:31] #    7 [bench] e2e=  997.3ms  infer=  994.7ms  cap=  2.4ms
    t+0   | -0.0096  +0.0868  -0.1337  +0.2796  +0.1539  +0.2107
    t+1   | -0.0068  +0.0669  -0.0984  +0.2596  +0.1179  +0.2540
    t+2   | -0.0519  +0.0467  -0.0245  +0.1992  +0.1400  +0.0183
    t+3   | -0.0444  +0.0938  -0.0310  +0.2164  +0.1547  +0.0419
    t+4   | -0.0200  +0.1013  -0.0527  +0.2244  +0.1498  +0.0242
[12:57:32] #    8 [bench] e2e=  992.1ms  infer=  987.9ms  cap=  4.0ms
    t+0   | +0.1195  +0.0797  -0.1549  +0.2903  -0.0049  -0.2670
    t+1   | +0.1293  +0.1257  -0.1559  +0.3019  +0.0835  -0.1993
    t+2   | +0.1742  +0.0870  -0.1551  +0.2866  +0.0970  +0.6447
    t+3   | +0.1479  +0.0125  -0.1172  +0.2437  +0.1886  +0.3626
    t+4   | +0.0983  -0.0130  -0.0803  +0.2458  +0.1505  +0.1082
[12:57:33] #    9 [bench] e2e=  994.6ms  infer=  991.6ms  cap=  2.8ms
    t+0   | +0.1954  +0.0879  -0.1744  +0.2829  -0.0450  -0.4914
    t+1   | +0.1974  +0.0944  -0.2026  +0.3254  -0.0030  -0.3531
    t+2   | +0.1903  +0.0566  -0.2009  +0.2949  +0.0009  -0.2470
    t+3   | +0.2142  +0.0354  -0.1957  +0.2968  -0.0156  -0.0762
    t+4   | +0.1976  +0.0171  -0.1670  +0.2984  +0.0143  -0.1390
[12:57:34] #   10 [bench] e2e=  994.9ms  infer=  992.4ms  cap=  2.3ms
    t+0   | +0.0455  -0.1068  +0.0290  +0.1959  +0.0838  -0.2730
    t+1   | +0.0367  -0.0953  +0.0215  +0.1676  +0.0343  -0.5045
    t+2   | +0.0399  -0.0745  +0.0234  +0.1531  +0.0137  -0.4614
    t+3   | +0.0512  -0.0665  +0.0156  +0.1214  -0.0351  -0.3245
    t+4   | +0.0525  -0.0105  -0.0182  +0.1408  -0.0277  -0.2349
[12:57:35] #   11 [bench] e2e=  997.7ms  infer=  995.0ms  cap=  2.5ms
    t+0   | +0.0122  +0.2012  -0.1717  +0.2840  +0.0606  +0.2160
    t+1   | +0.0245  +0.0956  -0.0988  +0.2397  +0.0079  +0.1381
    t+2   | +0.0227  +0.0272  -0.0644  +0.1973  -0.0307  +0.1543
    t+3   | +0.0607  +0.1300  -0.0880  +0.2065  -0.0811  +0.0899
    t+4   | +0.0867  +0.1365  -0.1221  +0.1987  -0.1314  +0.0417
[12:57:36] #   12 [bench] e2e=  999.8ms  infer=  996.6ms  cap=  3.0ms
    t+0   | +0.1763  -0.0647  -0.0097  +0.2101  +0.0420  +0.0522
    t+1   | +0.1872  -0.0011  -0.0727  +0.2137  +0.0277  +0.0482
    t+2   | +0.1973  +0.0487  -0.1473  +0.2335  -0.0152  +0.0681
    t+3   | +0.2148  +0.0555  -0.1821  +0.2492  -0.0382  +0.0039
    t+4   | +0.2155  +0.0700  -0.1817  +0.2647  -0.0557  -0.1150
[12:57:37] #   13 [bench] e2e=  995.1ms  infer=  992.5ms  cap=  2.4ms
    t+0   | -0.2427  +0.0924  -0.4137  +0.3504  -0.5668  -0.3257
    t+1   | -0.1235  +0.0612  -0.2548  +0.2690  -0.1188  -0.3027
    t+2   | -0.1094  +0.0591  -0.3230  +0.2838  -0.1594  -0.0555
    t+3   | -0.0366  +0.0506  -0.2670  +0.2373  -0.1223  +0.1686
    t+4   | +0.0156  +0.0757  -0.2266  +0.2414  -0.0666  +0.2577
[12:57:38] #   14 [bench] e2e=  995.6ms  infer=  993.1ms  cap=  2.4ms
    t+0   | +0.0650  +0.0694  -0.2780  +0.3286  -0.1745  -0.0677
    t+1   | +0.1188  +0.1442  -0.3160  +0.3543  -0.0905  -0.0855
    t+2   | +0.1462  +0.1354  -0.2751  +0.3314  -0.0840  -0.0786
    t+3   | +0.1244  +0.1344  -0.2562  +0.3398  -0.0846  -0.1109
    t+4   | +0.1486  +0.1612  -0.2535  +0.3541  -0.0167  -0.1291
[12:57:39] #   15 [bench] e2e=  992.8ms  infer=  990.1ms  cap=  2.6ms
    t+0   | +0.1636  +0.0898  -0.1289  +0.2466  +0.1847  -0.2665
    t+1   | +0.1575  +0.1059  -0.1399  +0.2240  +0.1095  +0.2116
    t+2   | +0.1135  +0.0893  -0.1224  +0.2184  +0.1352  +0.1079
    t+3   | +0.0922  +0.0575  -0.1473  +0.2145  +0.1210  +0.1245
    t+4   | +0.1219  +0.0718  -0.1890  +0.2341  +0.1097  +0.1480
[12:57:40] #   16 [bench] e2e=  993.2ms  infer=  990.1ms  cap=  3.0ms
    t+0   | +0.0653  -0.0707  -0.0536  +0.1793  -0.0640  -0.2580
    t+1   | +0.0836  -0.0408  -0.0787  +0.1776  -0.0598  -0.1798
    t+2   | +0.0697  -0.0383  -0.0867  +0.1695  -0.0346  -0.1992
    t+3   | +0.0283  -0.0732  -0.0597  +0.1331  -0.0449  -0.2310
    t+4   | +0.0188  -0.0552  -0.0499  +0.1468  -0.0695  -0.1358
[12:57:41] #   17 [bench] e2e=  992.9ms  infer=  990.1ms  cap=  2.7ms
    t+0   | +0.1452  -0.0386  -0.1174  +0.2209  -0.0475  -0.1873
    t+1   | +0.1552  +0.0148  -0.1751  +0.2565  -0.0130  -0.0501
    t+2   | +0.2150  +0.0709  -0.2242  +0.2794  -0.0245  +0.1359
    t+3   | +0.2128  +0.0637  -0.2081  +0.2546  -0.0182  +0.0745
    t+4   | +0.1943  +0.0565  -0.2141  +0.2453  -0.0093  +0.0791
[12:57:42] #   18 [bench] e2e=  996.6ms  infer=  993.8ms  cap=  2.6ms
    t+0   | +0.1008  +0.0116  -0.1038  +0.1873  -0.0770  -0.7106
    t+1   | +0.0483  -0.0833  -0.0444  +0.1400  -0.0691  -0.7203
    t+2   | +0.0927  -0.0821  -0.0943  +0.1730  -0.0151  -0.5384
    t+3   | +0.1244  -0.0559  -0.0983  +0.2276  +0.0027  -0.2973
    t+4   | +0.1292  -0.0287  -0.1640  +0.2412  -0.0282  -0.0626
[12:57:43] #   19 [bench] e2e= 1013.5ms  infer= 1010.4ms  cap=  2.9ms
    t+0   | +0.0047  +0.0002  -0.1610  +0.2250  -0.0226  -0.2376
    t+1   | -0.0933  +0.0294  -0.2735  +0.2511  +0.0331  -0.2512
    t+2   | -0.0444  +0.0171  -0.3149  +0.2614  +0.0759  -0.3075
    t+3   | +0.0273  +0.0572  -0.3253  +0.3112  +0.1093  -0.2581
    t+4   | +0.1098  +0.0720  -0.3021  +0.2982  +0.0735  -0.1936
[12:57:44] #   20 [bench] e2e= 1000.9ms  infer=  997.8ms  cap=  2.9ms
    t+0   | +0.1841  +0.1435  -0.2745  +0.3902  -0.0563  +0.1883
    t+1   | +0.1969  +0.1055  -0.2028  +0.3482  -0.0393  +0.0846
    t+2   | +0.1370  +0.0958  -0.1672  +0.3070  -0.0454  +0.0533
    t+3   | +0.1374  +0.0932  -0.1818  +0.3048  -0.0248  +0.1233
    t+4   | +0.1277  +0.0960  -0.1334  +0.2936  +0.0859  +0.1178
[12:57:45] #   21 [bench] e2e=  995.3ms  infer=  992.3ms  cap=  2.9ms
    t+0   | +0.0766  -0.1022  -0.1194  +0.2228  -0.1146  -0.4911
    t+1   | +0.0527  -0.0377  -0.1172  +0.1993  -0.1139  -0.4808
    t+2   | +0.0723  -0.0040  -0.0685  +0.2016  -0.1054  -0.4162
    t+3   | +0.1076  -0.0160  -0.0597  +0.2219  -0.0694  -0.3202
    t+4   | +0.1388  +0.0192  -0.0809  +0.2396  -0.0525  -0.2920
[12:57:46] #   22 [bench] e2e=  993.1ms  infer=  990.7ms  cap=  2.2ms
    t+0   | +0.1059  +0.0322  -0.1645  +0.3189  -0.0458  -0.0588
    t+1   | +0.0176  +0.0793  -0.2074  +0.3021  -0.0903  +0.2209
    t+2   | +0.0599  +0.0678  -0.1839  +0.2802  -0.1012  +0.4086
    t+3   | +0.0434  +0.0312  -0.1307  +0.2476  -0.1019  +0.3198
    t+4   | +0.0102  +0.0390  -0.1085  +0.2305  -0.0710  +0.2316
[12:57:47] #   23 [bench] e2e=  995.2ms  infer=  992.9ms  cap=  2.2ms
    t+0   | +0.1893  -0.0315  -0.0521  +0.1993  -0.1252  -0.3836
    t+1   | +0.2428  +0.1688  -0.1554  +0.2261  -0.0921  -0.5566
    t+2   | +0.2250  +0.1658  -0.1790  +0.2312  -0.1167  -0.3695
    t+3   | +0.2584  +0.1691  -0.1685  +0.2533  -0.0076  -0.2942
    t+4   | +0.2779  +0.1357  -0.2006  +0.2295  +0.1521  -0.4240
[12:57:48] #   24 [bench] e2e=  995.0ms  infer=  992.6ms  cap=  2.2ms
    t+0   | -0.0154  -0.1780  +0.0166  +0.1468  -0.0178  -0.2297
    t+1   | -0.0153  -0.1011  -0.0429  +0.1967  +0.0218  -0.2631
    t+2   | -0.1360  -0.1242  -0.0903  +0.2167  +0.0648  -0.4991
    t+3   | -0.0924  -0.1134  -0.0852  +0.2014  +0.0866  -0.6419
    t+4   | -0.0776  -0.1209  -0.0689  +0.1889  +0.0610  -0.4844
[12:57:49] #   25 [bench] e2e=  998.3ms  infer=  995.9ms  cap=  2.2ms
    t+0   | +0.0454  -0.2473  +0.0425  +0.2022  +0.0331  -0.2162
    t+1   | +0.0231  -0.2495  +0.0318  +0.2131  +0.0168  -0.1698
    t+2   | +0.0803  -0.2033  +0.0248  +0.2240  -0.0230  -0.1735
    t+3   | +0.0607  -0.1828  +0.0431  +0.2421  -0.0474  +0.0445
    t+4   | +0.0601  -0.1969  +0.0599  +0.2508  -0.0130  -0.0065

  [live] after 20 bench steps — e2e mean=996.4ms  |  max replan freq=1.00 Hz  |  max control freq=5.02 Hz (n_action_steps=5)

[12:57:50] #   26 [bench] e2e=  998.7ms  infer=  996.4ms  cap=  2.1ms
    t+0   | +0.1237  -0.0121  -0.0806  +0.1982  +0.0121  -0.5305
    t+1   | +0.0661  -0.0454  -0.0681  +0.1821  +0.0750  -0.4602
    t+2   | +0.0469  -0.1014  -0.0640  +0.1663  +0.1434  -0.4534
    t+3   | +0.0808  -0.0648  -0.0439  +0.1827  +0.0811  +0.2564
    t+4   | +0.1066  -0.0577  -0.0284  +0.1711  +0.0794  +0.5110
[12:57:51] #   27 [bench] e2e= 1003.7ms  infer= 1001.4ms  cap=  2.1ms
    t+0   | +0.0812  -0.1994  +0.0754  +0.1279  -0.0777  -0.3128
    t+1   | +0.0458  -0.1227  +0.0421  +0.1570  -0.0210  -0.1706
    t+2   | +0.0496  -0.0894  -0.0129  +0.1675  +0.0087  -0.0718
    t+3   | +0.0601  -0.1116  -0.0360  +0.2130  +0.0276  +0.1436
    t+4   | +0.0398  -0.1268  -0.0587  +0.2165  +0.0538  +0.1497
[12:57:52] #   28 [bench] e2e=  998.1ms  infer=  995.7ms  cap=  2.2ms
    t+0   | +0.2118  -0.0667  -0.0388  +0.2540  +0.0568  -0.0127
    t+1   | +0.1667  -0.1233  +0.0105  +0.2575  +0.0633  +0.1889
    t+2   | +0.0838  -0.1555  +0.0514  +0.2328  +0.0577  +0.1462
    t+3   | +0.0999  -0.1353  +0.0450  +0.2297  +0.0108  +0.0959
    t+4   | +0.1294  -0.1332  +0.0282  +0.2042  +0.0282  +0.0434
[12:57:53] #   29 [bench] e2e=  997.1ms  infer=  994.3ms  cap=  2.7ms
    t+0   | +0.1201  -0.0452  -0.0419  +0.2110  +0.0270  -0.2078
    t+1   | +0.0931  -0.0551  -0.0343  +0.2014  +0.0200  -0.3270
    t+2   | +0.0308  -0.0149  -0.0820  +0.2623  -0.0074  -0.1885
    t+3   | -0.0676  +0.0058  -0.1442  +0.2830  -0.0177  -0.1232
    t+4   | -0.0780  +0.0648  -0.2011  +0.3011  -0.0271  -0.0103
[12:57:54] #   30 [bench] e2e= 1000.7ms  infer=  998.3ms  cap=  2.2ms
    t+0   | +0.1531  +0.1665  -0.4370  +0.4188  -0.0230  -0.0354
    t+1   | +0.0924  +0.0878  -0.3143  +0.3309  -0.0139  -0.0743
    t+2   | +0.0548  +0.0788  -0.2511  +0.3001  -0.0030  -0.0710
    t+3   | +0.0345  +0.0245  -0.1400  +0.2421  +0.0483  -0.2435
    t+4   | +0.0240  +0.0217  -0.1362  +0.2527  +0.0609  -0.5689
[12:57:55] #   31 [bench] e2e=  998.9ms  infer=  996.1ms  cap=  2.7ms
    t+0   | -0.0958  -0.2418  -0.1189  +0.2262  +0.0258  -0.6040
    t+1   | -0.1532  +0.0124  -0.4384  +0.3320  +0.1023  -0.4645
    t+2   | -0.0437  +0.1006  -0.4359  +0.3362  +0.0298  -0.3436
    t+3   | +0.0183  +0.1210  -0.3890  +0.3418  +0.0261  -0.1342
    t+4   | +0.1029  +0.1138  -0.3386  +0.3276  -0.0146  +0.0770
[12:57:56] #   32 [bench] e2e=  997.4ms  infer=  994.6ms  cap=  2.7ms
    t+0   | +0.0867  -0.1996  +0.0853  +0.1337  +0.0232  -0.6561
    t+1   | +0.0850  -0.1634  +0.0303  +0.1777  +0.0684  -0.6695
    t+2   | +0.1038  -0.1236  -0.0324  +0.2228  +0.1013  -0.5265
    t+3   | +0.1634  -0.0736  -0.0909  +0.2430  +0.1143  -0.0735
    t+4   | +0.1874  -0.0254  -0.1309  +0.2351  +0.0469  +0.1709
[12:57:57] #   33 [bench] e2e=  994.6ms  infer=  992.3ms  cap=  2.2ms
    t+0   | +0.1073  +0.3260  -0.3577  +0.3486  +0.0318  -0.0527
    t+1   | +0.0630  +0.2747  -0.2639  +0.2703  +0.0746  -0.0692
    t+2   | +0.0360  +0.2238  -0.2074  +0.2435  +0.0534  -0.1066
    t+3   | +0.0347  +0.1290  -0.1143  +0.1904  +0.0059  -0.1873
    t+4   | +0.0261  +0.1692  -0.1359  +0.2194  +0.0043  -0.1287
[12:57:58] #   34 [bench] e2e=  996.6ms  infer=  994.2ms  cap=  2.2ms
    t+0   | +0.1223  +0.0040  -0.1437  +0.2557  -0.0265  -0.1723
    t+1   | +0.0620  +0.0557  -0.2507  +0.2710  +0.0295  +0.1305
    t+2   | +0.0504  +0.0830  -0.2703  +0.2723  +0.0751  +0.3295
    t+3   | +0.0144  +0.1338  -0.2487  +0.2448  +0.2127  +0.2500
    t+4   | +0.0745  +0.1560  -0.2333  +0.2558  +0.1906  +0.1603
[12:57:59] #   35 [bench] e2e= 1013.5ms  infer= 1010.2ms  cap=  3.1ms
    t+0   | +0.1030  +0.0772  -0.2169  +0.2929  +0.0331  -0.1041
    t+1   | +0.1023  +0.0885  -0.2463  +0.2908  -0.0033  -0.1122
    t+2   | +0.1058  +0.0978  -0.2649  +0.2699  -0.0499  -0.0962
    t+3   | +0.1365  +0.1312  -0.2632  +0.3029  -0.0797  -0.0048
    t+4   | +0.1891  +0.1148  -0.2494  +0.3166  -0.0477  +0.0229
[12:58:00] #   36 [bench] e2e=  999.4ms  infer=  996.1ms  cap=  3.2ms
    t+0   | +0.1141  +0.0292  -0.0323  +0.1863  -0.1637  -0.1502
    t+1   | +0.1203  +0.1025  -0.1271  +0.2376  -0.1657  -0.0141
    t+2   | +0.1448  +0.0469  -0.1437  +0.2479  -0.0969  +0.0325
    t+3   | +0.1314  -0.0387  -0.0611  +0.2007  -0.0829  +0.0270
    t+4   | +0.1110  -0.0187  -0.0406  +0.2039  -0.0613  +0.0018
[12:58:01] #   37 [bench] e2e=  992.7ms  infer=  989.8ms  cap=  2.7ms
    t+0   | +0.1479  +0.0370  -0.1087  +0.2027  -0.0349  -0.1543
    t+1   | +0.1190  +0.0621  -0.1254  +0.1768  +0.0085  -0.0651
    t+2   | +0.1043  +0.1335  -0.2119  +0.1717  +0.0003  +0.1542
    t+3   | +0.1047  +0.2056  -0.2820  +0.2189  -0.0696  +0.5376
    t+4   | +0.1279  +0.2068  -0.3085  +0.2612  -0.1735  +0.9242
[12:58:02] #   38 [bench] e2e=  995.6ms  infer=  992.7ms  cap=  2.7ms
    t+0   | +0.1524  +0.0119  -0.1494  +0.2719  +0.1566  -0.2953
    t+1   | +0.1158  +0.0181  -0.2167  +0.2473  +0.0918  -0.2235
    t+2   | +0.0536  +0.0172  -0.1753  +0.2038  +0.0701  -0.1907
    t+3   | +0.0376  +0.0285  -0.1553  +0.1931  +0.0314  -0.0966
    t+4   | +0.0274  +0.0567  -0.1676  +0.2138  +0.0434  -0.0967
[12:58:03] #   39 [bench] e2e=  991.3ms  infer=  989.0ms  cap=  2.1ms
    t+0   | +0.1050  +0.0048  -0.1402  +0.2247  -0.2140  +0.2631
    t+1   | +0.0702  -0.0189  -0.1081  +0.1713  -0.1043  +0.0672
    t+2   | +0.0924  -0.0051  -0.0873  +0.1630  -0.0726  +0.1529
    t+3   | +0.1145  +0.0181  -0.0528  +0.1996  -0.0067  +0.0886
    t+4   | +0.0898  -0.0476  +0.0134  +0.1796  +0.0764  +0.0755
[12:58:04] #   40 [bench] e2e=  993.2ms  infer=  989.7ms  cap=  3.3ms
    t+0   | +0.0750  +0.1492  -0.0484  +0.3144  -0.1361  +0.9439
    t+1   | -0.0224  +0.0961  -0.0288  +0.2666  -0.1548  +0.2134
    t+2   | -0.0782  +0.0404  +0.0058  +0.2352  -0.0546  -0.1110
    t+3   | -0.1161  +0.0025  +0.0221  +0.2035  -0.0500  -0.0782
    t+4   | -0.0566  +0.0126  -0.0189  +0.2514  -0.0668  +0.0557
[12:58:05] #   41 [bench] e2e= 1015.2ms  infer= 1012.3ms  cap=  2.8ms
    t+0   | -0.0068  +0.0507  -0.0949  +0.1835  -0.0382  +0.0780
    t+1   | +0.0458  +0.1748  -0.2439  +0.2527  -0.0170  +0.0690
    t+2   | +0.0649  +0.1841  -0.3099  +0.2648  -0.0082  -0.0050
    t+3   | +0.0275  +0.1761  -0.2961  +0.2909  +0.1461  -0.0915
    t+4   | -0.0370  +0.1813  -0.3141  +0.2908  +0.1440  -0.1005
[12:58:06] #   42 [bench] e2e= 1003.8ms  infer= 1001.0ms  cap=  2.7ms
    t+0   | -0.0149  +0.0216  -0.1621  +0.2772  +0.1524  +0.0802
    t+1   | +0.0211  -0.0087  -0.1351  +0.2585  +0.0823  +0.0203
    t+2   | -0.0005  +0.0160  -0.1445  +0.2533  +0.0311  +0.0811
    t+3   | -0.0326  -0.0058  -0.1412  +0.2161  +0.0417  +0.1084
    t+4   | -0.0073  -0.0085  -0.1229  +0.2303  +0.0664  +0.0962
[12:58:07] #   43 [bench] e2e=  993.0ms  infer=  990.3ms  cap=  2.6ms
    t+0   | +0.2199  +0.0296  -0.0632  +0.2650  +0.1200  +0.1504
    t+1   | +0.1853  +0.0671  -0.0821  +0.2734  +0.1279  +0.0461
    t+2   | +0.1240  +0.0149  -0.1375  +0.2249  +0.0728  -0.0205
    t+3   | +0.1275  +0.0178  -0.1483  +0.2514  +0.0240  -0.0418
    t+4   | +0.1527  +0.0353  -0.1474  +0.2536  +0.0084  -0.1562
[12:58:08] #   44 [bench] e2e= 1000.2ms  infer=  997.9ms  cap=  2.1ms
    t+0   | +0.1363  -0.0184  -0.1149  +0.2862  +0.0730  -0.2340
    t+1   | +0.1355  +0.0131  -0.1250  +0.3036  +0.0880  -0.1555
    t+2   | +0.1655  +0.0647  -0.1444  +0.3165  +0.0793  -0.0746
    t+3   | +0.2013  +0.0608  -0.1374  +0.2847  +0.0615  +0.0026
    t+4   | +0.2010  +0.1684  -0.1327  +0.3079  +0.0647  +0.0156
[12:58:09] #   45 [bench] e2e=  995.8ms  infer=  992.9ms  cap=  2.7ms
    t+0   | +0.1743  +0.1735  -0.1745  +0.2805  +0.0289  -0.2225
    t+1   | +0.1557  +0.1363  -0.1521  +0.2638  -0.0200  -0.1411
    t+2   | +0.1128  +0.0527  -0.0968  +0.2537  +0.0057  -0.1520
    t+3   | +0.0849  +0.0024  -0.0712  +0.2395  +0.0376  -0.2294
    t+4   | +0.0753  -0.0066  -0.0656  +0.2105  +0.0484  -0.2562

  [live] after 40 bench steps — e2e mean=997.7ms  |  max replan freq=1.00 Hz  |  max control freq=5.01 Hz (n_action_steps=5)

[12:58:10] #   46 [bench] e2e=  997.9ms  infer=  995.6ms  cap=  2.2ms
    t+0   | +0.1199  -0.0478  -0.0841  +0.2036  -0.1205  -0.0406
    t+1   | +0.1117  -0.0491  -0.0963  +0.1829  -0.1391  -0.0284
    t+2   | +0.0277  -0.0465  -0.1020  +0.1598  -0.1853  -0.0542
    t+3   | -0.0153  -0.0390  -0.1305  +0.1915  -0.1872  -0.0157
    t+4   | +0.0216  -0.0246  -0.1480  +0.2040  -0.1789  +0.0275
[12:58:11] #   47 [bench] e2e=  998.9ms  infer=  995.0ms  cap=  3.7ms
    t+0   | +0.2692  -0.0254  -0.1308  +0.2844  -0.0194  +0.1782
    t+1   | +0.2204  -0.0157  -0.1617  +0.3338  -0.0078  +0.1075
    t+2   | +0.2070  +0.0195  -0.1984  +0.3438  +0.0322  -0.0386
    t+3   | +0.1906  +0.0835  -0.2366  +0.3437  +0.0283  -0.0557
    t+4   | +0.1543  +0.0764  -0.1947  +0.3238  +0.0369  -0.1356
[12:58:12] #   48 [bench] e2e=  993.9ms  infer=  990.7ms  cap=  3.0ms
    t+0   | +0.1989  -0.1153  +0.0684  +0.2043  +0.2242  +0.0372
    t+1   | +0.1648  -0.1250  +0.0804  +0.1747  +0.1450  +0.0259
    t+2   | +0.0895  -0.1205  +0.0498  +0.1633  +0.0729  +0.0278
    t+3   | +0.0160  -0.0709  +0.0400  +0.1953  +0.0152  +0.0071
    t+4   | +0.0118  -0.1232  +0.0375  +0.1563  -0.0317  +0.0084
[12:58:13] #   49 [bench] e2e=  994.7ms  infer=  992.4ms  cap=  2.2ms
    t+0   | +0.0205  -0.0010  -0.1411  +0.2175  +0.1027  +0.0451
    t+1   | -0.0152  -0.0843  -0.1098  +0.1874  +0.1590  -0.0419
    t+2   | +0.0276  -0.1275  -0.0996  +0.2437  +0.1435  -0.0597
    t+3   | +0.0847  -0.1363  -0.0993  +0.2478  +0.1593  -0.0353
    t+4   | +0.1109  -0.0866  -0.0977  +0.2486  +0.1331  -0.0682
[12:58:14] #   50 [bench] e2e= 1000.1ms  infer=  997.0ms  cap=  2.9ms
    t+0   | +0.1831  +0.0389  -0.1326  +0.2918  +0.0017  -0.0827
    t+1   | +0.1307  +0.0956  -0.1480  +0.2882  +0.0002  +0.1060
    t+2   | +0.0988  +0.1328  -0.1453  +0.2884  -0.0569  +0.3377
    t+3   | +0.0678  +0.1278  -0.1598  +0.2555  -0.0824  +0.3166
    t+4   | +0.0595  +0.0681  -0.1513  +0.2423  -0.0794  -0.0192
[12:58:15] #   51 [bench] e2e= 1000.8ms  infer=  998.3ms  cap=  2.3ms
    t+0   | +0.0380  +0.1110  -0.2616  +0.2767  -0.0568  -0.3899
    t+1   | +0.0374  +0.1176  -0.2849  +0.2763  -0.1174  -0.2494
    t+2   | +0.0313  +0.0853  -0.2309  +0.2260  -0.0882  -0.3159
    t+3   | +0.0450  +0.0453  -0.2089  +0.2241  -0.0408  -0.3023
    t+4   | +0.0767  +0.0546  -0.1866  +0.2623  -0.0102  -0.2812
[12:58:16] #   52 [bench] e2e=  998.2ms  infer=  995.6ms  cap=  2.5ms
    t+0   | +0.0236  +0.0300  -0.2717  +0.3511  -0.0455  -0.1030
    t+1   | -0.0050  +0.0238  -0.1981  +0.2961  -0.1381  +0.0544
    t+2   | -0.0070  -0.0224  -0.1092  +0.2503  -0.1510  +0.0744
    t+3   | -0.0798  -0.0788  -0.0534  +0.2030  -0.1478  +0.1896
    t+4   | -0.0757  -0.0729  -0.0195  +0.1860  -0.1226  +0.2428
[12:58:17] #   53 [bench] e2e=  993.9ms  infer=  991.4ms  cap=  2.4ms
    t+0   | +0.1650  +0.0504  -0.1815  +0.2714  +0.0248  +0.0898
    t+1   | +0.0502  +0.0534  -0.2283  +0.2341  -0.0801  +0.0814
    t+2   | +0.0453  +0.0384  -0.2119  +0.2365  -0.1219  +0.0617
    t+3   | +0.0341  +0.0298  -0.1739  +0.2772  -0.1884  +0.1913
    t+4   | +0.0842  +0.0299  -0.1672  +0.2634  -0.1784  +0.1223
[12:58:18] #   54 [bench] e2e= 1002.3ms  infer=  999.3ms  cap=  2.8ms
    t+0   | -0.1162  -0.0370  -0.1015  +0.2397  +0.0411  -0.2498
    t+1   | -0.1048  -0.1086  -0.0737  +0.2158  +0.0308  -0.2264
    t+2   | -0.0693  -0.0510  -0.1066  +0.2222  +0.1049  -0.1819
    t+3   | +0.0134  +0.0212  -0.1605  +0.2560  +0.0853  +0.0384
    t+4   | +0.0482  +0.0062  -0.1735  +0.2734  +0.2314  -0.0033
[12:58:19] #   55 [bench] e2e=  996.6ms  infer=  993.7ms  cap=  2.7ms
    t+0   | +0.1022  -0.0878  -0.0350  +0.2070  +0.0214  -0.1038
    t+1   | +0.0676  -0.0207  -0.1162  +0.2172  -0.0596  +0.0168
    t+2   | -0.0101  +0.0412  -0.1765  +0.1973  -0.1212  +0.0526
    t+3   | +0.0002  +0.0604  -0.1496  +0.2098  -0.1098  +0.0308
    t+4   | -0.0390  +0.1184  -0.1948  +0.2180  -0.1934  +0.4249
[12:58:20] #   56 [bench] e2e=  997.1ms  infer=  994.4ms  cap=  2.5ms
    t+0   | +0.0418  -0.0858  +0.0795  +0.1446  +0.1247  -0.0281
    t+1   | -0.0236  -0.1107  +0.0726  +0.1042  +0.0899  -0.0643
    t+2   | -0.0416  -0.1025  -0.0190  +0.1169  +0.0006  -0.1111
    t+3   | -0.0362  -0.0434  -0.0732  +0.1511  -0.0604  -0.0874
    t+4   | -0.0491  -0.0709  -0.0610  +0.0987  -0.0796  -0.1414
[12:58:21] #   57 [bench] e2e=  994.9ms  infer=  991.5ms  cap=  3.2ms
    t+0   | +0.2393  +0.0469  -0.1438  +0.3093  -0.1528  +0.5766
    t+1   | +0.1730  +0.0467  -0.1080  +0.3010  -0.1491  +0.6563
    t+2   | +0.1231  +0.0268  -0.1389  +0.2809  -0.1055  +0.6178
    t+3   | +0.1159  +0.0169  -0.1451  +0.3252  -0.1396  +0.7771
    t+4   | +0.1175  +0.0547  -0.1747  +0.3312  -0.1296  +0.7210
[12:58:22] #   58 [bench] e2e= 1000.8ms  infer=  997.6ms  cap=  3.0ms
    t+0   | +0.0957  +0.1449  -0.2286  +0.2949  +0.0053  -0.0431
    t+1   | +0.1053  +0.1359  -0.2310  +0.2840  +0.0037  -0.0118
    t+2   | +0.0961  +0.0433  -0.1766  +0.2515  +0.0131  -0.0280
    t+3   | +0.0661  -0.0258  -0.1312  +0.2282  +0.0046  -0.0761
    t+4   | +0.0670  +0.0067  -0.1299  +0.2631  +0.0138  -0.0949
[12:58:23] #   59 [bench] e2e=  999.4ms  infer=  995.6ms  cap=  3.6ms
    t+0   | +0.0492  +0.1706  -0.2301  +0.3419  +0.0494  +0.3153
    t+1   | -0.0303  +0.1257  -0.1902  +0.3133  -0.0063  +0.2132
    t+2   | -0.0851  +0.0592  -0.1652  +0.2661  +0.0124  +0.0617
    t+3   | -0.0203  +0.0425  -0.1381  +0.2611  -0.0066  +0.0017
    t+4   | +0.0586  +0.0553  -0.1805  +0.2827  -0.0093  +0.0210
[12:58:24] #   60 [bench] e2e=  999.9ms  infer=  997.3ms  cap=  2.5ms
    t+0   | +0.1453  +0.1296  -0.2303  +0.2938  +0.0408  +0.0758
    t+1   | +0.1547  +0.1838  -0.2617  +0.2709  -0.0020  +0.1256
    t+2   | +0.1247  +0.2235  -0.2708  +0.2509  -0.0144  +0.1254
    t+3   | +0.0916  +0.2634  -0.2819  +0.2313  -0.0172  +0.0657
    t+4   | +0.0819  +0.3051  -0.2796  +0.2296  -0.0067  +0.0440

============================================================
  SmolVLA-base inference benchmark — final report
  model  : rlodhi/smolvla_screw_picking_5000
  device : cuda
  num_steps: 10
  task   : pick up the object and place it in the box
============================================================
  wall time      : 60.5s
  warmup steps   : 5
  benchmark steps: 55

  capture + preprocess:
    n      = 55
    mean   = 2.64 ms
    median = 2.62 ms
    std    = 0.42 ms
    min    = 2.11 ms
    p90    = 3.16 ms
    p95    = 3.39 ms
    p99    = 3.84 ms
    max    = 4.04 ms

  batch construction:
    n      = 55
    mean   = 0.16 ms
    median = 0.16 ms
    std    = 0.02 ms
    min    = 0.15 ms
    p90    = 0.18 ms
    p95    = 0.19 ms
    p99    = 0.23 ms
    max    = 0.25 ms

  model forward (select_action):
    n      = 55
    mean   = 994.96 ms
    median = 994.27 ms
    std    = 4.87 ms
    min    = 987.90 ms
    p90    = 998.89 ms
    p95    = 1004.02 ms
    p99    = 1011.28 ms
    max    = 1012.28 ms

  end-to-end (capture → action):
    n      = 55
    mean   = 997.77 ms
    median = 997.05 ms
    std    = 4.90 ms
    min    = 991.33 ms
    p90    = 1001.74 ms
    p95    = 1006.74 ms
    p99    = 1014.29 ms
    max    = 1015.22 ms

  chunk_size     : 5
  n_action_steps : 5

  >> max replan frequency : 1.002 Hz  (1 / e2e latency)
  >> max control frequency: 5.011 Hz  (replan_hz × n_action_steps)
============================================================
