You have video processor config saved in `preprocessor.json` file which is deprecated. Video processor configs should be saved in their own `video_preprocessor.json` file. You can rename the file or load and save the processor back which renames it automatically. Loading from `preprocessor.json` will be removed in v5.0.
[13:03:42] Device: cuda
[13:03:42] Loading 'rlodhi/smolvla_screw_picking_5000' …
Reducing the number of VLM layers to 16 ...
[13:04:14] Policy ready on cuda (fp16)
[13:04:14] chunk_size=10, n_action_steps=10, num_steps=10
[13:04:14] resize_imgs=(512, 512)
[13:04:14] Image keys : ['observation.images.base', 'observation.images.wrist']
[13:04:14] Action dim : 6
[13:04:14] Task       : 'pick up the object and place it in the box'
[13:04:15] Camera /dev/video2 opened at 424×240
[13:04:15] SW resize   : 424×240 → 320×240

[13:04:15] Warming up for 5 steps, then benchmarking for 60s …

[13:04:16] #    1 [warm ] e2e= 1598.3ms  infer= 1579.8ms  cap= 13.8ms
    t+0   | +0.2511  +0.2458  -0.1024  +0.3442  +0.5047  +0.0902
    t+1   | +0.1699  +0.2559  -0.1105  +0.3244  +0.3735  +0.1312
    t+2   | +0.1223  +0.2145  -0.1068  +0.2937  +0.2586  +0.1730
    t+3   | +0.0724  +0.1653  -0.1281  +0.2590  +0.2205  +0.0094
    t+4   | +0.0707  +0.2075  -0.1534  +0.2862  +0.2946  -0.0102
    t+5   | +0.1355  +0.2100  -0.1723  +0.3132  +0.3101  +0.0447
    t+6   | +0.1266  +0.1861  -0.1622  +0.3134  +0.3279  +0.0801
    t+7   | +0.1384  +0.1863  -0.1254  +0.3362  +0.3669  +0.0937
    t+8   | +0.1072  +0.2252  -0.1407  +0.3456  +0.3098  +0.1359
    t+9   | +0.1209  +0.2501  -0.1625  +0.3573  +0.2621  +0.1655
[13:04:17] #    2 [warm ] e2e=  984.1ms  infer=  981.2ms  cap=  2.8ms
    t+0   | +0.4360  +0.1671  -0.2851  +0.4933  +0.1577  -0.2598
    t+1   | +0.2618  +0.1879  -0.3763  +0.5478  +0.3718  -0.0621
    t+2   | +0.3056  +0.2056  -0.4509  +0.5671  +0.2820  -0.1614
    t+3   | +0.3027  +0.2910  -0.4902  +0.5699  +0.2900  -0.1085
    t+4   | +0.3193  +0.3444  -0.4733  +0.5853  +0.2124  -0.1276
    t+5   | +0.2798  +0.3731  -0.4727  +0.5887  +0.2316  -0.0719
    t+6   | +0.2490  +0.3987  -0.5227  +0.5948  +0.2570  -0.0561
    t+7   | +0.2963  +0.3681  -0.4840  +0.5863  +0.2490  -0.0270
    t+8   | +0.2635  +0.3818  -0.4607  +0.5602  +0.2221  +0.0041
    t+9   | +0.2704  +0.3795  -0.4543  +0.5378  +0.1893  +0.0926
[13:04:18] #    3 [warm ] e2e=  993.9ms  infer=  992.2ms  cap=  1.5ms
    t+0   | +0.2511  +0.0814  -0.3409  +0.4428  +0.1392  -0.0175
    t+1   | +0.2463  +0.0975  -0.3228  +0.4290  +0.1205  -0.1239
    t+2   | +0.2287  +0.1059  -0.1942  +0.3441  +0.1845  -0.6143
    t+3   | +0.1824  +0.1382  -0.1735  +0.3323  +0.2355  -0.5325
    t+4   | +0.1727  +0.1315  -0.1885  +0.3288  +0.2504  -0.4673
    t+5   | +0.2185  +0.1562  -0.1777  +0.3387  +0.3012  -0.3309
    t+6   | +0.2808  +0.1707  -0.1872  +0.3350  +0.3026  -0.2410
    t+7   | +0.3084  +0.1521  -0.1553  +0.3184  +0.3013  -0.3149
    t+8   | +0.2619  +0.1414  -0.1388  +0.3458  +0.2722  -0.4239
    t+9   | +0.2513  +0.1618  -0.1814  +0.3559  +0.2506  -0.4633
[13:04:19] #    4 [warm ] e2e=  972.2ms  infer=  969.2ms  cap=  2.9ms
    t+0   | +0.2997  +0.1375  -0.0481  +0.2808  +0.4604  +0.0823
    t+1   | +0.3572  +0.1273  +0.0037  +0.2804  +0.5922  +0.0863
    t+2   | +0.2998  +0.0991  -0.0511  +0.3138  +0.6250  +0.1608
    t+3   | +0.2895  +0.0647  -0.0357  +0.3103  +0.6021  +0.1521
    t+4   | +0.3166  +0.0670  +0.0264  +0.3093  +0.6309  +0.0871
    t+5   | +0.3108  +0.0379  +0.0304  +0.2821  +0.5857  +0.0575
    t+6   | +0.2238  -0.0432  +0.0849  +0.2879  +0.6051  +0.2650
    t+7   | +0.1618  -0.0708  +0.1008  +0.2932  +0.5871  +0.2322
    t+8   | +0.1812  -0.0601  +0.0853  +0.2954  +0.5277  +0.3432
    t+9   | +0.1746  -0.0262  +0.1027  +0.3106  +0.6047  +0.2778
[13:04:20] #    5 [warm ] e2e=  990.9ms  infer=  987.4ms  cap=  3.3ms
    t+0   | +0.0051  -0.0785  +0.0996  +0.2219  +0.2295  +0.5353
    t+1   | -0.0168  -0.0519  +0.0154  +0.2384  +0.2543  +0.3035
    t+2   | -0.0402  +0.0189  -0.0429  +0.2604  +0.3350  +0.1554
    t+3   | -0.0628  +0.0256  -0.0338  +0.2804  +0.3538  +0.3125
    t+4   | -0.1356  -0.0356  +0.0836  +0.2740  +0.4890  +0.4471
    t+5   | -0.1637  -0.0133  +0.0902  +0.2776  +0.5332  +0.5615
    t+6   | -0.1288  +0.0209  +0.0744  +0.2810  +0.5397  +0.4535
    t+7   | -0.1711  +0.0199  +0.0704  +0.2775  +0.5647  +0.4206
    t+8   | -0.1800  +0.0705  +0.0126  +0.3186  +0.5331  +0.3189
    t+9   | -0.1518  +0.0682  -0.0276  +0.3566  +0.5438  +0.2445
[13:04:21] #    6 [bench] e2e=  974.2ms  infer=  971.9ms  cap=  2.2ms
    t+0   | +0.1623  +0.0372  -0.2367  +0.3010  +0.0614  +0.0745
    t+1   | +0.1214  +0.0439  -0.2422  +0.2612  -0.0118  +0.0895
    t+2   | -0.0031  +0.0318  -0.2236  +0.1868  -0.1355  +0.1615
    t+3   | +0.0019  -0.0061  -0.2253  +0.1717  -0.1259  +0.1286
    t+4   | +0.0559  -0.0015  -0.2298  +0.2549  -0.1302  +0.1222
    t+5   | +0.0702  -0.0120  -0.1679  +0.2558  -0.1291  +0.0322
    t+6   | +0.0556  -0.0004  -0.1676  +0.2588  -0.1471  +0.0577
    t+7   | +0.0667  +0.0441  -0.1877  +0.2815  -0.1472  +0.0747
    t+8   | +0.0787  +0.0870  -0.2067  +0.3021  -0.1597  +0.1754
    t+9   | +0.0545  +0.0502  -0.2202  +0.2729  -0.2155  +0.1515
[13:04:22] #    7 [bench] e2e=  989.0ms  infer=  986.4ms  cap=  2.4ms
    t+0   | -0.1816  -0.1616  +0.0436  +0.0869  -0.0219  -0.1782
    t+1   | -0.2424  -0.1195  +0.0173  +0.0886  -0.1243  -0.2134
    t+2   | -0.2530  -0.0522  -0.0332  +0.1557  -0.0534  -0.2796
    t+3   | -0.2109  +0.0037  -0.1402  +0.1949  -0.0050  -0.2692
    t+4   | -0.1593  +0.0189  -0.1688  +0.2061  +0.0245  -0.2582
    t+5   | -0.1658  -0.0108  -0.1446  +0.1534  -0.0364  -0.3053
    t+6   | -0.1548  -0.0289  -0.1060  +0.1461  -0.0526  -0.3076
    t+7   | -0.1622  +0.0030  -0.0946  +0.1560  -0.0806  -0.2829
    t+8   | -0.1637  +0.0137  -0.1085  +0.1544  -0.0699  -0.2172
    t+9   | -0.1250  +0.0570  -0.1204  +0.1652  -0.0852  -0.2427
[13:04:23] #    8 [bench] e2e=  972.6ms  infer=  970.3ms  cap=  2.2ms
    t+0   | +0.2662  +0.1953  -0.2712  +0.3580  -0.0272  +0.5223
    t+1   | +0.1667  +0.1279  -0.2187  +0.2844  +0.0653  +0.1172
    t+2   | +0.0947  +0.0751  -0.1687  +0.2555  +0.0714  -0.1220
    t+3   | +0.0133  +0.0516  -0.1275  +0.2105  +0.0380  -0.1186
    t+4   | +0.0191  +0.0833  -0.1554  +0.2233  -0.0172  -0.0124
    t+5   | +0.0331  +0.0617  -0.1462  +0.2146  -0.0385  -0.0139
    t+6   | +0.0418  +0.0543  -0.1354  +0.2435  -0.0718  -0.0055
    t+7   | -0.0142  +0.0303  -0.1232  +0.2548  -0.0949  +0.1361
    t+8   | -0.0906  +0.0358  -0.1631  +0.2725  -0.1913  +0.1501
    t+9   | -0.1321  +0.0976  -0.1554  +0.3106  -0.3155  +0.2178
[13:04:24] #    9 [bench] e2e=  989.7ms  infer=  987.4ms  cap=  2.2ms
    t+0   | +0.1530  -0.0455  -0.0829  +0.2383  +0.0290  -0.2017
    t+1   | +0.0786  -0.0854  -0.0814  +0.2655  +0.0236  -0.1853
    t+2   | +0.0598  -0.0564  -0.0852  +0.2980  +0.1037  +0.0410
    t+3   | +0.0839  +0.0065  -0.1044  +0.2894  +0.1605  +0.0939
    t+4   | +0.1305  +0.0363  -0.1182  +0.3068  +0.1456  +0.0646
    t+5   | +0.1490  +0.0409  -0.1087  +0.2672  +0.1433  +0.0448
    t+6   | +0.1059  +0.0229  -0.1015  +0.2533  +0.1595  -0.0282
    t+7   | +0.0818  -0.0000  -0.0698  +0.2264  +0.1632  -0.5151
    t+8   | +0.1024  +0.0205  -0.0750  +0.2276  +0.1447  -0.4048
    t+9   | +0.1064  +0.0129  -0.0882  +0.2433  +0.1408  -0.4708
[13:04:25] #   10 [bench] e2e=  982.7ms  infer=  979.0ms  cap=  3.5ms
    t+0   | +0.0154  -0.1566  +0.0912  +0.1003  +0.1839  -0.5758
    t+1   | -0.0038  -0.1720  +0.0802  +0.1046  +0.0631  -0.5221
    t+2   | +0.0648  -0.1141  -0.0321  +0.1415  -0.0488  -0.3849
    t+3   | +0.0883  -0.1107  +0.0027  +0.1387  -0.0428  -0.2715
    t+4   | +0.1506  -0.0924  +0.0120  +0.1231  +0.0144  -0.1266
    t+5   | +0.1646  -0.0498  -0.0128  +0.1443  -0.0179  -0.0523
    t+6   | +0.1431  -0.0098  -0.0511  +0.1780  -0.0199  -0.0444
    t+7   | +0.1608  +0.0023  -0.0444  +0.1523  -0.0409  +0.0406
    t+8   | +0.1300  +0.0586  -0.0433  +0.1954  -0.0443  +0.0714
    t+9   | +0.0443  +0.0940  -0.0950  +0.1945  -0.0516  +0.0683
[13:04:26] #   11 [bench] e2e=  993.0ms  infer=  990.6ms  cap=  2.2ms
    t+0   | +0.2021  +0.0796  -0.1585  +0.2531  +0.0193  -0.1049
    t+1   | +0.2132  +0.1128  -0.1805  +0.2590  +0.0669  -0.0080
    t+2   | +0.2102  +0.1023  -0.1650  +0.2257  +0.0979  -0.0230
    t+3   | +0.2249  +0.1204  -0.1626  +0.2185  +0.0915  -0.0096
    t+4   | +0.2470  +0.1309  -0.1985  +0.2220  +0.0539  +0.0068
    t+5   | +0.2123  +0.1300  -0.2066  +0.2023  +0.0332  +0.0011
    t+6   | +0.2021  +0.0755  -0.1758  +0.1752  +0.0263  +0.0107
    t+7   | +0.1804  +0.0667  -0.1309  +0.1359  +0.0372  -0.0861
    t+8   | +0.1671  +0.0854  -0.1145  +0.1524  +0.0557  -0.0899
    t+9   | +0.1677  +0.1083  -0.1336  +0.1635  +0.0585  -0.0789
[13:04:27] #   12 [bench] e2e=  997.6ms  infer=  995.2ms  cap=  2.3ms
    t+0   | +0.1306  -0.0539  -0.0509  +0.1930  +0.0158  +0.1146
    t+1   | +0.1214  -0.0528  -0.0578  +0.1659  +0.0414  -0.1644
    t+2   | +0.1025  -0.0793  -0.0360  +0.1692  +0.0069  -0.1546
    t+3   | +0.0453  -0.1369  -0.0032  +0.1766  -0.0142  -0.1558
    t+4   | +0.0107  -0.1402  +0.0330  +0.2144  -0.0222  -0.1107
    t+5   | -0.0045  -0.1343  -0.0045  +0.1972  +0.0059  -0.1227
    t+6   | -0.0169  -0.0836  -0.0344  +0.1785  +0.0070  -0.1980
    t+7   | +0.0075  -0.0679  -0.0380  +0.2076  +0.0131  -0.3022
    t+8   | -0.0274  -0.0849  -0.0524  +0.1605  +0.0300  -0.5551
    t+9   | -0.0354  -0.0747  -0.0485  +0.1290  +0.0333  -0.6187
[13:04:28] #   13 [bench] e2e=  996.5ms  infer=  993.3ms  cap=  3.0ms
    t+0   | +0.2042  +0.1098  -0.2636  +0.3386  -0.0687  +0.3340
    t+1   | +0.1973  +0.0869  -0.1968  +0.3161  +0.0579  +0.1552
    t+2   | +0.2030  +0.0825  -0.1512  +0.3143  +0.0331  +0.1282
    t+3   | +0.1728  +0.0773  -0.1042  +0.3185  +0.1209  +0.2601
    t+4   | +0.1722  +0.0812  -0.0934  +0.2979  +0.1243  +0.3226
    t+5   | +0.1480  +0.0704  -0.1465  +0.2758  +0.0330  +0.3563
    t+6   | +0.1168  +0.1336  -0.2391  +0.3347  -0.1085  +0.3976
    t+7   | +0.1514  +0.1719  -0.2615  +0.3649  -0.1206  +0.3578
    t+8   | +0.1449  +0.1417  -0.2578  +0.3161  -0.1017  +0.2604
    t+9   | +0.1873  +0.1746  -0.2748  +0.3213  -0.1503  +0.0449
[13:04:29] #   14 [bench] e2e=  995.9ms  infer=  992.8ms  cap=  2.9ms
    t+0   | +0.1874  +0.0198  -0.0609  +0.2200  +0.1584  -0.4802
    t+1   | +0.1342  +0.0072  -0.0932  +0.2190  +0.0687  -0.3046
    t+2   | +0.0660  -0.0040  -0.1309  +0.1975  -0.0417  +0.1812
    t+3   | +0.0844  +0.0138  -0.1249  +0.1959  -0.0370  +0.1379
    t+4   | +0.1075  +0.0632  -0.1633  +0.2247  -0.0070  +0.1479
    t+5   | +0.1255  +0.0333  -0.1469  +0.2448  +0.0374  +0.1160
    t+6   | +0.1162  +0.0255  -0.0843  +0.2228  +0.0731  +0.0629
    t+7   | +0.1228  +0.0228  -0.0841  +0.2097  +0.0804  +0.0803
    t+8   | +0.1482  +0.0176  -0.1275  +0.2110  +0.0985  +0.1101
    t+9   | +0.1716  +0.0350  -0.1126  +0.1799  +0.0824  +0.1336
[13:04:30] #   15 [bench] e2e=  992.9ms  infer=  989.8ms  cap=  3.0ms
    t+0   | +0.0781  +0.0036  -0.0396  +0.2104  +0.0203  -0.1004
    t+1   | +0.0679  +0.0149  -0.0594  +0.2060  +0.0608  -0.1850
    t+2   | +0.1111  +0.0420  -0.1436  +0.2341  +0.1160  -0.2422
    t+3   | +0.1911  +0.0965  -0.1766  +0.2792  +0.1058  -0.1848
    t+4   | +0.2361  +0.0884  -0.1764  +0.2645  +0.1310  -0.1278
    t+5   | +0.2459  +0.1002  -0.1898  +0.2596  +0.1172  -0.0749
    t+6   | +0.2656  +0.1099  -0.1579  +0.2752  +0.1666  -0.0547
    t+7   | +0.2578  +0.1054  -0.1556  +0.2568  +0.1512  -0.1226
    t+8   | +0.2356  +0.0741  -0.1494  +0.2509  +0.1297  -0.1552
    t+9   | +0.2056  +0.0586  -0.1637  +0.2249  +0.1197  -0.1699
[13:04:31] #   16 [bench] e2e=  997.7ms  infer=  994.6ms  cap=  2.9ms
    t+0   | +0.0648  -0.0433  -0.1056  +0.2627  -0.1260  -0.3857
    t+1   | +0.0192  -0.0082  -0.1397  +0.3171  -0.1073  -0.1764
    t+2   | +0.0168  -0.0270  -0.1079  +0.2588  -0.0445  -0.1748
    t+3   | +0.0227  -0.0740  -0.0612  +0.2243  -0.0375  +0.0971
    t+4   | +0.0720  -0.0716  -0.0605  +0.2428  -0.0158  +0.1072
    t+5   | +0.0988  -0.0343  -0.1004  +0.2607  +0.0374  +0.0711
    t+6   | +0.0865  -0.0442  -0.1193  +0.2796  +0.0523  -0.0522
    t+7   | +0.0838  -0.0970  -0.1226  +0.2012  +0.0289  -0.1142
    t+8   | +0.0743  -0.1006  -0.1077  +0.2081  +0.0212  -0.1168
    t+9   | +0.0929  -0.0560  -0.1338  +0.2342  +0.0197  -0.0427
[13:04:32] #   17 [bench] e2e=  983.7ms  infer=  980.4ms  cap=  3.2ms
    t+0   | +0.1455  +0.1025  -0.1911  +0.3680  +0.4025  +0.1182
    t+1   | +0.0454  +0.0236  -0.0904  +0.2806  +0.3894  -0.4801
    t+2   | +0.0274  -0.0073  -0.0320  +0.2235  +0.2749  -0.3159
    t+3   | +0.0275  -0.0130  -0.0156  +0.2001  +0.2714  -0.3320
    t+4   | +0.0561  -0.0461  -0.0222  +0.1673  +0.2023  -0.2364
    t+5   | +0.0494  -0.0149  -0.0354  +0.1903  +0.2537  -0.2428
    t+6   | +0.0675  -0.0247  -0.0239  +0.1988  +0.2622  -0.2415
    t+7   | +0.0512  -0.0577  -0.0426  +0.1858  +0.2367  -0.1884
    t+8   | +0.0292  -0.0341  -0.0490  +0.2204  +0.2535  -0.2044
    t+9   | +0.0545  -0.0164  -0.0518  +0.2291  +0.2307  -0.0647
[13:04:33] #   18 [bench] e2e=  998.7ms  infer=  995.0ms  cap=  3.4ms
    t+0   | -0.0648  -0.1600  -0.0122  +0.1149  -0.0530  -0.3519
    t+1   | -0.0082  -0.0203  -0.1953  +0.2135  +0.0141  -0.3479
    t+2   | +0.0834  +0.0074  -0.1821  +0.2356  +0.0030  -0.2862
    t+3   | +0.0926  +0.0235  -0.1847  +0.2181  -0.0035  -0.2485
    t+4   | +0.1026  +0.0277  -0.1968  +0.1914  +0.0058  -0.1957
    t+5   | +0.1071  +0.0421  -0.2092  +0.2069  -0.0106  -0.1767
    t+6   | +0.1399  +0.0408  -0.1870  +0.2036  +0.0143  -0.1008
    t+7   | +0.1535  +0.0381  -0.1879  +0.2186  +0.0102  -0.1763
    t+8   | +0.1535  +0.0281  -0.1994  +0.2079  -0.0124  -0.1743
    t+9   | +0.1577  +0.0510  -0.2123  +0.2254  +0.0007  -0.1744
[13:04:34] #   19 [bench] e2e=  981.4ms  infer=  978.2ms  cap=  3.0ms
    t+0   | +0.1441  -0.1441  +0.0431  +0.2012  +0.0483  -0.2293
    t+1   | +0.0719  -0.1627  +0.0809  +0.1791  +0.0709  -0.3314
    t+2   | +0.0108  -0.0969  +0.0733  +0.1589  +0.1258  -0.2407
    t+3   | -0.0186  -0.0591  +0.0621  +0.1876  +0.0026  +0.0911
    t+4   | +0.0056  -0.0133  +0.0312  +0.2404  +0.0265  -0.0551
    t+5   | -0.0139  -0.0186  +0.0282  +0.2387  +0.0180  -0.0490
    t+6   | -0.0078  -0.0518  +0.0404  +0.2031  +0.0024  +0.0594
    t+7   | -0.0048  -0.0196  +0.0597  +0.2111  -0.0064  +0.0212
    t+8   | +0.0188  -0.0282  +0.0403  +0.1913  +0.0064  -0.0332
    t+9   | +0.0446  +0.0026  +0.0198  +0.2213  -0.0366  -0.0357
[13:04:35] #   20 [bench] e2e=  996.2ms  infer=  992.8ms  cap=  3.2ms
    t+0   | +0.1522  +0.0021  -0.1360  +0.2262  -0.0604  -0.1669
    t+1   | +0.1037  -0.0025  -0.1449  +0.2222  -0.1046  -0.1329
    t+2   | +0.1076  +0.0040  -0.1428  +0.2853  -0.0365  -0.0056
    t+3   | +0.1217  +0.0482  -0.1529  +0.3111  +0.0346  +0.2203
    t+4   | +0.1545  +0.0515  -0.1351  +0.3189  +0.1369  +0.2467
    t+5   | +0.1912  +0.0610  -0.1288  +0.2850  +0.1217  +0.2559
    t+6   | +0.1816  +0.0976  -0.0729  +0.3402  +0.4284  +0.2429
    t+7   | +0.2165  +0.1070  -0.0331  +0.3518  +0.5477  +0.2846
    t+8   | +0.2197  +0.1491  -0.0392  +0.3265  +0.5341  +0.2827
    t+9   | +0.2107  +0.1895  -0.0640  +0.3313  +0.6851  +0.2003
[13:04:36] #   21 [bench] e2e=  978.3ms  infer=  975.0ms  cap=  3.1ms
    t+0   | +0.1202  -0.1384  -0.0140  +0.2670  +0.1382  -0.0158
    t+1   | +0.0886  -0.1389  -0.0193  +0.2724  +0.1282  -0.0183
    t+2   | +0.0860  -0.1713  +0.0012  +0.2876  +0.1257  +0.0677
    t+3   | +0.0572  -0.1873  +0.0012  +0.2503  +0.0702  -0.0135
    t+4   | +0.0350  -0.1433  -0.0017  +0.2391  -0.0067  -0.0105
    t+5   | +0.0322  -0.1153  -0.0497  +0.2326  -0.0581  -0.0506
    t+6   | +0.0021  -0.1163  -0.0706  +0.2435  -0.0843  -0.0879
    t+7   | +0.0022  -0.1154  -0.0397  +0.2793  -0.0410  -0.1365
    t+8   | -0.0506  -0.1185  -0.0997  +0.2834  +0.0347  -0.1666
    t+9   | -0.0558  -0.0664  -0.1014  +0.3060  +0.0932  -0.1633
[13:04:37] #   22 [bench] e2e=  974.4ms  infer=  971.2ms  cap=  3.0ms
    t+0   | +0.1177  -0.0030  -0.1069  +0.2483  +0.1053  -0.0576
    t+1   | +0.1584  +0.1065  -0.1818  +0.2705  +0.1667  +0.0019
    t+2   | +0.1841  +0.0988  -0.1831  +0.2552  +0.0459  -0.0117
    t+3   | +0.1557  +0.0797  -0.1516  +0.2429  -0.0496  -0.0745
    t+4   | +0.1271  +0.0630  -0.1257  +0.2459  -0.0963  -0.0877
    t+5   | +0.1441  +0.0677  -0.1333  +0.2367  -0.0899  -0.0319
    t+6   | +0.1245  +0.0101  -0.0802  +0.1636  -0.0931  -0.0619
    t+7   | +0.0996  -0.0205  -0.0700  +0.1480  -0.1080  -0.1051
    t+8   | +0.0815  -0.0020  -0.0421  +0.1388  -0.1467  -0.1654
    t+9   | +0.0491  +0.0309  -0.0827  +0.1486  -0.1658  -0.1712
[13:04:38] #   23 [bench] e2e=  987.8ms  infer=  984.4ms  cap=  3.2ms
    t+0   | +0.0127  +0.0026  -0.0540  +0.1686  +0.0869  -0.3200
    t+1   | +0.0102  +0.0174  -0.0765  +0.1760  +0.0749  -0.2004
    t+2   | +0.0524  +0.0030  -0.0883  +0.1680  +0.0410  -0.0351
    t+3   | +0.0876  -0.0115  -0.0762  +0.1234  +0.0334  -0.1019
    t+4   | +0.0700  -0.0804  -0.0158  +0.1180  -0.0197  -0.2155
    t+5   | +0.0560  -0.0585  -0.0088  +0.1309  -0.0409  -0.2154
    t+6   | +0.0618  -0.0625  -0.0133  +0.1218  -0.1110  -0.1003
    t+7   | +0.0291  -0.0533  -0.0520  +0.1272  -0.1180  -0.0579
    t+8   | +0.0562  -0.0224  -0.0599  +0.1393  -0.1245  -0.0573
    t+9   | +0.0637  +0.0293  -0.0743  +0.1527  -0.0732  -0.0864
[13:04:39] #   24 [bench] e2e=  992.7ms  infer=  990.3ms  cap=  2.2ms
    t+0   | +0.0584  -0.0390  -0.0519  +0.1357  -0.0127  -0.7347
    t+1   | +0.0510  -0.0688  -0.0623  +0.1169  -0.0057  -0.7551
    t+2   | +0.0047  -0.1273  -0.0613  +0.1134  +0.0256  -0.7003
    t+3   | -0.0011  -0.0919  -0.0847  +0.1278  +0.0650  -0.6945
    t+4   | +0.0240  -0.0223  -0.1637  +0.1617  +0.1989  -0.5207
    t+5   | +0.0873  +0.0571  -0.2969  +0.2295  +0.1855  -0.1949
    t+6   | +0.0638  +0.0560  -0.2961  +0.2352  +0.1274  +0.3310
    t+7   | +0.0999  +0.0568  -0.2629  +0.2594  +0.1227  +0.0998
    t+8   | +0.1145  +0.0530  -0.3257  +0.2965  +0.0914  +0.0983
    t+9   | +0.1034  +0.0812  -0.3242  +0.2786  +0.0816  +0.0279
[13:04:40] #   25 [bench] e2e=  974.5ms  infer=  971.6ms  cap=  2.7ms
    t+0   | -0.0029  -0.0770  -0.0927  +0.2643  +0.1501  +0.2255
    t+1   | +0.0076  -0.0774  -0.0951  +0.2243  +0.2473  +0.0602
    t+2   | +0.0391  -0.0905  -0.0653  +0.2151  +0.2700  -0.0360
    t+3   | +0.0616  -0.1316  -0.0261  +0.2024  +0.2416  -0.1157
    t+4   | +0.0399  -0.1109  -0.0137  +0.2087  +0.1045  -0.0891
    t+5   | +0.0562  -0.0650  -0.0291  +0.2316  +0.0631  -0.0720
    t+6   | +0.0975  -0.0456  -0.0664  +0.2311  +0.0612  -0.0228
    t+7   | +0.1088  -0.0493  -0.0921  +0.2296  +0.0919  -0.0471
    t+8   | +0.0883  -0.0245  -0.1092  +0.2425  +0.0556  -0.0157
    t+9   | +0.0546  -0.0348  -0.1258  +0.2397  +0.0418  -0.0206

  [live] after 20 bench steps — e2e mean=987.5ms  |  max replan freq=1.01 Hz  |  max control freq=10.13 Hz (n_action_steps=10)

[13:04:41] #   26 [bench] e2e=  988.7ms  infer=  986.4ms  cap=  2.1ms
    t+0   | +0.1890  -0.0048  -0.1184  +0.2652  -0.0435  +0.0042
    t+1   | -0.0376  +0.0515  -0.1796  +0.2315  -0.0565  +0.0059
    t+2   | -0.0412  +0.0398  -0.1738  +0.1924  -0.0732  -0.0175
    t+3   | -0.0459  +0.0456  -0.1481  +0.1868  -0.0813  -0.1194
    t+4   | -0.0807  +0.0266  -0.1280  +0.1838  -0.0771  -0.1424
    t+5   | -0.1169  -0.0149  -0.0770  +0.1563  -0.0809  -0.0923
    t+6   | -0.1144  -0.0464  -0.0674  +0.1446  -0.0987  -0.1254
    t+7   | -0.0861  -0.0350  -0.0583  +0.1368  -0.0966  -0.1555
    t+8   | -0.1130  -0.0374  -0.1060  +0.1388  -0.0930  -0.1503
    t+9   | -0.1012  +0.0136  -0.1653  +0.1868  -0.1090  -0.1353
[13:04:42] #   27 [bench] e2e=  979.7ms  infer=  977.3ms  cap=  2.2ms
    t+0   | +0.1348  +0.0437  -0.1057  +0.2089  +0.0596  -0.1701
    t+1   | +0.1513  +0.0453  -0.1384  +0.2273  +0.0401  -0.1300
    t+2   | +0.1913  +0.0880  -0.1768  +0.2558  +0.0302  -0.0472
    t+3   | +0.1951  +0.0981  -0.1802  +0.2166  -0.0169  -0.0229
    t+4   | +0.1949  +0.1052  -0.1544  +0.2271  -0.0569  -0.1059
    t+5   | +0.1984  +0.1062  -0.1486  +0.2443  -0.0037  -0.1589
    t+6   | +0.1866  +0.0837  -0.1268  +0.2265  +0.0214  -0.1780
    t+7   | +0.1418  +0.0506  -0.1403  +0.1764  -0.0666  -0.1806
    t+8   | +0.1818  +0.0750  -0.1656  +0.2111  -0.0317  -0.1817
    t+9   | +0.1481  +0.0442  -0.1703  +0.2473  -0.0149  -0.1975
[13:04:43] #   28 [bench] e2e=  983.1ms  infer=  980.6ms  cap=  2.3ms
    t+0   | +0.1858  +0.0963  -0.2454  +0.2576  +0.0612  -0.6923
    t+1   | +0.1622  +0.0802  -0.2124  +0.2287  +0.1406  -0.5475
    t+2   | +0.1583  +0.0103  -0.1326  +0.1789  +0.1780  -0.4224
    t+3   | +0.1627  -0.0368  -0.0856  +0.2128  +0.1694  -0.1610
    t+4   | +0.1928  -0.0868  -0.0673  +0.2310  +0.1026  +0.0544
    t+5   | +0.1469  -0.0819  -0.0770  +0.1893  -0.0033  +0.3271
    t+6   | +0.0029  -0.0235  -0.1142  +0.1606  -0.2372  +0.2529
    t+7   | -0.0280  -0.0436  -0.1006  +0.1621  -0.2370  +0.5856
    t+8   | -0.0030  +0.0023  -0.1160  +0.1727  -0.2395  +0.7836
    t+9   | +0.0339  +0.0293  -0.1550  +0.2044  -0.2632  +1.0906
[13:04:44] #   29 [bench] e2e=  980.0ms  infer=  977.3ms  cap=  2.4ms
    t+0   | +0.2268  +0.1133  -0.2048  +0.3291  -0.0574  +0.0929
    t+1   | +0.1340  +0.0906  -0.1725  +0.3017  -0.2310  +0.1651
    t+2   | +0.0992  +0.0232  -0.1315  +0.2481  -0.2353  +0.0148
    t+3   | +0.0858  +0.0226  -0.1326  +0.2058  -0.2146  -0.0418
    t+4   | +0.0727  +0.0387  -0.1157  +0.1825  -0.1611  -0.0622
    t+5   | +0.0444  +0.0142  -0.0852  +0.1925  -0.1320  -0.0933
    t+6   | +0.0030  -0.0523  -0.0514  +0.1469  -0.0946  -0.1219
    t+7   | +0.0058  -0.0780  +0.0187  +0.1122  -0.0833  -0.2333
    t+8   | +0.0035  -0.0438  +0.0126  +0.1398  -0.0699  -0.2319
    t+9   | -0.0210  -0.1087  +0.0225  +0.1218  -0.0368  -0.2027
[13:04:45] #   30 [bench] e2e=  990.9ms  infer=  988.4ms  cap=  2.3ms
    t+0   | +0.1005  -0.0555  -0.0596  +0.1990  +0.0778  -0.0389
    t+1   | +0.0725  +0.0175  -0.1583  +0.2584  +0.1142  -0.0290
    t+2   | +0.0188  +0.1400  -0.2594  +0.3001  +0.1380  +0.0427
    t+3   | -0.0188  +0.1421  -0.2785  +0.2841  +0.0535  +0.1174
    t+4   | +0.0052  +0.1300  -0.2943  +0.3277  +0.0169  +0.2340
    t+5   | +0.0712  +0.1219  -0.2889  +0.3531  +0.0007  +0.3224
    t+6   | +0.0985  +0.1143  -0.2695  +0.3554  +0.0019  +0.4853
    t+7   | +0.1133  +0.1058  -0.2576  +0.3480  +0.0475  +0.4604
    t+8   | +0.1219  +0.1097  -0.2875  +0.3752  +0.0935  +0.8650
    t+9   | +0.1944  +0.1412  -0.3012  +0.3661  +0.1562  +0.8462
[13:04:46] #   31 [bench] e2e=  975.6ms  infer=  973.1ms  cap=  2.4ms
    t+0   | +0.1601  +0.1538  -0.2499  +0.3006  -0.0662  +0.8156
    t+1   | +0.0825  +0.0415  -0.1734  +0.2401  +0.0147  +0.4470
    t+2   | -0.0100  +0.0035  -0.1757  +0.2890  +0.2021  +0.3604
    t+3   | +0.0235  +0.0289  -0.1936  +0.3264  +0.2247  +0.4824
    t+4   | +0.0231  +0.0368  -0.1521  +0.3358  +0.3151  +0.6115
    t+5   | -0.0280  +0.0062  -0.0970  +0.2746  +0.4421  +0.4477
    t+6   | -0.0435  -0.0342  -0.0768  +0.2323  +0.3908  +0.3095
    t+7   | -0.0255  -0.0362  -0.0932  +0.2036  +0.3913  +0.2945
    t+8   | +0.0207  -0.0164  -0.0970  +0.1924  +0.2778  +0.1026
    t+9   | -0.0051  -0.0126  -0.0573  +0.1911  +0.2539  -0.0012
[13:04:47] #   32 [bench] e2e=  989.5ms  infer=  986.3ms  cap=  3.0ms
    t+0   | +0.0921  -0.1255  -0.0451  +0.1704  -0.1060  -0.1263
    t+1   | +0.0610  -0.0798  -0.0460  +0.1533  -0.1496  -0.0377
    t+2   | -0.0137  -0.0659  -0.0583  +0.1246  -0.2307  +0.0052
    t+3   | +0.0418  -0.0051  -0.0834  +0.1567  -0.2251  +0.0241
    t+4   | +0.0485  +0.0367  -0.1550  +0.1803  -0.2122  +0.2059
    t+5   | +0.0524  +0.0840  -0.1896  +0.1882  -0.2033  +0.4477
    t+6   | +0.0597  +0.1319  -0.1813  +0.1889  -0.2123  +0.4546
    t+7   | +0.0611  +0.1511  -0.1723  +0.1558  -0.1646  +0.4341
    t+8   | +0.0354  +0.1288  -0.1702  +0.1390  -0.2078  +0.3888
    t+9   | +0.0203  +0.1430  -0.1714  +0.1910  -0.2771  +0.3574
[13:04:48] #   33 [bench] e2e=  991.0ms  infer=  987.7ms  cap=  3.2ms
    t+0   | +0.0057  -0.2205  +0.0092  +0.1985  -0.0450  +0.1929
    t+1   | +0.0571  -0.1986  +0.0123  +0.1993  -0.0785  +0.2744
    t+2   | +0.0776  -0.1370  +0.0210  +0.2124  -0.1355  +0.6281
    t+3   | +0.0380  -0.0990  -0.0223  +0.2168  -0.1056  +0.4666
    t+4   | +0.0611  -0.0545  -0.0674  +0.2304  -0.0087  +0.2994
    t+5   | +0.1120  -0.0244  -0.0616  +0.2607  +0.0123  +0.3249
    t+6   | +0.0778  -0.0286  -0.0502  +0.2147  +0.0717  +0.2766
    t+7   | +0.0846  -0.0222  -0.0359  +0.1996  +0.0630  +0.3634
    t+8   | +0.1152  -0.0427  -0.0465  +0.2036  +0.0807  +0.2716
    t+9   | +0.1371  -0.0503  +0.0019  +0.2302  +0.1510  +0.1973
[13:04:49] #   34 [bench] e2e=  991.0ms  infer=  987.6ms  cap=  3.2ms
    t+0   | +0.2297  +0.1418  -0.2198  +0.2962  -0.1765  +0.9404
    t+1   | +0.2483  +0.1102  -0.1905  +0.2792  -0.0865  +0.3563
    t+2   | +0.2115  +0.0433  -0.1481  +0.2327  +0.0544  +0.0149
    t+3   | +0.1890  -0.0141  -0.1098  +0.2025  +0.1000  -0.3330
    t+4   | +0.1738  -0.0150  -0.1086  +0.2120  +0.1117  -0.3319
    t+5   | +0.1770  -0.0254  -0.0988  +0.2002  +0.1003  -0.3655
    t+6   | +0.1660  +0.0027  -0.1329  +0.2380  +0.0569  -0.1387
    t+7   | +0.1934  +0.0080  -0.1635  +0.2550  -0.0024  +0.2732
    t+8   | +0.2001  +0.0179  -0.1795  +0.2365  +0.0103  +0.1514
    t+9   | +0.1920  +0.0211  -0.1521  +0.2119  +0.0274  +0.1832
[13:04:50] #   35 [bench] e2e=  991.8ms  infer=  989.2ms  cap=  2.4ms
    t+0   | +0.0659  +0.0159  -0.1343  +0.2411  -0.0638  +0.0163
    t+1   | +0.1024  +0.0883  -0.2807  +0.2996  +0.0322  -0.0673
    t+2   | +0.1124  +0.0722  -0.2785  +0.3056  +0.1049  -0.0966
    t+3   | +0.1045  +0.0423  -0.2405  +0.2958  +0.1525  -0.0936
    t+4   | +0.0706  +0.0898  -0.2273  +0.2847  +0.2945  -0.0657
    t+5   | +0.0825  +0.1293  -0.2620  +0.2888  +0.2223  -0.0345
    t+6   | +0.0619  +0.1500  -0.2266  +0.2829  +0.3478  -0.0062
    t+7   | +0.1142  +0.0960  -0.1654  +0.2908  +0.3836  +0.0272
    t+8   | +0.1846  +0.0646  -0.0785  +0.2913  +0.5389  +0.0220
    t+9   | +0.2403  +0.0822  -0.0831  +0.3209  +0.5466  -0.0331
[13:04:51] #   36 [bench] e2e=  983.4ms  infer=  980.0ms  cap=  3.2ms
    t+0   | +0.0849  -0.0098  -0.1138  +0.2505  +0.1881  +0.0739
    t+1   | +0.0608  +0.0206  -0.1578  +0.2538  +0.1201  +0.1530
    t+2   | -0.0321  +0.0321  -0.1979  +0.2310  +0.0330  +0.0765
    t+3   | -0.0856  -0.0062  -0.1966  +0.2102  -0.0494  -0.0708
    t+4   | -0.0971  +0.0031  -0.1418  +0.1759  -0.0417  -0.3796
    t+5   | -0.0741  +0.0368  -0.1436  +0.2144  -0.0587  -0.3721
    t+6   | -0.0017  +0.0276  -0.1851  +0.1843  -0.0988  -0.3826
    t+7   | -0.0141  +0.0269  -0.2106  +0.1488  -0.1618  -0.3905
    t+8   | -0.0290  -0.0116  -0.1814  +0.1726  -0.1545  -0.4664
    t+9   | -0.0264  -0.0579  -0.1522  +0.1507  -0.1257  -0.4631
[13:04:52] #   37 [bench] e2e=  997.6ms  infer=  993.4ms  cap=  4.1ms
    t+0   | +0.2525  +0.1505  -0.1950  +0.3180  +0.1128  +0.1163
    t+1   | +0.2532  +0.1748  -0.2314  +0.3076  +0.0777  +0.1559
    t+2   | +0.2563  +0.1599  -0.1913  +0.2996  +0.1071  +0.1512
    t+3   | +0.2366  +0.1357  -0.1487  +0.2915  +0.1292  +0.1085
    t+4   | +0.1931  +0.0677  -0.1209  +0.2505  +0.1636  +0.0190
    t+5   | +0.1837  +0.0769  -0.1306  +0.2573  +0.1112  -0.0039
    t+6   | +0.1892  +0.0946  -0.1494  +0.2889  +0.0716  +0.0263
    t+7   | +0.1560  +0.0687  -0.1408  +0.2876  +0.0528  +0.0125
    t+8   | +0.1256  +0.0650  -0.1399  +0.2562  +0.0214  -0.0521
    t+9   | +0.0651  +0.0650  -0.1817  +0.2356  +0.0225  -0.2864
[13:04:53] #   38 [bench] e2e=  974.8ms  infer=  972.4ms  cap=  2.2ms
    t+0   | +0.1859  +0.0908  -0.1562  +0.3055  +0.0500  -0.0422
    t+1   | +0.1348  +0.0745  -0.1416  +0.2782  +0.0357  -0.0716
    t+2   | +0.0436  +0.0485  -0.1018  +0.2386  +0.0759  -0.1099
    t+3   | +0.0122  +0.0554  -0.0877  +0.2247  +0.0746  -0.0490
    t+4   | +0.0391  +0.0436  -0.0752  +0.2430  +0.1174  +0.0415
    t+5   | +0.1244  +0.0302  -0.0689  +0.2736  +0.1929  +0.1471
    t+6   | +0.1193  +0.0625  -0.1113  +0.2900  +0.0857  +0.0534
    t+7   | +0.0765  +0.0589  -0.1729  +0.2837  +0.0007  +0.0078
    t+8   | +0.0918  +0.1090  -0.2394  +0.2971  -0.0815  +0.0368
    t+9   | +0.1031  +0.1390  -0.2675  +0.2927  -0.0909  +0.0364
[13:04:54] #   39 [bench] e2e=  991.5ms  infer=  989.1ms  cap=  2.2ms
    t+0   | -0.0860  +0.0031  -0.1514  +0.2349  -0.1663  +0.1867
    t+1   | -0.2024  -0.0152  -0.1652  +0.1927  -0.1336  +0.1973
    t+2   | -0.2446  -0.0309  -0.1594  +0.1846  +0.0209  +0.1409
    t+3   | -0.2047  -0.0418  -0.1279  +0.1964  +0.0640  +0.1461
    t+4   | -0.2148  -0.0247  -0.0844  +0.1996  +0.0814  +0.1175
    t+5   | -0.1456  -0.0115  -0.1488  +0.1978  +0.0542  +0.1063
    t+6   | -0.0983  +0.0806  -0.2340  +0.2350  -0.0020  +0.0614
    t+7   | -0.0293  +0.1664  -0.3432  +0.2967  -0.0302  -0.0064
    t+8   | -0.0177  +0.1770  -0.3538  +0.3113  -0.0365  -0.0028
    t+9   | -0.0288  +0.1528  -0.3258  +0.2777  -0.0467  -0.0174
[13:04:55] #   40 [bench] e2e=  998.0ms  infer=  995.6ms  cap=  2.3ms
    t+0   | +0.1793  +0.0240  -0.0958  +0.2669  -0.0228  +0.1703
    t+1   | +0.1929  +0.1018  -0.1376  +0.3122  +0.1193  +0.3459
    t+2   | +0.1543  +0.1342  -0.1502  +0.3159  +0.1481  +0.1970
    t+3   | +0.1145  +0.1692  -0.1495  +0.3197  +0.1635  +0.1630
    t+4   | +0.0541  +0.1609  -0.1454  +0.2700  +0.0920  +0.0380
    t+5   | +0.0748  +0.1677  -0.1608  +0.2573  +0.0626  -0.1691
    t+6   | +0.0796  +0.1785  -0.1884  +0.2691  -0.0672  -0.0110
    t+7   | +0.0917  +0.1696  -0.1564  +0.2606  -0.0804  +0.0056
    t+8   | +0.0842  +0.1395  -0.1376  +0.2380  -0.1026  -0.0246
    t+9   | +0.0550  +0.1476  -0.1167  +0.2485  -0.1040  -0.0457
[13:04:56] #   41 [bench] e2e=  977.0ms  infer=  974.6ms  cap=  2.3ms
    t+0   | +0.2689  +0.0362  -0.1579  +0.2969  -0.1046  -0.1014
    t+1   | +0.2823  +0.0629  -0.1535  +0.3171  -0.1174  +0.1160
    t+2   | +0.2971  +0.0646  -0.1261  +0.3216  -0.1269  +0.1137
    t+3   | +0.2905  +0.0762  -0.1033  +0.3359  -0.0991  +0.0477
    t+4   | +0.2362  +0.0143  -0.0892  +0.3073  -0.1246  +0.1940
    t+5   | +0.2161  -0.0318  -0.0529  +0.2792  -0.1730  +0.2671
    t+6   | +0.1861  -0.0396  -0.0183  +0.2569  -0.2177  +0.2807
    t+7   | +0.1992  +0.0323  -0.0895  +0.2819  -0.2398  +0.2393
    t+8   | +0.2331  +0.0805  -0.1144  +0.2871  -0.2806  +0.2891
    t+9   | +0.2149  +0.1036  -0.1562  +0.2733  -0.3159  +0.2754
[13:04:57] #   42 [bench] e2e=  994.8ms  infer=  992.3ms  cap=  2.3ms
    t+0   | +0.1111  -0.0319  -0.1749  +0.3023  -0.0037  -0.2254
    t+1   | +0.1245  -0.0365  -0.1709  +0.3089  -0.0052  -0.1410
    t+2   | +0.1232  -0.0670  -0.1473  +0.2657  -0.0031  -0.1299
    t+3   | +0.0500  -0.1192  -0.0698  +0.2362  +0.0236  -0.2223
    t+4   | +0.0290  -0.1782  -0.0574  +0.2130  +0.0467  -0.2998
    t+5   | +0.0128  -0.1942  -0.0400  +0.1772  +0.0231  -0.3447
    t+6   | +0.0089  -0.1585  -0.0402  +0.1786  +0.0310  -0.3258
    t+7   | +0.0250  -0.1597  -0.0675  +0.2229  +0.0588  -0.2963
    t+8   | +0.0711  -0.1195  -0.0747  +0.1952  +0.0546  -0.2710
    t+9   | +0.0752  -0.1278  -0.0996  +0.2265  +0.0569  -0.2787
[13:04:58] #   43 [bench] e2e=  979.0ms  infer=  976.6ms  cap=  2.3ms
    t+0   | +0.1522  -0.0414  -0.0450  +0.2321  -0.0587  -0.0489
    t+1   | +0.1688  +0.0189  -0.0671  +0.2377  +0.0532  -0.1188
    t+2   | +0.1524  +0.0327  -0.0686  +0.2134  +0.0247  +0.0185
    t+3   | +0.1042  +0.0251  -0.0431  +0.2106  +0.0291  +0.0262
    t+4   | +0.1076  +0.0366  -0.0454  +0.2317  +0.0258  +0.0291
    t+5   | +0.1102  +0.0825  -0.0809  +0.2409  +0.0267  +0.1262
    t+6   | +0.1164  +0.1537  -0.1299  +0.2834  +0.0229  +0.1753
    t+7   | +0.0680  +0.1377  -0.1697  +0.2956  +0.0238  +0.3358
    t+8   | +0.0186  +0.1112  -0.1692  +0.2915  +0.0505  +0.3634
    t+9   | +0.0538  +0.1527  -0.1822  +0.2851  +0.0654  +0.3736
[13:04:59] #   44 [bench] e2e=  991.1ms  infer=  988.6ms  cap=  2.3ms
    t+0   | +0.0977  -0.0357  -0.0027  +0.1707  -0.0142  +0.0829
    t+1   | +0.0591  -0.0161  -0.0112  +0.1229  -0.0839  +0.0048
    t+2   | +0.0252  -0.0234  -0.0109  +0.0711  -0.1745  -0.0669
    t+3   | +0.0461  -0.0264  -0.0353  +0.1226  -0.2017  -0.0779
    t+4   | +0.0554  +0.0268  -0.0851  +0.2047  -0.1758  -0.0525
    t+5   | -0.0324  +0.0876  -0.1554  +0.2150  -0.4520  +0.0224
    t+6   | +0.0001  +0.0731  -0.1475  +0.2017  -0.3703  -0.0531
    t+7   | +0.0014  +0.0441  -0.1141  +0.2041  -0.3952  -0.0842
    t+8   | -0.0127  +0.0557  -0.1023  +0.2207  -0.4527  -0.0511
    t+9   | +0.0194  +0.0833  -0.1251  +0.2377  -0.4442  -0.0337
[13:05:00] #   45 [bench] e2e=  975.6ms  infer=  973.1ms  cap=  2.2ms
    t+0   | +0.0130  -0.2018  +0.0489  +0.1231  +0.0221  -0.4427
    t+1   | +0.0206  -0.1627  +0.0319  +0.1469  +0.0082  -0.3324
    t+2   | +0.0764  -0.0926  -0.0139  +0.2076  -0.0252  -0.1238
    t+3   | +0.1015  -0.0778  -0.0416  +0.1956  -0.0248  -0.0429
    t+4   | +0.0883  -0.0544  -0.0382  +0.2006  -0.0517  -0.1365
    t+5   | +0.0788  -0.1012  -0.0472  +0.1946  -0.0403  -0.2238
    t+6   | +0.1241  -0.0846  -0.0588  +0.1896  -0.0565  -0.2464
    t+7   | +0.1673  -0.0381  -0.1172  +0.2559  -0.0477  -0.1635
    t+8   | +0.1369  +0.0234  -0.1448  +0.2586  -0.0100  -0.1135
    t+9   | +0.1055  +0.0430  -0.1072  +0.2176  +0.0341  -0.1732

  [live] after 40 bench steps — e2e mean=986.8ms  |  max replan freq=1.01 Hz  |  max control freq=10.13 Hz (n_action_steps=10)

[13:05:01] #   46 [bench] e2e=  988.1ms  infer=  985.2ms  cap=  2.7ms
    t+0   | +0.1499  +0.0897  -0.2516  +0.2971  -0.0581  +0.1824
    t+1   | +0.1469  +0.0783  -0.2359  +0.2829  -0.0369  +0.1980
    t+2   | +0.1226  +0.0691  -0.2099  +0.2665  -0.0780  +0.4039
    t+3   | +0.0582  +0.1040  -0.2155  +0.2486  -0.1167  +0.5086
    t+4   | +0.0519  +0.1248  -0.2433  +0.2630  -0.0758  +0.4448
    t+5   | +0.0553  +0.1128  -0.2381  +0.2445  -0.0637  +0.2495
    t+6   | +0.0259  +0.1180  -0.2035  +0.2456  -0.0498  +0.2134
    t+7   | +0.0172  +0.1196  -0.1954  +0.2310  -0.0848  +0.2029
    t+8   | +0.0379  +0.1323  -0.1967  +0.2331  -0.1187  +0.2060
    t+9   | +0.0554  +0.1215  -0.1761  +0.2291  -0.1143  +0.2218
[13:05:02] #   47 [bench] e2e=  974.6ms  infer=  971.6ms  cap=  2.8ms
    t+0   | +0.1820  +0.2029  -0.1959  +0.2796  +0.3962  +0.0308
    t+1   | +0.0898  +0.1288  -0.2171  +0.2345  +0.3215  -0.2137
    t+2   | +0.0456  +0.0701  -0.2395  +0.2037  +0.3294  -0.4945
    t+3   | +0.0791  +0.0750  -0.2385  +0.1961  +0.3808  -0.4636
    t+4   | +0.1118  +0.1390  -0.1988  +0.1618  +0.4429  -0.4999
    t+5   | +0.0798  +0.1871  -0.2286  +0.1438  +0.4724  -0.6332
    t+6   | +0.0787  +0.1557  -0.2660  +0.1986  +0.3747  -0.6353
    t+7   | +0.0534  +0.0990  -0.2581  +0.1988  +0.3049  -0.6838
    t+8   | +0.0609  +0.0674  -0.1877  +0.1890  +0.2385  -0.6909
    t+9   | +0.0779  +0.0665  -0.1920  +0.1717  +0.2244  -0.6892
[13:05:03] #   48 [bench] e2e=  991.4ms  infer=  988.5ms  cap=  2.7ms
    t+0   | +0.2239  +0.1322  -0.2264  +0.3417  +0.0495  +0.1405
    t+1   | +0.2640  +0.1865  -0.2365  +0.3242  +0.1091  +0.0966
    t+2   | +0.3323  +0.2019  -0.2252  +0.3290  +0.1212  +0.0540
    t+3   | +0.3153  +0.2623  -0.2416  +0.3457  +0.1371  +0.1748
    t+4   | +0.3072  +0.2471  -0.2453  +0.3567  +0.1606  +0.2733
    t+5   | +0.2927  +0.1726  -0.2128  +0.3322  +0.1619  +0.1573
    t+6   | +0.2413  +0.1118  -0.2079  +0.3045  +0.1360  +0.0473
    t+7   | +0.2036  +0.0993  -0.1774  +0.2813  +0.1108  -0.0442
    t+8   | +0.1906  +0.0724  -0.1266  +0.2547  +0.1171  -0.1054
    t+9   | +0.1446  +0.0890  -0.1150  +0.2394  +0.0836  -0.1171
[13:05:04] #   49 [bench] e2e=  972.6ms  infer=  970.0ms  cap=  2.4ms
    t+0   | +0.1424  -0.0286  -0.0620  +0.2245  -0.0947  -0.1570
    t+1   | +0.1585  +0.0581  -0.1011  +0.2818  -0.1178  -0.0496
    t+2   | +0.2028  +0.1291  -0.1740  +0.2935  -0.0006  -0.0086
    t+3   | +0.2243  +0.1768  -0.2220  +0.2990  +0.0816  -0.0180
    t+4   | +0.1966  +0.1016  -0.1882  +0.2677  +0.0353  -0.0646
    t+5   | +0.1313  +0.0898  -0.1742  +0.2658  +0.0037  -0.1011
    t+6   | +0.1486  +0.0983  -0.1699  +0.2526  +0.0061  -0.0996
    t+7   | +0.1254  +0.1176  -0.1806  +0.2520  +0.0087  -0.0961
    t+8   | +0.1392  +0.1160  -0.1426  +0.2540  -0.0162  -0.1757
    t+9   | +0.1309  +0.1052  -0.1451  +0.2094  -0.0376  -0.1125
[13:05:05] #   50 [bench] e2e= 1020.7ms  infer= 1017.4ms  cap=  3.1ms
    t+0   | +0.0728  -0.0239  -0.0807  +0.2589  +0.2369  +0.1166
    t+1   | +0.1079  -0.0100  -0.1152  +0.2682  +0.1828  +0.1308
    t+2   | +0.0906  -0.0157  -0.1448  +0.2384  +0.1098  +0.0415
    t+3   | +0.0486  -0.0379  -0.1213  +0.2177  +0.0530  -0.0357
    t+4   | +0.0509  -0.0622  -0.1024  +0.2109  +0.0768  -0.0289
    t+5   | +0.0742  -0.0358  -0.0941  +0.2214  +0.0456  -0.0574
    t+6   | +0.1008  +0.0238  -0.1596  +0.2608  -0.0154  -0.0710
    t+7   | +0.1098  +0.0487  -0.1683  +0.2645  -0.0463  -0.0399
    t+8   | +0.1092  +0.1513  -0.2294  +0.2607  -0.0630  -0.0020
    t+9   | +0.1592  +0.1726  -0.2498  +0.2642  -0.0415  +0.0009
[13:05:06] #   51 [bench] e2e=  976.1ms  infer=  972.7ms  cap=  3.2ms
    t+0   | +0.0022  -0.1312  +0.1078  +0.1065  +0.0358  -0.7158
    t+1   | +0.0011  -0.0999  +0.0911  +0.1064  +0.0003  -0.7561
    t+2   | +0.0130  -0.0654  +0.0552  +0.1058  -0.0330  -0.7387
    t+3   | +0.0415  -0.0488  +0.0163  +0.1168  +0.0213  -0.6944
    t+4   | +0.0699  -0.0110  -0.0221  +0.1506  +0.0473  -0.6777
    t+5   | +0.1000  -0.0039  -0.0667  +0.1691  +0.1224  -0.6700
    t+6   | +0.1324  +0.0251  -0.0759  +0.2183  +0.1411  -0.2519
    t+7   | +0.1602  +0.0083  -0.0660  +0.2308  +0.1687  -0.1777
    t+8   | +0.1707  -0.0075  -0.0674  +0.2193  +0.1724  -0.4218
    t+9   | +0.2067  -0.0067  -0.0481  +0.2333  +0.1849  -0.3926
[13:05:07] #   52 [bench] e2e=  977.3ms  infer=  974.5ms  cap=  2.6ms
    t+0   | -0.1044  -0.2399  +0.2296  +0.0050  +0.1931  -0.6610
    t+1   | -0.1164  -0.2386  +0.1882  +0.0289  +0.1604  -0.5927
    t+2   | -0.1266  -0.2176  +0.0784  +0.1222  +0.0256  -0.4799
    t+3   | -0.0854  -0.1796  -0.0060  +0.1410  -0.0359  -0.3601
    t+4   | -0.0573  -0.1716  +0.0220  +0.1567  -0.0207  -0.3259
    t+5   | -0.0397  -0.1648  +0.0010  +0.1486  +0.0131  -0.4122
    t+6   | -0.0853  -0.2723  +0.0773  +0.0957  +0.0842  -0.4976
    t+7   | -0.0594  -0.2472  +0.0526  +0.0886  +0.0672  -0.4543
    t+8   | -0.0657  -0.2050  +0.0422  +0.1052  +0.0217  -0.4147
    t+9   | -0.0498  -0.1787  -0.0216  +0.1268  -0.0193  -0.3137
[13:05:08] #   53 [bench] e2e=  995.8ms  infer=  992.3ms  cap=  3.3ms
    t+0   | +0.1608  +0.0163  -0.1930  +0.2337  +0.0450  -0.2448
    t+1   | +0.1558  +0.0355  -0.2067  +0.1987  +0.0539  -0.2868
    t+2   | +0.0926  +0.0427  -0.2421  +0.1961  +0.0569  -0.2433
    t+3   | +0.0782  +0.0270  -0.2085  +0.2054  +0.0474  -0.1861
    t+4   | +0.0737  -0.0221  -0.1623  +0.2114  +0.0895  -0.1616
    t+5   | +0.0767  -0.0130  -0.1606  +0.2151  +0.0744  -0.1454
    t+6   | +0.0478  -0.0117  -0.1354  +0.2257  +0.0745  -0.1855
    t+7   | +0.0530  +0.0110  -0.1572  +0.2096  +0.0611  -0.1366
    t+8   | +0.0663  +0.0314  -0.1763  +0.2100  +0.0594  -0.0519
    t+9   | +0.0538  +0.0225  -0.1823  +0.2270  +0.0467  -0.0905
[13:05:09] #   54 [bench] e2e=  991.6ms  infer=  987.9ms  cap=  3.5ms
    t+0   | +0.1746  +0.0740  -0.1563  +0.2768  -0.0947  +0.0095
    t+1   | +0.1412  +0.0477  -0.1386  +0.2295  -0.0542  -0.0096
    t+2   | +0.0532  +0.1022  -0.2428  +0.2375  -0.0171  +0.0885
    t+3   | +0.0555  +0.1272  -0.2513  +0.2697  +0.0261  +0.1941
    t+4   | +0.0547  +0.1487  -0.2527  +0.2799  +0.0977  +0.2296
    t+5   | +0.0695  +0.1129  -0.2069  +0.2629  +0.1025  +0.2958
    t+6   | +0.0871  +0.0872  -0.1729  +0.2583  +0.0694  +0.2224
    t+7   | +0.0911  +0.1132  -0.1782  +0.2582  +0.0527  +0.2744
    t+8   | +0.0938  +0.1374  -0.2124  +0.2512  +0.0696  +0.1422
    t+9   | +0.1461  +0.1687  -0.2735  +0.3239  +0.0901  +0.1336
[13:05:10] #   55 [bench] e2e=  982.3ms  infer=  978.7ms  cap=  3.4ms
    t+0   | +0.2197  +0.0745  -0.1660  +0.2825  -0.1351  +0.0693
    t+1   | +0.2025  +0.0735  -0.1375  +0.2475  -0.1265  +0.0188
    t+2   | +0.1823  +0.0787  -0.0941  +0.2417  -0.0460  -0.0355
    t+3   | +0.1480  +0.0756  -0.1107  +0.2743  +0.0246  -0.0465
    t+4   | +0.1617  +0.1078  -0.1124  +0.2950  +0.0052  +0.0616
    t+5   | +0.1475  +0.1315  -0.1459  +0.2619  +0.0225  +0.0880
    t+6   | +0.1286  +0.1883  -0.1454  +0.3074  +0.0451  +0.0588
    t+7   | +0.1034  +0.2075  -0.1577  +0.2866  +0.0332  +0.0567
    t+8   | +0.0398  +0.2269  -0.1681  +0.2379  -0.0156  +0.0416
    t+9   | -0.0078  +0.2342  -0.1623  +0.2339  -0.0629  +0.0168
[13:05:11] #   56 [bench] e2e=  994.8ms  infer=  991.3ms  cap=  3.4ms
    t+0   | +0.1262  +0.0563  -0.0627  +0.2217  -0.0718  +0.2032
    t+1   | +0.1381  +0.0920  -0.0475  +0.2287  -0.0424  +0.1845
    t+2   | +0.1111  +0.1244  -0.0908  +0.2339  -0.0114  +0.0636
    t+3   | +0.1429  +0.1361  -0.0907  +0.2469  -0.0267  +0.0303
    t+4   | +0.1603  +0.1256  -0.0837  +0.2373  -0.0307  +0.0226
    t+5   | +0.1551  +0.1259  -0.1010  +0.2499  -0.0343  +0.0354
    t+6   | +0.1798  +0.1322  -0.1003  +0.2563  -0.0264  -0.0034
    t+7   | +0.1499  +0.0856  -0.0584  +0.2245  -0.0294  +0.0239
    t+8   | +0.1534  +0.0775  -0.0499  +0.2138  -0.0645  +0.0260
    t+9   | +0.1666  +0.0867  -0.0418  +0.2452  -0.1050  +0.0027
[13:05:12] #   57 [bench] e2e=  991.7ms  infer=  988.1ms  cap=  3.3ms
    t+0   | +0.0306  +0.1238  -0.2679  +0.2980  -0.0954  -0.0609
    t+1   | +0.0691  +0.0784  -0.2065  +0.2585  -0.0724  -0.2111
    t+2   | +0.0506  +0.0096  -0.1080  +0.1971  +0.0125  -0.3597
    t+3   | +0.0597  +0.0012  -0.0673  +0.1727  +0.0550  -0.5698
    t+4   | +0.0370  -0.0113  -0.0617  +0.1606  +0.0660  -0.6533
    t+5   | +0.0055  -0.0547  -0.0256  +0.1441  +0.0640  -0.6664
    t+6   | -0.0176  -0.1025  -0.0234  +0.1410  +0.0653  -0.6771
    t+7   | -0.0399  -0.1543  -0.0356  +0.1069  +0.0898  -0.6588
    t+8   | -0.0534  -0.1436  -0.0557  +0.1101  +0.1081  -0.6270
    t+9   | -0.0755  -0.1265  -0.0748  +0.1488  +0.1150  -0.6231
[13:05:13] #   58 [bench] e2e=  972.6ms  infer=  970.2ms  cap=  2.3ms
    t+0   | +0.0348  -0.1007  -0.0384  +0.2078  -0.0571  -0.1185
    t+1   | +0.0271  -0.0271  -0.0993  +0.2629  -0.0443  +0.2009
    t+2   | +0.0346  +0.0323  -0.1747  +0.2765  -0.0287  +0.1056
    t+3   | +0.0238  +0.0588  -0.1939  +0.2671  -0.0089  +0.2200
    t+4   | +0.0307  +0.0631  -0.1952  +0.2697  +0.0061  +0.2541
    t+5   | +0.0725  +0.0863  -0.2101  +0.2657  +0.0700  +0.2796
    t+6   | +0.1074  +0.1080  -0.2307  +0.2600  +0.0415  +0.2091
    t+7   | +0.1324  +0.1401  -0.2743  +0.2440  -0.0123  +0.1832
    t+8   | +0.1716  +0.1724  -0.3383  +0.2577  -0.0851  +0.1770
    t+9   | +0.2327  +0.2661  -0.4655  +0.3107  -0.1797  +0.1892
[13:05:14] #   59 [bench] e2e=  986.7ms  infer=  983.7ms  cap=  2.8ms
    t+0   | +0.1962  -0.0345  -0.0801  +0.2620  -0.0346  +0.0313
    t+1   | +0.1580  -0.0707  -0.0191  +0.2047  -0.0705  +0.1573
    t+2   | +0.1506  -0.0710  +0.0380  +0.1738  -0.0505  +0.1770
    t+3   | +0.1712  -0.0479  +0.0452  +0.1342  -0.0492  +0.2184
    t+4   | +0.1378  -0.0491  +0.0521  +0.1275  -0.0333  +0.0924
    t+5   | +0.1156  -0.0688  +0.0291  +0.1292  +0.0041  +0.0408
    t+6   | +0.1271  -0.0929  +0.0275  +0.1481  +0.0029  +0.0729
    t+7   | +0.1299  -0.1078  +0.0491  +0.1157  +0.0030  +0.0626
    t+8   | +0.1163  -0.1412  +0.0195  +0.1075  +0.0002  +0.0491
    t+9   | +0.0793  -0.1036  +0.0116  +0.1318  -0.0119  +0.0468
[13:05:15] #   60 [bench] e2e=  973.1ms  infer=  970.3ms  cap=  2.6ms
    t+0   | +0.1456  +0.0587  -0.1038  +0.2265  +0.0065  +0.0545
    t+1   | +0.1765  +0.0718  -0.1097  +0.2185  -0.0465  +0.1476
    t+2   | +0.1331  +0.0883  -0.1106  +0.2147  -0.0696  +0.0536
    t+3   | +0.1300  +0.0713  -0.1538  +0.2513  -0.0655  +0.0490
    t+4   | +0.1377  +0.0844  -0.1650  +0.2471  -0.0983  +0.0633
    t+5   | +0.1365  +0.1062  -0.1606  +0.2357  -0.1069  +0.0710
    t+6   | +0.1180  +0.1544  -0.1987  +0.2833  -0.1229  +0.0939
    t+7   | +0.1090  +0.1763  -0.2363  +0.3105  -0.0839  +0.1212
    t+8   | +0.1294  +0.2050  -0.2510  +0.3129  -0.0357  +0.0941
    t+9   | +0.1194  +0.1748  -0.2225  +0.3013  +0.0056  +0.1024
[13:05:16] #   61 [bench] e2e=  993.0ms  infer=  990.0ms  cap=  2.8ms
    t+0   | +0.0588  -0.0374  -0.0747  +0.2033  -0.1839  -0.0096
    t+1   | +0.0128  -0.0178  -0.0590  +0.1860  -0.1067  -0.0060
    t+2   | +0.0265  +0.0023  -0.1014  +0.2039  -0.1062  +0.0889
    t+3   | +0.0127  -0.0149  -0.1112  +0.1842  -0.0976  +0.0909
    t+4   | +0.0049  -0.0538  -0.0511  +0.1614  -0.1009  +0.0432
    t+5   | +0.0407  -0.0238  -0.0435  +0.1759  -0.1194  +0.0326
    t+6   | +0.0461  +0.0194  -0.0917  +0.2361  -0.1586  +0.0829
    t+7   | +0.0240  +0.0334  -0.1092  +0.2588  -0.2107  +0.8412
    t+8   | +0.0440  +0.0563  -0.1020  +0.2291  -0.1582  +0.5792
    t+9   | +0.0338  +0.0235  -0.0882  +0.2165  -0.1582  +0.4270

============================================================
  SmolVLA-base inference benchmark — final report
  model  : rlodhi/smolvla_screw_picking_5000
  device : cuda
  num_steps: 10
  task   : pick up the object and place it in the box
============================================================
  wall time      : 60.8s
  warmup steps   : 5
  benchmark steps: 56

  capture + preprocess:
    n      = 56
    mean   = 2.75 ms
    median = 2.72 ms
    std    = 0.47 ms
    min    = 2.13 ms
    p90    = 3.35 ms
    p95    = 3.46 ms
    p99    = 3.77 ms
    max    = 4.08 ms

  batch construction:
    n      = 56
    mean   = 0.17 ms
    median = 0.16 ms
    std    = 0.03 ms
    min    = 0.15 ms
    p90    = 0.22 ms
    p95    = 0.25 ms
    p99    = 0.25 ms
    max    = 0.26 ms

  model forward (select_action):
    n      = 56
    mean   = 983.79 ms
    median = 986.32 ms
    std    = 9.35 ms
    min    = 970.04 ms
    p90    = 993.36 ms
    p95    = 995.06 ms
    p99    = 1005.39 ms
    max    = 1017.41 ms

  end-to-end (capture → action):
    n      = 56
    mean   = 986.72 ms
    median = 988.86 ms
    std    = 9.49 ms
    min    = 972.58 ms
    p90    = 997.06 ms
    p95    = 997.77 ms
    p99    = 1008.61 ms
    max    = 1020.74 ms

  chunk_size     : 10
  n_action_steps : 10

  >> max replan frequency : 1.013 Hz  (1 / e2e latency)
  >> max control frequency: 10.135 Hz  (replan_hz × n_action_steps)
============================================================
