You have video processor config saved in `preprocessor.json` file which is deprecated. Video processor configs should be saved in their own `video_preprocessor.json` file. You can rename the file or load and save the processor back which renames it automatically. Loading from `preprocessor.json` will be removed in v5.0.
[13:09:06] Device: cuda
[13:09:06] Loading 'rlodhi/smolvla_screw_picking_5000' …
Reducing the number of VLM layers to 16 ...
[13:09:37] Policy ready on cuda (fp16)
[13:09:37] chunk_size=5, n_action_steps=5, num_steps=10
[13:09:37] resize_imgs=(512, 512)
[13:09:37] Image keys : ['observation.images.base', 'observation.images.wrist']
[13:09:37] Action dim : 6
[13:09:37] Task       : 'pick up the object and place it in the box'
[13:09:37] Camera /dev/video2 opened at 424×240
[13:09:37] SW resize   : 424×240 → 320×240

[13:09:37] Warming up for 5 steps, then benchmarking for 60s …

[13:09:39] #    1 [warm ] e2e= 1441.4ms  infer= 1428.0ms  cap=  9.7ms
    t+0   | +0.3800  +0.2155  -0.4124  +0.4621  +0.1410  -0.1286
    t+1   | +0.0669  +0.1861  -0.3461  +0.4064  +0.3171  -0.4962
    t+2   | -0.1324  +0.1483  -0.3230  +0.3365  +0.3044  -0.4901
    t+3   | -0.1924  +0.1570  -0.3112  +0.3107  +0.2375  -0.1229
    t+4   | -0.0806  +0.2550  -0.3687  +0.3239  +0.1877  -0.0231
[13:09:40] #    2 [warm ] e2e=  911.5ms  infer=  909.4ms  cap=  1.9ms
    t+0   | +0.1556  +0.0552  -0.1692  +0.3208  +0.1684  -0.1724
    t+1   | +0.1981  +0.0527  -0.1577  +0.3427  +0.2749  +0.1352
    t+2   | +0.1645  +0.0760  -0.1395  +0.3506  +0.4618  +0.1895
    t+3   | +0.0989  +0.2008  -0.1719  +0.3360  +0.5913  +0.1821
    t+4   | +0.1215  +0.2784  -0.2183  +0.3352  +0.5416  +0.1053
[13:09:41] #    3 [warm ] e2e=  911.0ms  infer=  909.4ms  cap=  1.4ms
    t+0   | +0.0830  +0.1158  -0.2484  +0.2986  +0.1551  -0.0540
    t+1   | +0.1484  +0.1650  -0.2711  +0.3233  +0.1172  +0.4820
    t+2   | +0.2311  +0.2094  -0.2810  +0.3151  +0.1596  +0.5134
    t+3   | +0.3267  +0.2407  -0.2528  +0.3241  +0.2762  +0.4477
    t+4   | +0.3625  +0.2628  -0.2040  +0.3374  +0.3638  -0.1765
[13:09:42] #    4 [warm ] e2e=  909.4ms  infer=  908.0ms  cap=  1.2ms
    t+0   | +0.0548  +0.1927  -0.2947  +0.3887  +0.3419  -0.1162
    t+1   | +0.0872  +0.1898  -0.2840  +0.4113  +0.3853  +0.0330
    t+2   | +0.1589  +0.1605  -0.2982  +0.4307  +0.4511  +0.0844
    t+3   | +0.1096  +0.1660  -0.3375  +0.3987  +0.4567  -0.0123
    t+4   | +0.1348  +0.1722  -0.3147  +0.3516  +0.3987  -0.1328
[13:09:42] #    5 [warm ] e2e=  911.6ms  infer=  910.2ms  cap=  1.3ms
    t+0   | +0.0770  +0.1425  -0.1688  +0.3420  -0.0212  +0.0595
    t+1   | +0.1341  +0.1919  -0.1776  +0.3607  +0.0257  +0.0375
    t+2   | +0.2081  +0.2559  -0.2275  +0.4065  +0.1986  -0.0242
    t+3   | +0.1942  +0.2159  -0.2295  +0.3855  +0.1282  -0.0756
    t+4   | +0.1839  +0.2157  -0.2182  +0.3604  +0.1950  -0.2978
[13:09:43] #    6 [bench] e2e=  907.3ms  infer=  905.9ms  cap=  1.3ms
    t+0   | +0.0297  -0.1280  +0.0543  +0.1283  +0.0480  -0.5115
    t+1   | -0.0255  -0.1661  +0.0648  +0.1043  +0.0134  -0.4123
    t+2   | -0.1339  -0.2022  +0.0473  +0.0561  -0.0059  -0.4457
    t+3   | -0.0892  -0.1457  -0.0634  +0.0619  -0.0616  -0.3878
    t+4   | -0.0735  -0.1411  -0.0671  +0.0886  -0.0584  -0.3681
[13:09:44] #    7 [bench] e2e=  909.3ms  infer=  908.0ms  cap=  1.2ms
    t+0   | +0.0515  -0.1303  +0.0003  +0.1982  -0.0512  -0.0483
    t+1   | -0.0487  -0.2738  +0.1104  +0.1496  -0.0541  -0.0502
    t+2   | -0.0119  -0.2854  +0.0949  +0.1667  -0.0329  +0.0389
    t+3   | +0.0249  -0.2121  +0.0581  +0.1965  -0.0123  +0.3637
    t+4   | +0.0336  -0.1655  +0.0284  +0.2091  -0.0697  +0.4369
[13:09:45] #    8 [bench] e2e=  914.8ms  infer=  913.5ms  cap=  1.2ms
    t+0   | +0.1840  +0.0074  -0.1085  +0.2428  -0.0333  +0.0563
    t+1   | +0.0584  -0.0267  -0.1161  +0.2289  +0.0528  +0.0336
    t+2   | -0.0374  -0.0116  -0.1457  +0.2403  +0.0534  -0.0100
    t+3   | -0.0292  +0.0227  -0.1493  +0.2398  +0.0472  -0.0752
    t+4   | -0.0431  +0.0810  -0.1959  +0.2497  +0.0255  -0.0618
[13:09:46] #    9 [bench] e2e=  908.5ms  infer=  907.1ms  cap=  1.3ms
    t+0   | +0.1943  -0.0509  -0.1046  +0.2604  +0.0102  -0.1952
    t+1   | +0.1793  -0.0028  -0.0964  +0.2638  -0.0113  -0.1520
    t+2   | +0.1472  +0.0776  -0.1541  +0.2462  -0.0392  +0.0355
    t+3   | +0.1407  +0.0890  -0.1604  +0.2882  -0.0263  +0.1019
    t+4   | +0.0999  +0.0639  -0.1312  +0.2731  -0.0003  +0.1385
[13:09:47] #   10 [bench] e2e=  909.7ms  infer=  908.4ms  cap=  1.2ms
    t+0   | +0.1436  -0.0413  -0.1096  +0.2184  +0.0619  -0.1788
    t+1   | +0.1509  -0.0455  -0.1639  +0.2056  +0.0522  -0.0988
    t+2   | +0.1260  +0.0056  -0.2773  +0.2655  -0.0335  -0.0651
    t+3   | +0.1118  +0.0408  -0.3228  +0.2775  -0.0777  -0.0620
    t+4   | +0.1022  +0.0531  -0.3575  +0.2909  -0.0879  -0.0294
[13:09:48] #   11 [bench] e2e=  910.0ms  infer=  908.7ms  cap=  1.2ms
    t+0   | +0.1762  -0.0304  -0.0749  +0.2212  -0.0727  -0.1341
    t+1   | +0.1034  -0.0838  -0.0440  +0.1747  -0.0555  -0.1411
    t+2   | +0.0636  -0.1175  -0.0569  +0.1847  -0.0393  -0.0481
    t+3   | -0.0870  -0.1681  -0.0071  +0.2031  -0.0018  +0.3492
    t+4   | -0.1027  -0.1496  -0.0040  +0.1824  +0.0224  +0.5059
[13:09:49] #   12 [bench] e2e=  910.9ms  infer=  909.5ms  cap=  1.2ms
    t+0   | +0.0962  +0.0231  -0.1582  +0.2242  +0.0219  -0.4423
    t+1   | +0.0657  -0.0131  -0.1358  +0.2058  +0.1021  -0.5176
    t+2   | +0.0596  -0.0357  -0.1255  +0.1900  +0.0835  -0.3642
    t+3   | +0.0436  -0.0086  -0.1151  +0.2155  +0.1327  -0.2825
    t+4   | +0.0503  -0.0199  -0.0898  +0.2085  +0.1094  +0.0823
[13:09:50] #   13 [bench] e2e=  909.5ms  infer=  908.1ms  cap=  1.2ms
    t+0   | +0.2236  +0.1515  -0.2423  +0.2772  +0.1185  -0.1122
    t+1   | +0.2134  +0.1139  -0.2267  +0.2392  +0.0793  -0.1432
    t+2   | +0.1539  +0.0845  -0.1933  +0.2276  +0.1140  -0.2316
    t+3   | +0.1337  +0.0528  -0.1706  +0.2371  +0.0756  -0.1824
    t+4   | +0.1344  +0.0831  -0.1675  +0.2328  +0.0750  -0.1527
[13:09:51] #   14 [bench] e2e=  910.4ms  infer=  909.0ms  cap=  1.2ms
    t+0   | +0.1046  -0.0921  +0.0512  +0.2195  +0.0254  -0.3245
    t+1   | -0.0991  -0.1136  +0.0447  +0.2279  -0.1231  -0.2521
    t+2   | -0.1417  -0.1149  +0.0216  +0.1853  -0.0897  -0.1587
    t+3   | -0.1521  -0.1049  -0.0321  +0.1495  -0.1030  -0.1753
    t+4   | -0.0970  -0.0692  -0.1034  +0.1715  -0.1011  -0.2582
[13:09:52] #   15 [bench] e2e=  914.7ms  infer=  913.4ms  cap=  1.2ms
    t+0   | +0.0612  -0.0478  +0.0124  +0.1952  +0.1024  -0.1545
    t+1   | +0.0269  +0.0550  -0.0326  +0.2384  +0.1297  -0.0194
    t+2   | -0.0188  +0.1228  -0.1153  +0.2700  +0.1499  +0.1440
    t+3   | -0.0362  +0.0813  -0.1220  +0.2590  +0.1191  +0.1714
    t+4   | -0.0365  +0.1157  -0.1582  +0.2463  +0.0756  +0.3445
[13:09:52] #   16 [bench] e2e=  909.3ms  infer=  907.9ms  cap=  1.3ms
    t+0   | +0.0439  -0.0120  -0.0655  +0.2373  -0.1795  +1.2823
    t+1   | +0.0142  +0.0087  -0.1424  +0.2707  -0.1946  +0.7363
    t+2   | +0.0513  +0.0686  -0.1855  +0.3111  -0.1607  +0.4915
    t+3   | -0.0022  +0.1503  -0.2282  +0.3224  -0.1381  +0.5289
    t+4   | +0.0802  +0.1579  -0.2303  +0.3011  -0.0607  +0.5231
[13:09:53] #   17 [bench] e2e=  910.4ms  infer=  909.0ms  cap=  1.2ms
    t+0   | +0.1877  +0.0345  -0.2012  +0.3199  +0.0168  +0.0790
    t+1   | +0.1515  -0.0052  -0.1607  +0.2898  +0.0257  +0.1512
    t+2   | +0.0952  -0.0472  -0.0914  +0.2524  +0.0351  +0.1239
    t+3   | +0.0504  -0.0710  -0.0621  +0.2083  +0.0680  +0.0798
    t+4   | +0.0322  -0.0923  -0.0606  +0.2192  +0.0625  +0.0358
[13:09:54] #   18 [bench] e2e=  910.1ms  infer=  908.8ms  cap=  1.2ms
    t+0   | +0.2113  +0.1019  -0.1675  +0.2525  -0.0165  -0.1232
    t+1   | +0.2205  +0.0895  -0.1859  +0.2104  +0.0233  -0.0950
    t+2   | +0.1303  +0.0531  -0.1032  +0.2091  +0.1260  -0.1358
    t+3   | +0.0909  +0.0152  -0.0901  +0.1974  +0.1044  -0.1811
    t+4   | +0.0549  -0.0092  -0.1116  +0.2190  +0.1247  -0.2254
[13:09:55] #   19 [bench] e2e=  907.6ms  infer=  906.1ms  cap=  1.3ms
    t+0   | +0.1039  +0.0727  -0.2378  +0.3499  -0.1813  +0.2389
    t+1   | +0.1220  +0.1461  -0.3041  +0.3788  -0.1942  +0.2664
    t+2   | +0.1134  +0.2065  -0.3201  +0.3696  -0.1473  +0.2570
    t+3   | +0.0610  +0.2116  -0.3089  +0.3745  -0.1363  +0.2101
    t+4   | +0.1154  +0.2111  -0.3272  +0.3869  -0.1070  +0.1877
[13:09:56] #   20 [bench] e2e=  908.6ms  infer=  907.2ms  cap=  1.2ms
    t+0   | +0.1819  +0.0475  -0.1163  +0.2530  +0.0907  -0.0690
    t+1   | +0.1532  +0.0766  -0.1528  +0.2165  +0.0853  -0.1128
    t+2   | +0.1750  +0.1742  -0.2200  +0.2441  +0.1107  +0.1221
    t+3   | +0.1722  +0.2028  -0.2193  +0.2681  +0.1239  +0.2514
    t+4   | +0.0865  +0.2814  -0.2839  +0.3037  +0.0918  +0.7274
[13:09:57] #   21 [bench] e2e=  910.4ms  infer=  909.0ms  cap=  1.3ms
    t+0   | +0.2617  +0.0717  -0.0631  +0.2667  -0.0302  +0.1359
    t+1   | +0.1738  +0.0613  -0.0478  +0.2626  +0.0521  +0.0250
    t+2   | +0.1197  +0.1159  -0.1685  +0.2962  +0.0032  +0.0615
    t+3   | +0.0952  +0.1546  -0.2191  +0.3215  +0.0126  +0.2487
    t+4   | +0.0815  +0.1462  -0.2168  +0.3038  +0.0273  +0.5664
[13:09:58] #   22 [bench] e2e=  912.9ms  infer=  911.5ms  cap=  1.3ms
    t+0   | -0.0163  -0.0937  +0.0300  +0.1554  -0.0299  +0.0290
    t+1   | +0.0100  -0.0694  +0.0220  +0.1325  -0.0419  -0.1703
    t+2   | +0.0425  +0.0437  -0.0760  +0.1841  -0.0607  -0.3218
    t+3   | +0.0926  +0.0898  -0.1278  +0.2204  -0.0335  -0.3311
    t+4   | +0.0926  +0.1195  -0.1366  +0.1969  -0.0559  -0.2611
[13:09:59] #   23 [bench] e2e=  908.6ms  infer=  907.2ms  cap=  1.2ms
    t+0   | +0.1634  +0.1966  -0.2734  +0.3232  +0.0090  +0.0414
    t+1   | +0.1567  +0.1608  -0.2768  +0.3357  +0.0154  -0.0135
    t+2   | +0.1299  +0.1165  -0.2753  +0.3532  +0.0064  -0.1332
    t+3   | +0.1073  +0.0480  -0.2947  +0.3481  +0.0009  -0.1234
    t+4   | +0.1268  +0.0392  -0.2992  +0.3832  -0.0083  -0.0630
[13:10:00] #   24 [bench] e2e=  911.0ms  infer=  909.7ms  cap=  1.2ms
    t+0   | +0.1798  +0.0218  -0.1321  +0.2076  +0.0489  -0.4935
    t+1   | +0.1681  +0.0879  -0.2258  +0.2161  +0.0816  -0.3669
    t+2   | +0.1865  +0.0825  -0.2331  +0.2192  +0.0887  -0.2340
    t+3   | +0.1844  +0.0566  -0.1592  +0.2182  +0.0690  -0.1780
    t+4   | +0.1279  +0.0185  -0.0892  +0.2000  +0.1590  -0.0311
[13:10:01] #   25 [bench] e2e=  914.8ms  infer=  913.4ms  cap=  1.3ms
    t+0   | +0.1767  +0.1709  -0.3660  +0.3768  -0.0194  -0.2150
    t+1   | +0.1049  +0.2465  -0.3714  +0.3716  +0.0208  -0.1371
    t+2   | +0.0741  +0.3148  -0.4864  +0.4444  +0.0884  -0.1493
    t+3   | +0.1564  +0.2680  -0.4478  +0.4438  +0.0859  -0.1311
    t+4   | +0.1851  +0.2837  -0.3861  +0.4514  +0.1942  -0.2624

  [live] after 20 bench steps — e2e mean=910.4ms  |  max replan freq=1.10 Hz  |  max control freq=5.49 Hz (n_action_steps=5)

[13:10:02] #   26 [bench] e2e=  911.1ms  infer=  909.8ms  cap=  1.2ms
    t+0   | +0.2850  +0.1235  -0.0719  +0.2801  +0.0445  +0.2627
    t+1   | +0.2880  +0.1445  -0.0588  +0.2609  +0.0975  +0.2817
    t+2   | +0.2685  +0.1082  -0.0727  +0.2741  +0.0678  +0.1529
    t+3   | +0.2697  +0.1136  -0.1168  +0.2993  +0.0799  +0.1869
    t+4   | +0.2200  +0.0891  -0.1704  +0.3222  +0.0014  +0.4628
[13:10:02] #   27 [bench] e2e=  910.3ms  infer=  908.9ms  cap=  1.2ms
    t+0   | +0.1987  +0.0792  -0.2298  +0.3361  -0.0113  -0.1207
    t+1   | +0.2299  +0.1173  -0.2164  +0.3143  +0.0263  -0.0095
    t+2   | +0.2671  +0.0883  -0.1609  +0.2928  +0.0710  +0.5531
    t+3   | +0.2421  +0.0787  -0.1125  +0.2854  +0.0152  +0.5841
    t+4   | +0.1927  +0.1304  -0.0973  +0.2941  +0.0215  +0.4671
[13:10:03] #   28 [bench] e2e=  913.4ms  infer=  912.0ms  cap=  1.2ms
    t+0   | +0.2500  +0.0454  -0.1188  +0.2427  -0.0781  -0.0992
    t+1   | +0.2562  +0.0540  -0.1124  +0.2315  -0.0589  -0.3021
    t+2   | +0.2274  +0.0533  -0.1030  +0.2236  +0.0084  -0.4182
    t+3   | +0.1800  +0.0412  -0.0999  +0.2110  +0.0152  -0.2546
    t+4   | +0.1538  +0.0484  -0.1126  +0.2067  +0.0150  +0.1414
[13:10:04] #   29 [bench] e2e=  910.0ms  infer=  908.6ms  cap=  1.3ms
    t+0   | +0.1872  +0.1191  -0.1196  +0.2578  +0.0473  +0.1838
    t+1   | +0.1416  +0.0998  -0.0800  +0.2660  +0.1327  +0.2009
    t+2   | +0.1200  +0.1024  -0.0908  +0.2653  +0.1850  +0.1387
    t+3   | +0.1282  +0.1230  -0.1209  +0.2713  +0.1483  +0.2850
    t+4   | +0.1388  +0.1320  -0.1252  +0.2654  +0.1238  +0.5564
[13:10:05] #   30 [bench] e2e=  909.0ms  infer=  907.7ms  cap=  1.2ms
    t+0   | +0.1765  -0.0056  -0.0416  +0.2136  -0.0023  +0.0056
    t+1   | +0.1397  +0.0503  -0.0703  +0.2309  -0.0097  +0.1678
    t+2   | +0.1260  +0.0473  -0.1182  +0.2529  -0.0764  +0.3612
    t+3   | +0.1639  +0.0309  -0.1185  +0.2573  -0.0879  +0.3772
    t+4   | +0.2115  +0.0820  -0.1061  +0.3131  -0.0652  +0.2576
[13:10:06] #   31 [bench] e2e=  912.8ms  infer=  911.4ms  cap=  1.3ms
    t+0   | +0.1046  -0.0536  -0.0058  +0.1891  +0.0180  +0.4838
    t+1   | +0.0484  -0.0404  -0.0159  +0.1586  +0.0807  +0.2838
    t+2   | +0.0381  -0.0417  -0.0682  +0.1579  +0.0626  +0.1149
    t+3   | +0.0088  -0.0088  -0.0812  +0.1968  -0.0039  +0.0443
    t+4   | -0.0399  -0.0439  -0.0982  +0.1721  -0.0499  +0.0360
[13:10:07] #   32 [bench] e2e=  913.2ms  infer=  911.8ms  cap=  1.2ms
    t+0   | +0.0997  -0.0653  -0.0940  +0.2341  -0.0669  -0.1021
    t+1   | +0.1500  +0.0142  -0.1698  +0.2636  +0.0036  -0.0875
    t+2   | +0.1649  +0.0160  -0.2002  +0.2383  -0.0147  -0.1221
    t+3   | +0.1134  +0.0119  -0.2022  +0.2263  +0.0023  -0.1459
    t+4   | +0.1009  +0.0549  -0.1942  +0.2204  -0.0489  +0.0799
[13:10:08] #   33 [bench] e2e=  911.1ms  infer=  909.7ms  cap=  1.2ms
    t+0   | +0.1500  +0.1214  -0.0653  +0.2938  +0.1961  +0.4769
    t+1   | +0.1226  +0.1236  -0.0990  +0.2764  +0.1488  +0.1343
    t+2   | -0.0135  +0.0202  -0.0715  +0.1891  +0.1796  +0.0760
    t+3   | +0.0018  -0.0674  -0.0438  +0.2001  +0.1359  -0.0037
    t+4   | +0.0877  -0.0817  -0.0744  +0.2274  +0.0974  +0.0172
[13:10:09] #   34 [bench] e2e=  913.6ms  infer=  912.2ms  cap=  1.2ms
    t+0   | +0.1870  -0.0504  -0.0566  +0.1605  -0.0914  -0.0945
    t+1   | +0.1284  -0.0511  -0.0242  +0.1211  -0.0982  -0.1061
    t+2   | +0.1132  -0.0530  -0.0324  +0.0963  -0.0881  -0.0929
    t+3   | +0.0258  -0.1241  +0.0062  +0.0709  -0.0562  -0.1667
    t+4   | +0.0591  -0.1014  +0.0263  +0.0826  -0.0503  -0.1610
[13:10:10] #   35 [bench] e2e=  911.9ms  infer=  910.6ms  cap=  1.2ms
    t+0   | +0.1933  +0.1080  -0.2113  +0.3165  +0.0101  -0.0185
    t+1   | +0.1498  +0.1322  -0.2341  +0.3013  +0.0488  -0.1472
    t+2   | +0.1253  +0.0751  -0.1824  +0.2405  +0.0769  -0.2599
    t+3   | +0.1326  +0.0744  -0.1101  +0.2497  +0.1299  -0.2521
    t+4   | +0.1236  +0.0411  -0.0974  +0.2251  +0.1258  -0.3207
[13:10:11] #   36 [bench] e2e=  910.5ms  infer=  909.1ms  cap=  1.3ms
    t+0   | -0.0205  -0.0642  -0.0260  +0.1991  -0.2554  +0.0930
    t+1   | -0.0821  -0.0467  -0.0373  +0.2099  -0.2225  +0.0404
    t+2   | -0.0564  -0.0400  -0.0632  +0.2340  -0.2062  +0.1829
    t+3   | -0.0372  +0.0169  -0.0874  +0.2781  -0.2303  +0.3165
    t+4   | -0.0019  +0.0729  -0.1338  +0.3074  -0.2491  +0.3144
[13:10:12] #   37 [bench] e2e=  912.2ms  infer=  910.8ms  cap=  1.2ms
    t+0   | +0.3929  +0.3630  -0.3778  +0.3532  +0.6065  +1.2469
    t+1   | +0.3472  +0.3253  -0.3458  +0.3658  +0.4770  +1.1254
    t+2   | +0.2360  +0.2755  -0.3360  +0.3849  +0.3663  +0.7679
    t+3   | +0.2837  +0.2716  -0.3563  +0.4122  +0.2538  +0.8853
    t+4   | +0.2926  +0.3004  -0.3408  +0.4051  +0.3440  +0.9843
[13:10:12] #   38 [bench] e2e=  913.3ms  infer=  911.9ms  cap=  1.3ms
    t+0   | +0.2183  +0.1389  -0.1489  +0.2875  +0.0889  +0.1180
    t+1   | +0.2290  +0.1767  -0.1749  +0.3088  +0.0848  +0.3037
    t+2   | +0.2319  +0.1874  -0.1946  +0.3210  +0.1208  +0.5592
    t+3   | +0.2104  +0.2329  -0.2863  +0.3221  +0.1122  +0.2691
    t+4   | +0.2333  +0.2682  -0.3290  +0.3255  +0.1208  +0.2365
[13:10:13] #   39 [bench] e2e=  910.4ms  infer=  909.1ms  cap=  1.2ms
    t+0   | +0.0820  -0.0228  -0.1038  +0.2397  +0.0117  +0.0189
    t+1   | +0.0818  -0.0756  -0.0731  +0.2272  +0.0130  -0.0454
    t+2   | +0.0770  -0.0990  -0.0820  +0.2522  +0.0555  -0.0681
    t+3   | +0.0803  -0.0890  -0.0890  +0.2550  +0.0679  -0.0716
    t+4   | +0.0925  -0.0521  -0.1165  +0.2940  +0.0433  -0.0651
[13:10:14] #   40 [bench] e2e=  911.1ms  infer=  909.8ms  cap=  1.2ms
    t+0   | -0.1553  +0.0490  -0.2445  +0.2774  -0.4468  -0.4335
    t+1   | -0.0415  +0.0126  -0.1486  +0.2387  -0.3078  -0.4658
    t+2   | +0.0194  +0.0414  -0.1757  +0.2621  -0.2477  -0.3869
    t+3   | +0.0320  -0.0255  -0.1209  +0.2364  -0.1805  -0.2824
    t+4   | +0.0416  -0.0534  -0.0997  +0.2204  -0.1886  +0.0957
[13:10:15] #   41 [bench] e2e=  913.6ms  infer=  912.3ms  cap=  1.2ms
    t+0   | -0.0018  -0.1883  +0.0597  +0.1764  +0.0511  -0.0292
    t+1   | -0.0009  -0.1218  -0.0270  +0.2150  +0.0224  -0.0186
    t+2   | -0.0204  -0.0325  -0.1095  +0.2424  +0.0180  +0.0326
    t+3   | +0.0382  +0.0350  -0.1564  +0.2669  +0.0153  +0.0391
    t+4   | +0.0868  +0.0568  -0.1522  +0.2797  +0.0549  -0.0368
[13:10:16] #   42 [bench] e2e=  908.5ms  infer=  907.1ms  cap=  1.3ms
    t+0   | +0.1297  +0.1541  -0.2623  +0.3559  -0.1789  +0.4730
    t+1   | +0.1026  +0.2459  -0.3313  +0.3976  -0.1268  +0.5117
    t+2   | +0.0881  +0.2566  -0.3012  +0.3923  -0.1297  +0.4861
    t+3   | +0.0436  +0.2445  -0.2705  +0.3704  -0.1313  +0.4228
    t+4   | +0.0078  +0.2451  -0.2523  +0.3688  -0.1739  +0.3563
[13:10:17] #   43 [bench] e2e=  908.8ms  infer=  907.4ms  cap=  1.2ms
    t+0   | +0.2573  +0.0166  -0.1005  +0.2805  +0.0321  +0.4546
    t+1   | +0.1956  +0.0106  -0.0852  +0.2754  -0.0526  +0.3539
    t+2   | +0.1372  +0.0133  -0.1142  +0.2918  -0.1333  +0.3759
    t+3   | +0.1428  +0.0261  -0.1500  +0.2691  -0.1880  +0.2508
    t+4   | +0.0738  +0.0350  -0.2021  +0.2471  -0.2373  +0.1429
[13:10:18] #   44 [bench] e2e=  914.3ms  infer=  912.9ms  cap=  1.2ms
    t+0   | +0.1329  -0.0290  -0.0220  +0.2490  +0.1026  +0.0461
    t+1   | +0.1363  -0.0116  -0.0308  +0.2302  +0.0803  +0.0228
    t+2   | +0.1081  +0.0253  -0.0656  +0.2084  +0.0393  +0.0612
    t+3   | +0.0904  +0.0620  -0.1030  +0.2460  +0.0125  +0.3424
    t+4   | +0.1187  +0.0761  -0.1495  +0.2753  +0.0684  +0.4343
[13:10:19] #   45 [bench] e2e=  913.2ms  infer=  911.9ms  cap=  1.2ms
    t+0   | +0.1229  -0.0397  -0.1009  +0.2735  -0.0395  +0.0039
    t+1   | +0.1092  -0.0429  -0.0939  +0.2648  +0.0126  -0.1001
    t+2   | +0.0848  -0.0009  -0.1301  +0.2651  +0.0038  -0.0209
    t+3   | +0.1691  +0.1085  -0.2698  +0.3645  -0.0106  +0.2027
    t+4   | +0.0804  +0.2691  -0.6888  +0.4558  -0.1111  +0.0732

  [live] after 40 bench steps — e2e mean=911.0ms  |  max replan freq=1.10 Hz  |  max control freq=5.49 Hz (n_action_steps=5)

[13:10:20] #   46 [bench] e2e=  912.7ms  infer=  911.4ms  cap=  1.2ms
    t+0   | +0.0908  -0.0953  -0.0024  +0.1952  -0.0318  -0.1838
    t+1   | -0.0190  -0.0163  -0.0448  +0.2240  -0.0107  -0.1592
    t+2   | -0.0820  -0.0053  -0.0739  +0.2231  +0.0155  -0.1681
    t+3   | -0.1406  -0.0618  -0.0651  +0.1601  +0.0048  -0.2264
    t+4   | -0.2051  -0.0456  -0.0450  +0.1566  -0.0245  -0.2339
[13:10:21] #   47 [bench] e2e=  912.1ms  infer=  910.8ms  cap=  1.2ms
    t+0   | +0.2390  +0.0885  -0.1502  +0.2814  -0.0806  +0.3530
    t+1   | +0.2310  +0.0483  -0.1482  +0.2272  -0.1116  +0.0772
    t+2   | +0.1829  +0.0461  -0.1565  +0.2052  -0.0712  +0.0687
    t+3   | +0.1671  +0.0660  -0.1835  +0.2237  -0.0661  +0.2044
    t+4   | +0.1566  +0.1081  -0.1904  +0.2586  -0.0292  +0.1908
[13:10:22] #   48 [bench] e2e=  914.7ms  infer=  913.3ms  cap=  1.2ms
    t+0   | +0.0997  -0.1021  +0.0143  +0.1651  +0.0117  -0.3934
    t+1   | +0.1042  -0.0729  -0.0158  +0.2004  +0.0403  -0.1465
    t+2   | +0.1054  -0.0303  -0.0456  +0.2106  +0.0114  -0.0416
    t+3   | +0.1192  +0.0273  -0.0735  +0.2335  +0.0105  +0.0394
    t+4   | +0.1681  +0.0834  -0.0881  +0.2397  +0.0546  -0.0330
[13:10:23] #   49 [bench] e2e=  910.0ms  infer=  908.7ms  cap=  1.2ms
    t+0   | +0.1778  -0.0537  -0.0600  +0.2064  +0.0223  -0.1813
    t+1   | +0.1858  -0.0282  -0.0765  +0.2032  +0.0718  -0.1166
    t+2   | +0.1774  +0.0231  -0.0810  +0.2038  +0.0069  -0.0498
    t+3   | +0.1354  +0.0275  -0.1783  +0.1618  -0.0003  -0.0671
    t+4   | +0.1313  +0.0421  -0.1819  +0.1652  -0.0064  -0.1035
[13:10:23] #   50 [bench] e2e=  911.4ms  infer=  910.0ms  cap=  1.3ms
    t+0   | +0.2553  +0.0792  -0.1290  +0.2825  +0.2183  -0.2185
    t+1   | +0.2128  +0.0650  -0.1574  +0.2596  +0.1631  -0.1523
    t+2   | +0.1815  +0.0661  -0.1632  +0.2779  +0.1987  -0.0946
    t+3   | +0.1619  +0.0430  -0.1598  +0.2536  +0.2014  -0.2476
    t+4   | +0.1469  +0.0412  -0.0790  +0.2389  +0.2880  -0.4388
[13:10:24] #   51 [bench] e2e=  912.3ms  infer=  910.9ms  cap=  1.2ms
    t+0   | +0.1036  -0.1542  +0.0620  +0.1277  +0.0068  -0.2380
    t+1   | +0.0633  -0.1366  +0.0462  +0.1383  -0.0333  -0.2112
    t+2   | +0.0410  -0.1269  +0.0285  +0.1443  -0.0705  -0.1467
    t+3   | +0.0486  -0.0740  +0.0067  +0.1531  -0.1221  -0.0754
    t+4   | +0.0099  +0.0157  -0.0069  +0.1723  -0.1388  +0.0748
[13:10:25] #   52 [bench] e2e=  910.6ms  infer=  909.3ms  cap=  1.2ms
    t+0   | +0.0235  +0.0013  -0.1145  +0.2861  +0.0062  +0.1025
    t+1   | +0.0295  +0.0040  -0.1298  +0.3163  +0.0441  +0.1668
    t+2   | +0.0217  +0.0306  -0.2029  +0.3192  +0.3486  +0.0448
    t+3   | +0.0652  +0.0474  -0.2174  +0.2976  +0.2824  -0.0050
    t+4   | +0.0854  +0.0624  -0.1838  +0.2897  +0.2860  -0.0182
[13:10:26] #   53 [bench] e2e=  907.7ms  infer=  906.2ms  cap=  1.4ms
    t+0   | +0.0835  -0.0939  -0.0090  +0.1846  -0.0813  -0.3069
    t+1   | +0.0667  -0.1079  -0.0294  +0.1791  -0.1027  -0.3314
    t+2   | +0.0391  -0.1149  -0.0427  +0.1680  -0.1798  -0.1789
    t+3   | +0.0439  -0.1078  -0.0883  +0.1542  -0.2746  +0.1391
    t+4   | +0.0571  -0.1035  -0.0650  +0.1444  -0.2675  +0.0089
[13:10:27] #   54 [bench] e2e=  911.5ms  infer=  910.2ms  cap=  1.2ms
    t+0   | +0.1818  -0.0130  -0.1257  +0.2979  -0.0161  +0.1230
    t+1   | +0.1848  -0.0501  -0.1012  +0.2737  -0.0029  +0.0247
    t+2   | +0.1373  -0.0612  -0.0333  +0.2478  -0.0047  -0.2956
    t+3   | +0.1114  -0.0549  -0.0365  +0.2530  -0.0263  -0.2534
    t+4   | +0.0441  +0.0147  -0.0679  +0.2587  +0.0760  -0.2941
[13:10:28] #   55 [bench] e2e=  911.2ms  infer=  909.8ms  cap=  1.3ms
    t+0   | +0.1398  -0.0017  -0.0681  +0.2317  +0.1605  -0.0666
    t+1   | +0.1542  -0.0282  -0.0480  +0.1999  +0.1603  -0.0439
    t+2   | +0.1874  -0.0016  -0.0588  +0.2144  +0.1432  -0.0477
    t+3   | +0.1704  +0.0220  -0.0912  +0.2160  +0.1208  +0.1309
    t+4   | +0.1374  +0.0861  -0.0998  +0.2470  +0.0986  +0.3511
[13:10:29] #   56 [bench] e2e=  910.6ms  infer=  909.2ms  cap=  1.2ms
    t+0   | +0.1337  -0.1071  -0.0329  +0.2103  -0.0184  -0.1159
    t+1   | +0.1545  -0.1046  -0.0820  +0.2050  -0.0092  -0.0396
    t+2   | +0.1162  +0.0074  -0.1317  +0.2113  +0.0093  +0.2426
    t+3   | +0.0604  -0.0136  -0.0852  +0.1754  +0.0719  +0.2366
    t+4   | +0.0493  +0.0048  -0.0764  +0.2209  +0.0576  +0.4038
[13:10:30] #   57 [bench] e2e=  911.3ms  infer=  910.0ms  cap=  1.2ms
    t+0   | +0.0755  -0.0938  -0.0347  +0.2016  -0.0323  -0.1624
    t+1   | +0.0967  -0.0479  -0.0895  +0.2080  -0.0292  -0.0421
    t+2   | +0.1013  -0.0112  -0.1145  +0.2229  +0.0020  -0.0580
    t+3   | +0.0607  +0.0022  -0.1465  +0.2408  +0.0073  -0.1305
    t+4   | +0.0382  +0.0793  -0.2244  +0.2962  -0.0313  -0.0736
[13:10:31] #   58 [bench] e2e=  911.9ms  infer=  910.5ms  cap=  1.2ms
    t+0   | +0.1706  -0.0130  -0.0176  +0.2070  +0.0953  +0.1891
    t+1   | +0.1684  +0.0032  -0.0139  +0.2233  +0.1275  +0.1096
    t+2   | +0.1637  +0.0181  -0.0187  +0.2422  +0.0515  +0.0875
    t+3   | +0.1606  +0.0612  -0.0268  +0.2504  +0.0573  +0.0737
    t+4   | +0.1625  +0.1038  -0.0337  +0.2504  +0.1552  +0.1042
[13:10:32] #   59 [bench] e2e=  912.5ms  infer=  911.1ms  cap=  1.2ms
    t+0   | +0.2164  +0.0444  -0.1615  +0.2740  +0.0095  -0.1756
    t+1   | +0.2231  +0.0306  -0.1243  +0.2547  +0.0362  -0.1661
    t+2   | +0.2133  +0.0106  -0.0972  +0.2330  -0.0050  -0.0254
    t+3   | +0.1773  +0.0470  -0.0875  +0.2407  -0.0103  +0.0809
    t+4   | +0.1207  +0.0259  -0.0987  +0.2107  +0.0147  -0.1046
[13:10:33] #   60 [bench] e2e=  910.5ms  infer=  909.2ms  cap=  1.2ms
    t+0   | +0.0152  -0.1625  +0.0064  +0.1525  -0.1007  -0.3267
    t+1   | -0.0111  -0.1860  +0.0241  +0.1543  -0.0939  -0.4932
    t+2   | -0.0562  -0.1774  +0.0049  +0.1643  -0.1400  -0.4850
    t+3   | -0.0629  -0.1401  -0.0099  +0.1839  -0.1372  -0.4137
    t+4   | -0.0101  -0.0922  -0.0265  +0.2263  -0.1372  -0.1601
[13:10:33] #   61 [bench] e2e=  912.3ms  infer=  910.9ms  cap=  1.2ms
    t+0   | +0.1997  +0.1217  -0.1079  +0.2708  -0.0131  +0.5177
    t+1   | +0.1528  +0.1796  -0.1636  +0.2969  -0.0520  +0.3588
    t+2   | +0.1966  +0.1776  -0.1423  +0.3163  -0.0655  +0.3858
    t+3   | +0.1608  +0.1863  -0.1076  +0.3303  -0.1278  +0.3646
    t+4   | +0.1345  +0.1613  -0.0856  +0.3049  -0.0960  +0.3174
[13:10:34] #   62 [bench] e2e=  910.9ms  infer=  909.6ms  cap=  1.2ms
    t+0   | +0.3138  +0.0889  -0.1698  +0.2874  +0.0774  -0.4450
    t+1   | +0.2715  +0.1187  -0.1886  +0.2814  +0.0066  -0.4369
    t+2   | +0.2233  +0.0957  -0.1627  +0.2653  -0.0392  -0.4386
    t+3   | +0.1763  +0.0198  -0.1308  +0.2354  -0.0668  -0.4019
    t+4   | +0.1225  -0.0191  -0.0598  +0.2457  -0.0449  -0.4285
[13:10:35] #   63 [bench] e2e=  910.9ms  infer=  909.4ms  cap=  1.3ms
    t+0   | +0.1229  -0.0900  -0.0346  +0.1981  +0.1137  -0.1863
    t+1   | +0.1811  -0.0603  -0.0718  +0.2280  +0.1443  -0.0856
    t+2   | +0.1724  -0.0815  -0.1097  +0.1905  +0.1283  -0.0031
    t+3   | +0.1589  -0.0481  -0.1665  +0.2177  +0.0990  +0.1252
    t+4   | +0.3122  +0.0387  -0.2592  +0.2664  +0.0936  +0.2857
[13:10:36] #   64 [bench] e2e=  913.7ms  infer=  912.4ms  cap=  1.2ms
    t+0   | +0.0008  +0.0569  -0.2271  +0.2956  -0.0926  +0.0952
    t+1   | +0.0219  +0.0187  -0.1962  +0.2763  -0.0835  +0.1194
    t+2   | +0.0227  +0.0118  -0.1570  +0.2354  -0.0596  +0.0248
    t+3   | -0.0235  +0.0385  -0.1817  +0.2154  -0.0761  -0.0332
    t+4   | +0.0046  +0.0371  -0.1651  +0.2325  -0.0595  -0.0539
[13:10:37] #   65 [bench] e2e=  909.1ms  infer=  907.8ms  cap=  1.2ms
    t+0   | +0.3269  +0.1232  -0.2026  +0.3311  +0.1088  +0.1161
    t+1   | +0.3688  +0.1244  -0.2086  +0.3236  +0.1779  +0.0129
    t+2   | +0.3707  +0.1072  -0.1236  +0.2645  +0.2183  -0.2568
    t+3   | +0.3170  +0.0605  -0.0756  +0.2389  +0.1681  -0.2415
    t+4   | +0.2825  +0.0707  -0.1000  +0.2449  +0.0956  -0.0996

  [live] after 60 bench steps — e2e mean=911.2ms  |  max replan freq=1.10 Hz  |  max control freq=5.49 Hz (n_action_steps=5)

[13:10:38] #   66 [bench] e2e=  909.9ms  infer=  908.5ms  cap=  1.2ms
    t+0   | +0.2294  -0.0407  -0.1314  +0.2701  -0.0647  +0.2855
    t+1   | +0.1924  -0.0462  -0.1394  +0.2740  -0.1108  +0.2844
    t+2   | +0.1910  -0.0290  -0.1392  +0.2802  -0.0776  +0.2999
    t+3   | +0.1968  -0.0345  -0.0874  +0.2534  -0.1152  +0.4677
    t+4   | +0.1950  -0.0201  -0.0763  +0.2516  -0.1081  +0.4501

============================================================
  SmolVLA-base inference benchmark — final report
  model  : rlodhi/smolvla_screw_picking_5000
  device : cuda
  num_steps: 10
  task   : pick up the object and place it in the box
============================================================
  wall time      : 60.7s
  warmup steps   : 5
  benchmark steps: 61

  capture + preprocess:
    n      = 61
    mean   = 1.23 ms
    median = 1.22 ms
    std    = 0.03 ms
    min    = 1.20 ms
    p90    = 1.27 ms
    p95    = 1.28 ms
    p99    = 1.32 ms
    max    = 1.35 ms

  batch construction:
    n      = 61
    mean   = 0.13 ms
    median = 0.13 ms
    std    = 0.00 ms
    min    = 0.12 ms
    p90    = 0.13 ms
    p95    = 0.13 ms
    p99    = 0.14 ms
    max    = 0.15 ms

  model forward (select_action):
    n      = 61
    mean   = 909.77 ms
    median = 909.56 ms
    std    = 1.90 ms
    min    = 905.90 ms
    p90    = 912.27 ms
    p95    = 913.33 ms
    p99    = 913.43 ms
    max    = 913.45 ms

  end-to-end (capture → action):
    n      = 61
    mean   = 911.13 ms
    median = 910.94 ms
    std    = 1.89 ms
    min    = 907.30 ms
    p90    = 913.64 ms
    p95    = 914.67 ms
    p99    = 914.80 ms
    max    = 914.81 ms

  chunk_size     : 5
  n_action_steps : 5

  >> max replan frequency : 1.098 Hz  (1 / e2e latency)
  >> max control frequency: 5.488 Hz  (replan_hz × n_action_steps)
============================================================
