You have video processor config saved in `preprocessor.json` file which is deprecated. Video processor configs should be saved in their own `video_preprocessor.json` file. You can rename the file or load and save the processor back which renames it automatically. Loading from `preprocessor.json` will be removed in v5.0.
[13:00:17] Device: cuda
[13:00:17] Loading 'rlodhi/smolvla_screw_picking_5000' …
Reducing the number of VLM layers to 16 ...
[13:00:49] Policy ready on cuda (fp16)
[13:00:49] chunk_size=5, n_action_steps=5, num_steps=3
[13:00:49] resize_imgs=(512, 512)
[13:00:49] Image keys : ['observation.images.base', 'observation.images.wrist']
[13:00:49] Action dim : 6
[13:00:49] Task       : 'pick up the object and place it in the box'
[13:00:49] Camera /dev/video2 opened at 424×240
[13:00:49] SW resize   : 424×240 → 320×240

[13:00:49] Warming up for 5 steps, then benchmarking for 60s …

[13:00:51] #    1 [warm ] e2e= 1121.7ms  infer= 1100.4ms  cap= 13.5ms
    t+0   | +0.1271  +0.1531  -0.2204  +0.2679  +0.1612  -0.0089
    t+1   | +0.1607  +0.2471  -0.2720  +0.3537  +0.1582  +0.2375
    t+2   | +0.1797  +0.2620  -0.2889  +0.3959  +0.2854  +0.6738
    t+3   | +0.2235  +0.4007  -0.4374  +0.4778  +0.2867  +0.4780
    t+4   | +0.2772  +0.4780  -0.4515  +0.5018  +0.3305  +0.7370
[13:00:51] #    2 [warm ] e2e=  466.7ms  infer=  463.9ms  cap=  2.7ms
    t+0   | +0.0689  +0.0797  -0.0776  +0.2232  +0.1178  +0.3742
    t+1   | +0.1016  +0.0906  -0.0987  +0.2554  +0.1513  +0.1047
    t+2   | +0.1428  +0.1008  -0.1548  +0.2917  +0.1798  +0.0867
    t+3   | +0.1080  +0.1217  -0.2182  +0.3048  +0.1226  +0.0317
    t+4   | +0.1539  +0.1958  -0.2300  +0.3893  +0.3100  +0.0960
[13:00:51] #    3 [warm ] e2e=  452.3ms  infer=  449.5ms  cap=  2.6ms
    t+0   | +0.0692  +0.0972  -0.0650  +0.2574  +0.1750  +0.2088
    t+1   | +0.1348  +0.1541  -0.1035  +0.2674  +0.1540  +0.3999
    t+2   | +0.1034  +0.0856  -0.1390  +0.2640  +0.0722  +0.9625
    t+3   | +0.1770  +0.1157  -0.1183  +0.2587  +0.0304  +0.7228
    t+4   | +0.2193  +0.0956  -0.0850  +0.2910  +0.0173  +0.5625
[13:00:52] #    4 [warm ] e2e=  440.8ms  infer=  437.7ms  cap=  2.9ms
    t+0   | +0.0807  +0.0829  -0.0734  +0.2897  +0.2362  +0.0306
    t+1   | +0.0551  +0.0041  -0.0629  +0.2480  +0.2453  -0.0092
    t+2   | +0.0671  +0.0189  -0.0734  +0.2502  +0.1829  +0.0733
    t+3   | +0.1721  +0.0156  -0.0837  +0.2438  +0.2108  +0.0351
    t+4   | +0.1474  +0.0617  -0.1035  +0.2550  +0.1534  +0.0187
[13:00:52] #    5 [warm ] e2e=  443.7ms  infer=  441.8ms  cap=  1.8ms
    t+0   | -0.0266  -0.0412  +0.0018  +0.1382  +0.2233  -0.2041
    t+1   | +0.0326  +0.0483  -0.0206  +0.2054  +0.2024  -0.1468
    t+2   | +0.0622  +0.0579  -0.0802  +0.2562  +0.1732  +0.0380
    t+3   | -0.0042  +0.1028  -0.1770  +0.2716  +0.0890  +0.2792
    t+4   | +0.0504  +0.1493  -0.1408  +0.2710  +0.0802  +0.5793
[13:00:53] #    6 [bench] e2e=  449.0ms  infer=  446.7ms  cap=  2.2ms
    t+0   | -0.0762  -0.0978  +0.0091  +0.0431  +0.0677  -0.2864
    t+1   | -0.0288  -0.1072  -0.0051  +0.0424  +0.0702  -0.1902
    t+2   | -0.0584  -0.0787  -0.0089  +0.0239  +0.0201  -0.1440
    t+3   | -0.0677  -0.0887  -0.0208  +0.0634  -0.0435  -0.2152
    t+4   | +0.0314  -0.0315  -0.0745  +0.1211  -0.0021  -0.1249
[13:00:53] #    7 [bench] e2e=  447.8ms  infer=  445.4ms  cap=  2.3ms
    t+0   | +0.0451  +0.0518  -0.1503  +0.1616  -0.0095  +0.0641
    t+1   | +0.0338  +0.0314  -0.1374  +0.1911  +0.0004  +0.0375
    t+2   | +0.0500  -0.0027  -0.1158  +0.0932  -0.0032  -0.0304
    t+3   | +0.0562  +0.0321  -0.1307  +0.1728  -0.0213  +0.0671
    t+4   | +0.0366  +0.0605  -0.1283  +0.1694  +0.0183  +0.0648
[13:00:54] #    8 [bench] e2e=  438.1ms  infer=  435.4ms  cap=  2.5ms
    t+0   | +0.0276  -0.0377  -0.0829  +0.0961  -0.0436  +0.1116
    t+1   | +0.0078  -0.0750  -0.0321  +0.0855  -0.1098  +0.0509
    t+2   | +0.0093  -0.0380  -0.0729  +0.1022  -0.1004  +0.2536
    t+3   | +0.0346  -0.0824  -0.0235  +0.1380  -0.0976  +0.0740
    t+4   | -0.0503  -0.0247  -0.0289  +0.0874  -0.1408  +0.1302
[13:00:54] #    9 [bench] e2e=  450.8ms  infer=  447.0ms  cap=  3.6ms
    t+0   | +0.0569  +0.0581  -0.1113  +0.1458  +0.0066  -0.0049
    t+1   | +0.0272  +0.0262  -0.1349  +0.0999  -0.0262  +0.0410
    t+2   | +0.0145  +0.0576  -0.1157  +0.1698  -0.0369  +0.0628
    t+3   | +0.0594  +0.0341  -0.2085  +0.2006  -0.0541  -0.0190
    t+4   | +0.1511  +0.1736  -0.4382  +0.3303  +0.0021  -0.0192
[13:00:55] #   10 [bench] e2e=  443.0ms  infer=  440.5ms  cap=  2.3ms
    t+0   | -0.0268  -0.0434  -0.0607  +0.1145  +0.0056  -0.2326
    t+1   | -0.0060  -0.0906  -0.0337  +0.1097  +0.0381  -0.1585
    t+2   | +0.0401  -0.0759  -0.0413  +0.0963  +0.0344  -0.0159
    t+3   | +0.0357  -0.0491  -0.0587  +0.1370  +0.0576  +0.0197
    t+4   | +0.0326  -0.0250  -0.0997  +0.1626  -0.0018  +0.1455
[13:00:55] #   11 [bench] e2e=  449.8ms  infer=  447.0ms  cap=  2.7ms
    t+0   | +0.0144  +0.0219  -0.0834  +0.1307  +0.0686  +0.0963
    t+1   | +0.0383  +0.0686  -0.0928  +0.1412  +0.0222  +0.0135
    t+2   | +0.0838  +0.0502  -0.1403  +0.1523  +0.0089  -0.0200
    t+3   | +0.1184  +0.1117  -0.1212  +0.1895  -0.0158  -0.0118
    t+4   | +0.1387  +0.1256  -0.1409  +0.1820  -0.0376  +0.3749
[13:00:55] #   12 [bench] e2e=  440.3ms  infer=  437.1ms  cap=  2.9ms
    t+0   | +0.0480  +0.0694  -0.1474  +0.1732  -0.0438  +0.1540
    t+1   | +0.0185  +0.0194  -0.1134  +0.1469  -0.0925  +0.0886
    t+2   | +0.0278  +0.0530  -0.1164  +0.1798  -0.0957  +0.1657
    t+3   | +0.0016  +0.0732  -0.1703  +0.1755  -0.0896  +0.2941
    t+4   | +0.0489  +0.1126  -0.1625  +0.1913  -0.1173  +0.5022
[13:00:56] #   13 [bench] e2e=  442.7ms  infer=  440.2ms  cap=  2.3ms
    t+0   | -0.0360  -0.0014  -0.0616  +0.1064  +0.0549  -0.0508
    t+1   | -0.0375  -0.0425  -0.0962  +0.1180  +0.0300  +0.0445
    t+2   | -0.0019  -0.0150  -0.0776  +0.1211  -0.0255  +0.1233
    t+3   | +0.0204  +0.0282  -0.0945  +0.1362  -0.0246  +0.1401
    t+4   | +0.0179  +0.0130  -0.1252  +0.1802  +0.0145  +0.1052
[13:00:56] #   14 [bench] e2e=  440.2ms  infer=  437.8ms  cap=  2.3ms
    t+0   | -0.0194  -0.0577  -0.0125  +0.0868  -0.0901  +0.9851
    t+1   | -0.0101  -0.0287  -0.0752  +0.1141  -0.0223  +0.2367
    t+2   | -0.0274  -0.0666  -0.0259  +0.1021  -0.0167  +0.3424
    t+3   | +0.0168  -0.0146  -0.0787  +0.1567  +0.0120  +0.1857
    t+4   | +0.0617  +0.0617  -0.0672  +0.1409  +0.0019  +0.1466
[13:00:57] #   15 [bench] e2e=  450.6ms  infer=  448.1ms  cap=  2.3ms
    t+0   | -0.0397  -0.0604  -0.0551  +0.0760  -0.0407  -0.2530
    t+1   | -0.0547  -0.0714  -0.0605  +0.0836  +0.0236  -0.2551
    t+2   | +0.0120  -0.0984  -0.0886  +0.1383  -0.0206  -0.1887
    t+3   | +0.0178  -0.0926  -0.0796  +0.1676  -0.0212  -0.2576
    t+4   | -0.0171  -0.1166  -0.0942  +0.1370  -0.0923  -0.3121
[13:00:57] #   16 [bench] e2e=  446.3ms  infer=  442.6ms  cap=  3.5ms
    t+0   | -0.0374  -0.0737  -0.0287  +0.1049  -0.0286  -0.1925
    t+1   | +0.0059  -0.0148  -0.0395  +0.1135  -0.0704  -0.1560
    t+2   | -0.0418  -0.0380  -0.1017  +0.1317  +0.0133  -0.1397
    t+3   | -0.0486  -0.0497  -0.1081  +0.0846  -0.0149  -0.1486
    t+4   | -0.0178  -0.0232  -0.0188  +0.0786  -0.0700  -0.1931
[13:00:58] #   17 [bench] e2e=  447.2ms  infer=  444.5ms  cap=  2.5ms
    t+0   | +0.0085  -0.0248  -0.1037  +0.1112  -0.0074  -0.0059
    t+1   | -0.0039  +0.0118  -0.0712  +0.1415  -0.0421  -0.0879
    t+2   | +0.0002  -0.0250  -0.0433  +0.1733  -0.0676  -0.2328
    t+3   | +0.0016  -0.0065  -0.1333  +0.1185  -0.0874  -0.2328
    t+4   | +0.0474  +0.0171  -0.1584  +0.1459  -0.0891  -0.2001
[13:00:58] #   18 [bench] e2e=  444.0ms  infer=  441.4ms  cap=  2.4ms
    t+0   | -0.0423  -0.0844  -0.0052  +0.0817  +0.0153  -0.0471
    t+1   | +0.0008  -0.0159  -0.0324  +0.1061  +0.0191  -0.0750
    t+2   | +0.0316  -0.0309  -0.0430  +0.0968  +0.0040  -0.0338
    t+3   | +0.0362  -0.0364  -0.0537  +0.1591  -0.0999  +0.0356
    t+4   | +0.0472  -0.0505  -0.0650  +0.1339  -0.0540  -0.1256
[13:00:59] #   19 [bench] e2e=  446.6ms  infer=  443.2ms  cap=  3.3ms
    t+0   | +0.0325  +0.0039  -0.1179  +0.0897  -0.0527  -0.1556
    t+1   | +0.0566  +0.0066  -0.0871  +0.1477  -0.0320  -0.0475
    t+2   | +0.0689  -0.0344  -0.0599  +0.1693  +0.0137  -0.0145
    t+3   | +0.0475  -0.0508  -0.0532  +0.0974  +0.0069  +0.0250
    t+4   | +0.0144  -0.0328  -0.0443  +0.1055  -0.0108  -0.0597
[13:00:59] #   20 [bench] e2e=  449.4ms  infer=  445.9ms  cap=  3.4ms
    t+0   | -0.0962  -0.1181  -0.0203  +0.0325  -0.0645  -0.0545
    t+1   | -0.0484  -0.0631  -0.0121  +0.1176  -0.0692  -0.0112
    t+2   | -0.0354  -0.0972  -0.0375  +0.0899  -0.0478  -0.0913
    t+3   | -0.0079  -0.0286  -0.0529  +0.0805  -0.1013  -0.0592
    t+4   | -0.0043  -0.0456  -0.0824  +0.0867  -0.1347  -0.0474
[13:00:59] #   21 [bench] e2e=  445.8ms  infer=  443.1ms  cap=  2.5ms
    t+0   | +0.0628  +0.0229  -0.1270  +0.1387  -0.0476  +0.0497
    t+1   | +0.0799  +0.0349  -0.1706  +0.2460  -0.1310  +0.1827
    t+2   | +0.1113  +0.1107  -0.1953  +0.2387  -0.1907  +0.1297
    t+3   | +0.0629  +0.1498  -0.3030  +0.2663  -0.1861  +0.1395
    t+4   | +0.0977  +0.1252  -0.2227  +0.2216  -0.1387  -0.0457
[13:01:00] #   22 [bench] e2e=  434.4ms  infer=  431.9ms  cap=  2.3ms
    t+0   | +0.0671  +0.0387  -0.1359  +0.1478  -0.0210  -0.0687
    t+1   | -0.0125  +0.0379  -0.1116  +0.1808  +0.0633  -0.0638
    t+2   | +0.0546  +0.1141  -0.1588  +0.1911  +0.1281  +0.1120
    t+3   | +0.0771  +0.1083  -0.1728  +0.1864  +0.0274  +0.1188
    t+4   | +0.0570  +0.1110  -0.1680  +0.2157  +0.0608  +0.2196
[13:01:00] #   23 [bench] e2e=  441.0ms  infer=  438.6ms  cap=  2.2ms
    t+0   | +0.0578  +0.0295  -0.1134  +0.1292  +0.0700  -0.0507
    t+1   | +0.0022  +0.0096  -0.0446  +0.1215  +0.0485  +0.0085
    t+2   | -0.0342  -0.0035  -0.0427  +0.1690  +0.1199  -0.0038
    t+3   | +0.0132  +0.0392  -0.1118  +0.1507  +0.1126  +0.0090
    t+4   | +0.0424  +0.0785  -0.0812  +0.1291  +0.0379  -0.1094
[13:01:01] #   24 [bench] e2e=  438.6ms  infer=  436.3ms  cap=  2.1ms
    t+0   | -0.0997  -0.1216  -0.0065  +0.0641  -0.0361  -0.1753
    t+1   | +0.0087  -0.0730  +0.0073  +0.0539  -0.0466  -0.1389
    t+2   | -0.0545  -0.0197  -0.0757  +0.1405  +0.0596  -0.0690
    t+3   | -0.0135  +0.0467  -0.0992  +0.1450  +0.0460  -0.0539
    t+4   | +0.0574  +0.0411  -0.1081  +0.1582  +0.0763  -0.0041
[13:01:01] #   25 [bench] e2e=  444.2ms  infer=  441.8ms  cap=  2.3ms
    t+0   | +0.1277  +0.1013  -0.1887  +0.2136  +0.0426  -0.1652
    t+1   | +0.0950  +0.0617  -0.1556  +0.1517  +0.0139  -0.1541
    t+2   | +0.0243  +0.0428  -0.1678  +0.1791  +0.0094  -0.0582
    t+3   | +0.0230  +0.0343  -0.2459  +0.2229  -0.0715  +0.0267
    t+4   | +0.0848  +0.0348  -0.2143  +0.2684  -0.0235  +0.0535

  [live] after 20 bench steps — e2e mean=444.5ms  |  max replan freq=2.25 Hz  |  max control freq=11.25 Hz (n_action_steps=5)

[13:01:02] #   26 [bench] e2e=  450.2ms  infer=  446.9ms  cap=  3.1ms
    t+0   | +0.0178  -0.0212  -0.0436  +0.1327  +0.0791  -0.0364
    t+1   | +0.0341  -0.0150  -0.0698  +0.0927  +0.0367  -0.0889
    t+2   | +0.0935  -0.0064  -0.0944  +0.1793  +0.0615  -0.0830
    t+3   | +0.1237  +0.0906  -0.1746  +0.2199  +0.0612  +0.0206
    t+4   | +0.1071  +0.0932  -0.1352  +0.2038  +0.0144  +0.0953
[13:01:02] #   27 [bench] e2e=  446.3ms  infer=  444.6ms  cap=  1.5ms
    t+0   | +0.0119  -0.0417  -0.0266  +0.1234  +0.0252  -0.0621
    t+1   | +0.0244  -0.0440  -0.0491  +0.1157  +0.0343  +0.0727
    t+2   | +0.0261  -0.0515  -0.0118  +0.1099  +0.0174  +0.0347
    t+3   | +0.0464  -0.0658  -0.0349  +0.1026  +0.0637  -0.0797
    t+4   | +0.0641  -0.0504  -0.0444  +0.0834  -0.0024  -0.1276
[13:01:03] #   28 [bench] e2e=  437.1ms  infer=  435.5ms  cap=  1.5ms
    t+0   | +0.0146  -0.0383  -0.0434  +0.1251  +0.0705  -0.0771
    t+1   | +0.0142  -0.0256  -0.0481  +0.1450  +0.0365  -0.2006
    t+2   | +0.0074  +0.0289  -0.0530  +0.1337  +0.0328  -0.2887
    t+3   | -0.0283  -0.0505  -0.0746  +0.0506  +0.0444  -0.2826
    t+4   | +0.0809  +0.0311  -0.1289  +0.1751  +0.0340  -0.1574
[13:01:03] #   29 [bench] e2e=  439.3ms  infer=  437.7ms  cap=  1.5ms
    t+0   | +0.0045  -0.0076  -0.0983  +0.1032  +0.0126  -0.0165
    t+1   | -0.0014  +0.0241  -0.0928  +0.1249  -0.0509  +0.3037
    t+2   | +0.0209  +0.0600  -0.0727  +0.1533  -0.1031  +0.1996
    t+3   | +0.0219  +0.0143  -0.1076  +0.1677  -0.0067  +0.3434
    t+4   | +0.1022  +0.0449  -0.1129  +0.1434  -0.0010  +0.3043
[13:01:03] #   30 [bench] e2e=  443.1ms  infer=  441.5ms  cap=  1.5ms
    t+0   | -0.0502  -0.1503  +0.0204  +0.0376  -0.0330  -0.2812
    t+1   | -0.0036  -0.0879  -0.0544  +0.1106  -0.0484  -0.1976
    t+2   | -0.0891  -0.1020  -0.0337  +0.0744  +0.0173  -0.2670
    t+3   | +0.0354  -0.0287  +0.0143  +0.1075  +0.0644  -0.1563
    t+4   | +0.0258  -0.0811  -0.0221  +0.0693  +0.0281  -0.1541
[13:01:04] #   31 [bench] e2e=  442.1ms  infer=  440.4ms  cap=  1.5ms
    t+0   | -0.0102  -0.0188  -0.0739  +0.1103  -0.0065  -0.0166
    t+1   | +0.0435  +0.0119  -0.1026  +0.1294  +0.0398  -0.0899
    t+2   | -0.0061  +0.0146  -0.0421  +0.1724  +0.0296  -0.1882
    t+3   | +0.0130  -0.0396  -0.0186  +0.1298  +0.0798  -0.1375
    t+4   | -0.0134  -0.0633  -0.0525  +0.0855  +0.0835  -0.1715
[13:01:04] #   32 [bench] e2e=  445.4ms  infer=  443.8ms  cap=  1.5ms
    t+0   | +0.0375  +0.0250  -0.1442  +0.1700  -0.0274  -0.2689
    t+1   | +0.0424  +0.0812  -0.1730  +0.2157  -0.0516  -0.1819
    t+2   | +0.0116  +0.0352  -0.1491  +0.1326  -0.0654  -0.0807
    t+3   | -0.0567  -0.0025  -0.1228  +0.1328  -0.0879  -0.1111
    t+4   | -0.0051  -0.0126  -0.2013  +0.1374  -0.0325  -0.0310
[13:01:05] #   33 [bench] e2e=  445.8ms  infer=  444.1ms  cap=  1.5ms
    t+0   | +0.0387  -0.0347  -0.0839  +0.0953  -0.0326  -0.0923
    t+1   | -0.0230  +0.0026  -0.0965  +0.1102  -0.0124  -0.0452
    t+2   | -0.0163  -0.0845  -0.1273  +0.1167  -0.0167  -0.0457
    t+3   | -0.0166  -0.0030  -0.0357  +0.1495  -0.0543  -0.1535
    t+4   | +0.0100  -0.0478  -0.0419  +0.0985  -0.1164  -0.1737
[13:01:05] #   34 [bench] e2e=  436.4ms  infer=  434.2ms  cap=  2.0ms
    t+0   | -0.0342  -0.0224  -0.0775  +0.1298  -0.0539  -0.1153
    t+1   | -0.0683  -0.0320  -0.1368  +0.1351  -0.0731  -0.0331
    t+2   | +0.0453  +0.0362  -0.2076  +0.1810  -0.0801  +0.0559
    t+3   | +0.0536  +0.0238  -0.1184  +0.1628  -0.0493  +0.0110
    t+4   | +0.0447  +0.0517  -0.1165  +0.1982  -0.0505  +0.0676
[13:01:06] #   35 [bench] e2e=  448.7ms  infer=  446.4ms  cap=  2.1ms
    t+0   | +0.0362  -0.0302  -0.1145  +0.1413  -0.0040  -0.1824
    t+1   | +0.0519  +0.0089  -0.1079  +0.1749  -0.0474  -0.2329
    t+2   | +0.0157  +0.0041  -0.1170  +0.1648  -0.0298  -0.0878
    t+3   | +0.0074  -0.0741  -0.1288  +0.1427  -0.0881  -0.1689
    t+4   | -0.0253  -0.0308  -0.0996  +0.1157  -0.1050  -0.2847
[13:01:06] #   36 [bench] e2e=  452.1ms  infer=  449.0ms  cap=  3.0ms
    t+0   | +0.0458  +0.0858  -0.1627  +0.1607  -0.0302  -0.0643
    t+1   | +0.0303  +0.0583  -0.1442  +0.1826  -0.0229  -0.1163
    t+2   | +0.0595  +0.0819  -0.0933  +0.1903  -0.0116  +0.0021
    t+3   | +0.0345  +0.0136  -0.0931  +0.1608  +0.1218  +0.0496
    t+4   | -0.0021  -0.0112  -0.0386  +0.1391  +0.1063  -0.0860
[13:01:07] #   37 [bench] e2e=  443.1ms  infer=  438.8ms  cap=  4.2ms
    t+0   | +0.0946  +0.0440  -0.1552  +0.1579  +0.0003  +0.0757
    t+1   | +0.1343  +0.0849  -0.1292  +0.1652  -0.0185  +0.0931
    t+2   | +0.0954  +0.0916  -0.1765  +0.2164  -0.0513  +0.0795
    t+3   | +0.0840  +0.1184  -0.1833  +0.2040  +0.0268  +0.0588
    t+4   | +0.0503  +0.1119  -0.1448  +0.2121  +0.1142  -0.0437
[13:01:07] #   38 [bench] e2e=  443.3ms  infer=  441.0ms  cap=  2.1ms
    t+0   | +0.0725  +0.0972  -0.1259  +0.1699  -0.0221  +0.5960
    t+1   | +0.0827  +0.0415  -0.0889  +0.1161  -0.0123  +0.3733
    t+2   | -0.0021  -0.1059  -0.0380  +0.0827  +0.0101  +0.1025
    t+3   | -0.0213  -0.0548  +0.0151  +0.1120  -0.0593  +0.0942
    t+4   | +0.0436  -0.0429  -0.0044  +0.1083  -0.0887  +0.0932
[13:01:07] #   39 [bench] e2e=  448.1ms  infer=  445.0ms  cap=  2.9ms
    t+0   | +0.0667  +0.0394  -0.1207  +0.1423  -0.0357  -0.0511
    t+1   | +0.0337  +0.0567  -0.1272  +0.1502  -0.0551  +0.0128
    t+2   | +0.0752  +0.0788  -0.1325  +0.2066  +0.0241  -0.0375
    t+3   | +0.1062  +0.0651  -0.1684  +0.1876  +0.0530  +0.0084
    t+4   | +0.1387  +0.0878  -0.1767  +0.2148  +0.1087  -0.1461
[13:01:08] #   40 [bench] e2e=  454.8ms  infer=  451.2ms  cap=  3.5ms
    t+0   | -0.0391  -0.1035  -0.0261  +0.1005  +0.0188  -0.0379
    t+1   | +0.0031  -0.0529  -0.0126  +0.1274  -0.0372  +0.1041
    t+2   | -0.0110  -0.0353  -0.0456  +0.1127  -0.0602  -0.0060
    t+3   | -0.0195  -0.0232  -0.0472  +0.1392  -0.1058  -0.0548
    t+4   | +0.0338  +0.0452  -0.0999  +0.1242  -0.0860  -0.0063
[13:01:08] #   41 [bench] e2e=  447.8ms  infer=  444.5ms  cap=  3.2ms
    t+0   | +0.0203  -0.0156  -0.0573  +0.1419  +0.0297  +0.0865
    t+1   | +0.0141  -0.0616  -0.0833  +0.1412  +0.0040  +0.0701
    t+2   | -0.0221  -0.0995  -0.0514  +0.0955  -0.0339  +0.0217
    t+3   | -0.0750  -0.1182  +0.0130  +0.0534  -0.0489  -0.1125
    t+4   | +0.0039  -0.0960  -0.0240  +0.0526  -0.0949  -0.1859
[13:01:09] #   42 [bench] e2e=  446.4ms  infer=  442.8ms  cap=  3.4ms
    t+0   | +0.1008  +0.0476  -0.0807  +0.1646  -0.0005  +0.0730
    t+1   | +0.0762  -0.0079  -0.0506  +0.1220  -0.0165  +0.1581
    t+2   | +0.0576  +0.0187  -0.0605  +0.1778  -0.0074  +0.4554
    t+3   | +0.0924  +0.0259  -0.0534  +0.1289  -0.0196  +0.5093
    t+4   | +0.0781  -0.0203  -0.0806  +0.1054  -0.0179  +0.4925
[13:01:09] #   43 [bench] e2e=  447.4ms  infer=  444.6ms  cap=  2.6ms
    t+0   | +0.0172  +0.0340  -0.0867  +0.1452  +0.0164  -0.1655
    t+1   | -0.0111  -0.0046  -0.1151  +0.1495  +0.0660  -0.2805
    t+2   | -0.0021  -0.0171  -0.1314  +0.1742  -0.0418  -0.0276
    t+3   | +0.0633  +0.0210  -0.1836  +0.1818  -0.0516  +0.2820
    t+4   | +0.0958  +0.0669  -0.2084  +0.2063  -0.1019  +0.5040
[13:01:10] #   44 [bench] e2e=  447.6ms  infer=  445.1ms  cap=  2.3ms
    t+0   | +0.1063  +0.0543  -0.0975  +0.1523  +0.0420  -0.1801
    t+1   | +0.1063  +0.0288  -0.1350  +0.2102  +0.0697  -0.2612
    t+2   | +0.0614  +0.0063  -0.1163  +0.1646  +0.0280  -0.1846
    t+3   | +0.0530  +0.0063  -0.1618  +0.1539  +0.0048  -0.0694
    t+4   | +0.0956  +0.0266  -0.2074  +0.1844  -0.0110  -0.0195
[13:01:10] #   45 [bench] e2e=  451.5ms  infer=  449.1ms  cap=  2.3ms
    t+0   | -0.0330  -0.1319  +0.0074  +0.0665  +0.0339  -0.1516
    t+1   | +0.0273  -0.0348  -0.0113  +0.1035  +0.0336  -0.0819
    t+2   | +0.0295  -0.0188  -0.0484  +0.1354  +0.0064  -0.0343
    t+3   | +0.0311  -0.0281  -0.0480  +0.0944  -0.0695  -0.0998
    t+4   | -0.0230  -0.0773  -0.0416  +0.0784  -0.0620  -0.0804

  [live] after 40 bench steps — e2e mean=445.2ms  |  max replan freq=2.25 Hz  |  max control freq=11.23 Hz (n_action_steps=5)

[13:01:11] #   46 [bench] e2e=  448.8ms  infer=  446.1ms  cap=  2.6ms
    t+0   | +0.0270  -0.0092  -0.0959  +0.1652  -0.0090  +0.0311
    t+1   | +0.0504  +0.0244  -0.0805  +0.1105  -0.0576  +0.1501
    t+2   | +0.0176  +0.0050  -0.0587  +0.1469  -0.0529  +0.1672
    t+3   | +0.0589  +0.0182  -0.1077  +0.1296  -0.0484  +0.1793
    t+4   | +0.1502  +0.1269  -0.1340  +0.1938  -0.1482  +0.2712
[13:01:11] #   47 [bench] e2e=  455.7ms  infer=  451.1ms  cap=  4.4ms
    t+0   | -0.0125  -0.0294  -0.0491  +0.1124  -0.0363  -0.2725
    t+1   | +0.0204  +0.0020  -0.0770  +0.1140  -0.0241  -0.3413
    t+2   | -0.0540  -0.0219  -0.1416  +0.1052  -0.0710  -0.2878
    t+3   | +0.0267  +0.0639  -0.1782  +0.1783  -0.1067  -0.2362
    t+4   | +0.0359  +0.0825  -0.1784  +0.1878  -0.0611  -0.2074
[13:01:12] #   48 [bench] e2e=  450.2ms  infer=  447.0ms  cap=  3.1ms
    t+0   | -0.0269  +0.0011  -0.0367  +0.1404  +0.0260  -0.2242
    t+1   | +0.0141  +0.0110  -0.1023  +0.0982  +0.0453  -0.1770
    t+2   | +0.0608  +0.0102  -0.1194  +0.2237  +0.0753  -0.1324
    t+3   | +0.1076  +0.0502  -0.1376  +0.1742  +0.0116  -0.1468
    t+4   | +0.1005  +0.1402  -0.2541  +0.2052  -0.0374  -0.0771
[13:01:12] #   49 [bench] e2e=  457.3ms  infer=  453.7ms  cap=  3.4ms
    t+0   | +0.0289  +0.0226  -0.0813  +0.1565  +0.0506  +0.1457
    t+1   | +0.0190  +0.0465  -0.1061  +0.1511  +0.0186  -0.0083
    t+2   | +0.0349  +0.0596  -0.1189  +0.1837  +0.0917  +0.0091
    t+3   | +0.0514  +0.0841  -0.1235  +0.1808  +0.0600  -0.0225
    t+4   | +0.0945  +0.0560  -0.1544  +0.1484  +0.0508  -0.0051
[13:01:12] #   50 [bench] e2e=  447.5ms  infer=  443.8ms  cap=  3.5ms
    t+0   | +0.0708  +0.0342  -0.1079  +0.1469  +0.0652  -0.0805
    t+1   | +0.0728  +0.0658  -0.0861  +0.1437  +0.0439  -0.0530
    t+2   | +0.0970  +0.0492  -0.0988  +0.1845  +0.0653  +0.0272
    t+3   | +0.0862  +0.0722  -0.0918  +0.1573  +0.0968  +0.0155
    t+4   | +0.0824  +0.0518  -0.1290  +0.1726  +0.0862  +0.1137
[13:01:13] #   51 [bench] e2e=  445.6ms  infer=  442.9ms  cap=  2.5ms
    t+0   | +0.0233  +0.0075  -0.0800  +0.1171  +0.1170  -0.0321
    t+1   | -0.0291  -0.0553  -0.0596  +0.1458  +0.1077  -0.1117
    t+2   | -0.0070  -0.0189  -0.0427  +0.1118  +0.0527  -0.1661
    t+3   | +0.0381  +0.0554  -0.1151  +0.1942  +0.0928  -0.1326
    t+4   | +0.0168  +0.0297  -0.1389  +0.1488  +0.1386  -0.1065
[13:01:13] #   52 [bench] e2e=  448.1ms  infer=  445.3ms  cap=  2.6ms
    t+0   | +0.0699  +0.0293  -0.0915  +0.1867  +0.0349  +0.1047
    t+1   | +0.1218  +0.1002  -0.0965  +0.1433  +0.0549  +0.2754
    t+2   | +0.1703  +0.1312  -0.1059  +0.2406  +0.1146  +0.2765
    t+3   | +0.1773  +0.1304  -0.1551  +0.2153  +0.1027  +0.2007
    t+4   | +0.2433  +0.1594  -0.1898  +0.2781  +0.1265  +0.3217
[13:01:14] #   53 [bench] e2e=  445.1ms  infer=  442.8ms  cap=  2.1ms
    t+0   | +0.0585  -0.0200  -0.0605  +0.0953  +0.0055  -0.1358
    t+1   | +0.0330  -0.0056  -0.0345  +0.0828  -0.0072  -0.1893
    t+2   | +0.0406  -0.0183  -0.1088  +0.1386  +0.0839  -0.0557
    t+3   | +0.0327  +0.0241  -0.0679  +0.1456  +0.1126  -0.1203
    t+4   | +0.0677  +0.0726  -0.1152  +0.2125  +0.1373  -0.0044
[13:01:14] #   54 [bench] e2e=  446.8ms  infer=  444.0ms  cap=  2.7ms
    t+0   | -0.0507  -0.0652  -0.0271  +0.0678  -0.0530  -0.0444
    t+1   | -0.0599  -0.0218  -0.0672  +0.1297  -0.0774  -0.0158
    t+2   | +0.0355  +0.0925  -0.1078  +0.1680  -0.0828  +0.0501
    t+3   | +0.1071  +0.0961  -0.1431  +0.1630  -0.0588  -0.0277
    t+4   | +0.0888  +0.0806  -0.1318  +0.1756  -0.0439  -0.1292
[13:01:15] #   55 [bench] e2e=  448.0ms  infer=  444.8ms  cap=  3.1ms
    t+0   | -0.0287  -0.0908  -0.0375  +0.0797  +0.0227  -0.0715
    t+1   | -0.0194  -0.0561  +0.0421  +0.0926  +0.0491  -0.0601
    t+2   | -0.0429  -0.0534  +0.0316  +0.0740  +0.0304  +0.0868
    t+3   | -0.0381  -0.0919  +0.0197  +0.0575  +0.0113  +0.0278
    t+4   | +0.0022  -0.0496  -0.0183  +0.1156  +0.0541  +0.1471
[13:01:15] #   56 [bench] e2e=  450.2ms  infer=  446.9ms  cap=  3.1ms
    t+0   | +0.0457  +0.0652  -0.1067  +0.1678  -0.0293  +0.1673
    t+1   | +0.0813  +0.0075  -0.0676  +0.1430  +0.0120  +0.1861
    t+2   | +0.1012  +0.0587  -0.0850  +0.1518  -0.0303  +0.1735
    t+3   | +0.0966  +0.0683  -0.1100  +0.1576  -0.0091  +0.1053
    t+4   | +0.0952  +0.0520  -0.0973  +0.2030  -0.0452  +0.0438
[13:01:16] #   57 [bench] e2e=  447.0ms  infer=  443.7ms  cap=  3.1ms
    t+0   | -0.0082  -0.0943  -0.0222  +0.0684  -0.0050  -0.1525
    t+1   | +0.0661  +0.0430  -0.0808  +0.1428  -0.1021  -0.0414
    t+2   | +0.0364  +0.0789  -0.0934  +0.1833  -0.1283  +0.1184
    t+3   | +0.0580  +0.0886  -0.0604  +0.1616  -0.1357  +0.1633
    t+4   | +0.0813  +0.0622  -0.0780  +0.1473  -0.1339  +0.1727
[13:01:16] #   58 [bench] e2e=  449.4ms  infer=  446.1ms  cap=  3.1ms
    t+0   | +0.0716  +0.0408  -0.1067  +0.1584  -0.0034  -0.0012
    t+1   | +0.0224  +0.0460  -0.1295  +0.1524  +0.0151  +0.0018
    t+2   | +0.0333  +0.0750  -0.1080  +0.1796  -0.0437  -0.0786
    t+3   | -0.0237  +0.0728  -0.1935  +0.1675  -0.1037  -0.0062
    t+4   | +0.0069  +0.0853  -0.1890  +0.1718  -0.1002  -0.0294
[13:01:16] #   59 [bench] e2e=  447.0ms  infer=  443.8ms  cap=  3.1ms
    t+0   | +0.0002  -0.0364  -0.0885  +0.1124  -0.0143  -0.1715
    t+1   | +0.0439  -0.0397  -0.1119  +0.1367  -0.0263  -0.0118
    t+2   | +0.0593  -0.0291  -0.0902  +0.1573  -0.0227  +0.0320
    t+3   | +0.0617  -0.0816  -0.0430  +0.1712  -0.0245  +0.0160
    t+4   | +0.0813  -0.0421  -0.0480  +0.1595  +0.0067  -0.0038
[13:01:17] #   60 [bench] e2e=  448.4ms  infer=  445.9ms  cap=  2.4ms
    t+0   | +0.0956  +0.0540  -0.0919  +0.1853  +0.0900  -0.1093
    t+1   | +0.0921  +0.0636  -0.1141  +0.1514  +0.1069  -0.1039
    t+2   | +0.0691  +0.0339  -0.1000  +0.1406  +0.0529  -0.1498
    t+3   | +0.1039  +0.0341  -0.0772  +0.1291  +0.0681  -0.2257
    t+4   | +0.1568  +0.0996  -0.1638  +0.2176  +0.0553  +0.0390
[13:01:17] #   61 [bench] e2e=  449.2ms  infer=  446.5ms  cap=  2.4ms
    t+0   | -0.0491  -0.0368  -0.0494  +0.1176  -0.0064  -0.0503
    t+1   | +0.0042  +0.0123  -0.0745  +0.1837  -0.0286  -0.1160
    t+2   | +0.0175  -0.0143  -0.0599  +0.1103  +0.0479  -0.2030
    t+3   | +0.0311  -0.0226  -0.1211  +0.1237  +0.0207  -0.1274
    t+4   | +0.0170  -0.0393  -0.1484  +0.1369  -0.0291  -0.0982
[13:01:18] #   62 [bench] e2e=  447.1ms  infer=  443.9ms  cap=  3.0ms
    t+0   | +0.0037  -0.0347  -0.0389  +0.1034  +0.0915  -0.1083
    t+1   | -0.0157  -0.1129  -0.0058  +0.0821  +0.0938  -0.1145
    t+2   | -0.0363  -0.0298  +0.0132  +0.1525  +0.0208  -0.0187
    t+3   | +0.0244  +0.0207  -0.0726  +0.1296  -0.0459  +0.3518
    t+4   | +0.0301  +0.0017  -0.0842  +0.1101  -0.0092  +0.1639
[13:01:18] #   63 [bench] e2e=  451.2ms  infer=  447.8ms  cap=  3.1ms
    t+0   | +0.0169  +0.0131  -0.0706  +0.1450  +0.0629  -0.0507
    t+1   | +0.0822  +0.0382  -0.1179  +0.1596  +0.0848  +0.0680
    t+2   | +0.0557  -0.0079  -0.1059  +0.1676  +0.1095  -0.0825
    t+3   | +0.0608  -0.0577  -0.0979  +0.1484  +0.0676  -0.1458
    t+4   | +0.0646  +0.0325  -0.1292  +0.1890  +0.0113  -0.0963
[13:01:19] #   64 [bench] e2e=  437.7ms  infer=  435.2ms  cap=  2.3ms
    t+0   | +0.0184  -0.0322  -0.0767  +0.1160  +0.0419  -0.2017
    t+1   | +0.0123  -0.0338  -0.0710  +0.1007  +0.0073  -0.3028
    t+2   | -0.0091  -0.0170  -0.0642  +0.1267  -0.0403  -0.1861
    t+3   | +0.0751  +0.0138  -0.0458  +0.1101  -0.0435  -0.0661
    t+4   | +0.0674  -0.0009  -0.1304  +0.1540  -0.0188  +0.1571
[13:01:19] #   65 [bench] e2e=  449.0ms  infer=  446.3ms  cap=  2.5ms
    t+0   | -0.0451  -0.0837  -0.0081  +0.0559  -0.0010  -0.1989
    t+1   | +0.0144  -0.0392  -0.0419  +0.0944  -0.0602  -0.0352
    t+2   | +0.0606  -0.0033  -0.0910  +0.1094  -0.0421  +0.1681
    t+3   | +0.0865  +0.0186  -0.0485  +0.1088  -0.0683  +0.2621
    t+4   | +0.0996  +0.0243  -0.0222  +0.1228  -0.1102  +0.1008

  [live] after 60 bench steps — e2e mean=446.3ms  |  max replan freq=2.24 Hz  |  max control freq=11.20 Hz (n_action_steps=5)

[13:01:20] #   66 [bench] e2e=  436.8ms  infer=  434.7ms  cap=  2.0ms
    t+0   | +0.0034  -0.0320  -0.0569  +0.0963  -0.0400  -0.0769
    t+1   | +0.0757  +0.0351  -0.1014  +0.1152  +0.0174  -0.0184
    t+2   | +0.0021  +0.0224  -0.1187  +0.1277  -0.0015  +0.0298
    t+3   | +0.0226  +0.0062  -0.0638  +0.1287  -0.0319  +0.0714
    t+4   | +0.0411  +0.0267  -0.0967  +0.1695  -0.0047  +0.1052
[13:01:20] #   67 [bench] e2e=  441.7ms  infer=  439.4ms  cap=  2.1ms
    t+0   | -0.0063  +0.0038  -0.0999  +0.1593  +0.0444  -0.2809
    t+1   | -0.0290  -0.0507  -0.0904  +0.1362  +0.0201  -0.3141
    t+2   | -0.0473  -0.0920  -0.0614  +0.1196  +0.0188  -0.2840
    t+3   | -0.0128  -0.0298  -0.1014  +0.1358  -0.0819  -0.0912
    t+4   | -0.0196  +0.0385  -0.1989  +0.1569  -0.0777  -0.0289
[13:01:20] #   68 [bench] e2e=  447.0ms  infer=  444.9ms  cap=  2.0ms
    t+0   | +0.0773  +0.0751  -0.1521  +0.1716  -0.0776  +0.1180
    t+1   | +0.0470  +0.0704  -0.0921  +0.1531  -0.1261  +0.0543
    t+2   | +0.0254  +0.0674  -0.1741  +0.1552  -0.0839  +0.0116
    t+3   | +0.0493  +0.1004  -0.2262  +0.1716  -0.1130  -0.0835
    t+4   | +0.0908  +0.1415  -0.2444  +0.1814  -0.1261  -0.1247
[13:01:21] #   69 [bench] e2e=  450.3ms  infer=  446.9ms  cap=  3.1ms
    t+0   | +0.0300  -0.0208  -0.0832  +0.1057  -0.0733  +0.1330
    t+1   | +0.0429  +0.0399  -0.0845  +0.1446  -0.0220  +0.0701
    t+2   | +0.0091  +0.0175  -0.0559  +0.1362  -0.0220  +0.0243
    t+3   | -0.0161  -0.0321  -0.0701  +0.1377  +0.0669  -0.1943
    t+4   | +0.0231  -0.0014  -0.0115  +0.1208  +0.0875  -0.3030
[13:01:21] #   70 [bench] e2e=  449.2ms  infer=  447.0ms  cap=  2.0ms
    t+0   | +0.0425  +0.0266  -0.0867  +0.1382  +0.0515  -0.0991
    t+1   | +0.0483  +0.0681  -0.1191  +0.1689  +0.0073  -0.0405
    t+2   | +0.0372  -0.0296  -0.0788  +0.1387  +0.0307  -0.0272
    t+3   | +0.1207  -0.0007  -0.0775  +0.1809  +0.0297  +0.1667
    t+4   | +0.1610  +0.0343  -0.1078  +0.2059  +0.0106  +0.2707
[13:01:22] #   71 [bench] e2e=  438.9ms  infer=  436.6ms  cap=  2.2ms
    t+0   | +0.0507  -0.0126  -0.0616  +0.1152  +0.0312  -0.0230
    t+1   | +0.0501  +0.0537  -0.1041  +0.1526  +0.0729  -0.0075
    t+2   | +0.0645  +0.0571  -0.1207  +0.1606  +0.0345  -0.0269
    t+3   | +0.0081  +0.0432  -0.1675  +0.1624  -0.0264  -0.0172
    t+4   | +0.0529  +0.0617  -0.0901  +0.1584  -0.0772  -0.0958
[13:01:22] #   72 [bench] e2e=  445.8ms  infer=  443.1ms  cap=  2.5ms
    t+0   | +0.0720  +0.0936  -0.1767  +0.1874  -0.0061  -0.2105
    t+1   | +0.0201  +0.0546  -0.1189  +0.1165  +0.0256  -0.2354
    t+2   | +0.0003  -0.0280  -0.0669  +0.1346  +0.0294  -0.1804
    t+3   | +0.0343  +0.0087  -0.1135  +0.1604  +0.0449  -0.0254
    t+4   | +0.0545  +0.0312  -0.1468  +0.1891  +0.0634  +0.0874
[13:01:23] #   73 [bench] e2e=  444.2ms  infer=  441.8ms  cap=  2.3ms
    t+0   | -0.0435  -0.0924  -0.0020  +0.0893  +0.0076  -0.1345
    t+1   | -0.0195  -0.0678  +0.0032  +0.0930  -0.0167  -0.1750
    t+2   | -0.0410  -0.0913  -0.0399  +0.0725  +0.0087  -0.1615
    t+3   | -0.0148  -0.0872  -0.0208  +0.0806  +0.0288  -0.1224
    t+4   | +0.0334  -0.0256  -0.0608  +0.1040  -0.0037  -0.0285
[13:01:23] #   74 [bench] e2e=  456.7ms  infer=  453.6ms  cap=  2.8ms
    t+0   | +0.0801  +0.0486  -0.1379  +0.1696  -0.0169  +0.0973
    t+1   | +0.0960  +0.0734  -0.1825  +0.2072  -0.0989  +0.0981
    t+2   | +0.0942  +0.0855  -0.1803  +0.1979  -0.0326  -0.0344
    t+3   | +0.0751  +0.0661  -0.1648  +0.2084  -0.0607  -0.2444
    t+4   | +0.0584  +0.1673  -0.2343  +0.2504  -0.0309  -0.1515
[13:01:24] #   75 [bench] e2e=  454.7ms  infer=  452.3ms  cap=  2.2ms
    t+0   | +0.0190  +0.0014  -0.0561  +0.1362  -0.0373  -0.0018
    t+1   | +0.0390  +0.0268  -0.0573  +0.1377  -0.0012  +0.0084
    t+2   | +0.0219  +0.0152  -0.0833  +0.1455  +0.0043  -0.1317
    t+3   | +0.0260  +0.0057  -0.1319  +0.1602  +0.0280  +0.0535
    t+4   | +0.0695  +0.0163  -0.0908  +0.1410  -0.0545  -0.0071
[13:01:24] #   76 [bench] e2e=  451.1ms  infer=  447.6ms  cap=  3.4ms
    t+0   | +0.1014  +0.1027  -0.1831  +0.2213  -0.0499  -0.1024
    t+1   | +0.1302  +0.1602  -0.2379  +0.2601  -0.0391  -0.0869
    t+2   | +0.1447  +0.1554  -0.2640  +0.2377  +0.0198  +0.0248
    t+3   | +0.2187  +0.2594  -0.3966  +0.3153  +0.0525  +0.0741
    t+4   | +0.2339  +0.3172  -0.4861  +0.3925  +0.0334  +0.1206
[13:01:25] #   77 [bench] e2e=  446.7ms  infer=  444.0ms  cap=  2.5ms
    t+0   | +0.1450  +0.0809  -0.1512  +0.2002  +0.0367  +0.0190
    t+1   | +0.1089  +0.0797  -0.1478  +0.1803  +0.0185  +0.0194
    t+2   | +0.0361  +0.0080  -0.0904  +0.1409  -0.0052  -0.0153
    t+3   | +0.0131  -0.0288  -0.1063  +0.1452  -0.0472  +0.0370
    t+4   | +0.0557  +0.0398  -0.1879  +0.1771  -0.0573  +0.2199
[13:01:25] #   78 [bench] e2e=  436.6ms  infer=  433.9ms  cap=  2.5ms
    t+0   | +0.0414  -0.0159  -0.1827  +0.1544  -0.0546  -0.0748
    t+1   | +0.0280  +0.0112  -0.1097  +0.1649  -0.0369  -0.1600
    t+2   | +0.0490  +0.0042  -0.1155  +0.1848  -0.0745  -0.1527
    t+3   | +0.0432  +0.0388  -0.1902  +0.2183  -0.0779  -0.0079
    t+4   | +0.0657  +0.0226  -0.1254  +0.2233  -0.0691  -0.0713
[13:01:25] #   79 [bench] e2e=  441.9ms  infer=  438.4ms  cap=  3.3ms
    t+0   | -0.0165  -0.0427  -0.0844  +0.0857  -0.0450  -0.1727
    t+1   | +0.0021  -0.0155  -0.1214  +0.1042  -0.0445  -0.0735
    t+2   | +0.0738  +0.0358  -0.0830  +0.1425  -0.0404  -0.0494
    t+3   | +0.0808  +0.0981  -0.0610  +0.2197  -0.0371  -0.0547
    t+4   | +0.0435  +0.0950  -0.1539  +0.1541  +0.0145  -0.0823
[13:01:26] #   80 [bench] e2e=  446.2ms  infer=  443.6ms  cap=  2.4ms
    t+0   | +0.0084  -0.0178  -0.0582  +0.1383  +0.0360  -0.1217
    t+1   | +0.0655  +0.0133  -0.0596  +0.1004  +0.0409  -0.0832
    t+2   | +0.0385  -0.0113  -0.0557  +0.1142  +0.0584  -0.0515
    t+3   | +0.0665  -0.0300  -0.0584  +0.0856  +0.0541  +0.0003
    t+4   | +0.0956  -0.0258  -0.0707  +0.1305  +0.0547  +0.0271
[13:01:26] #   81 [bench] e2e=  437.8ms  infer=  434.6ms  cap=  3.0ms
    t+0   | +0.0449  +0.0262  -0.0829  +0.1158  -0.0585  +0.0314
    t+1   | +0.0239  -0.0127  -0.0978  +0.1436  -0.0509  +0.0004
    t+2   | -0.0190  +0.0461  -0.0857  +0.1209  -0.0519  -0.0218
    t+3   | -0.0200  -0.0085  -0.0712  +0.1722  -0.0491  +0.0364
    t+4   | +0.0112  +0.0790  -0.1656  +0.1867  -0.0685  +0.0700
[13:01:27] #   82 [bench] e2e=  444.5ms  infer=  442.1ms  cap=  2.2ms
    t+0   | +0.0368  +0.0550  -0.1501  +0.1809  -0.0072  +0.0066
    t+1   | +0.0540  +0.1421  -0.2046  +0.2186  -0.0444  +0.1391
    t+2   | +0.0829  +0.1465  -0.2083  +0.1677  -0.0363  +0.0367
    t+3   | +0.1111  +0.1122  -0.1855  +0.1965  +0.0160  +0.0348
    t+4   | +0.0679  +0.1000  -0.1487  +0.2096  -0.0082  -0.0694
[13:01:27] #   83 [bench] e2e=  444.2ms  infer=  441.8ms  cap=  2.2ms
    t+0   | -0.0284  -0.0255  -0.1100  +0.1048  +0.0533  -0.2149
    t+1   | -0.0576  -0.0382  -0.0757  +0.1122  +0.0830  -0.0904
    t+2   | -0.0389  -0.0379  -0.0510  +0.1170  +0.0802  -0.0560
    t+3   | +0.0232  -0.0113  -0.0470  +0.1409  +0.1743  +0.0472
    t+4   | +0.0538  +0.1078  -0.1489  +0.2003  +0.1841  +0.1498
[13:01:28] #   84 [bench] e2e=  445.6ms  infer=  442.7ms  cap=  2.8ms
    t+0   | -0.0025  -0.0066  -0.0728  +0.1269  +0.0581  -0.2318
    t+1   | +0.0243  -0.0282  -0.0437  +0.0830  +0.0586  -0.3498
    t+2   | -0.0099  -0.0232  -0.0854  +0.1162  +0.0636  -0.1852
    t+3   | +0.0660  +0.0415  -0.1039  +0.1598  +0.0434  -0.1191
    t+4   | +0.1055  +0.0915  -0.1792  +0.2342  +0.0448  -0.0867
[13:01:28] #   85 [bench] e2e=  451.2ms  infer=  448.1ms  cap=  2.8ms
    t+0   | +0.0201  +0.0322  -0.0888  +0.1728  -0.0393  -0.0171
    t+1   | +0.0039  -0.0377  -0.0611  +0.1010  -0.0343  -0.0868
    t+2   | -0.0363  -0.0566  -0.0606  +0.0996  -0.0540  -0.0135
    t+3   | -0.0266  -0.1033  +0.0158  +0.1358  -0.0678  -0.1322
    t+4   | -0.0403  -0.0362  -0.0351  +0.1240  -0.0048  -0.1195

  [live] after 80 bench steps — e2e mean=446.1ms  |  max replan freq=2.24 Hz  |  max control freq=11.21 Hz (n_action_steps=5)

[13:01:29] #   86 [bench] e2e=  448.2ms  infer=  443.7ms  cap=  4.3ms
    t+0   | -0.1783  -0.2674  +0.2085  -0.0565  +0.0598  +0.0092
    t+1   | -0.0924  -0.1561  +0.1140  +0.0809  +0.0151  -0.0891
    t+2   | -0.0817  -0.0903  -0.0327  +0.0810  +0.0364  -0.0183
    t+3   | -0.0248  +0.0036  -0.0517  +0.1012  +0.0038  -0.0560
    t+4   | -0.0089  -0.0390  -0.0801  +0.1537  +0.0231  -0.0491
[13:01:29] #   87 [bench] e2e=  450.2ms  infer=  447.1ms  cap=  3.0ms
    t+0   | +0.1553  +0.0523  -0.1508  +0.2203  -0.0339  -0.0273
    t+1   | +0.1547  +0.0670  -0.1421  +0.1826  -0.0754  -0.0825
    t+2   | +0.1488  +0.0875  -0.1392  +0.2165  -0.0595  +0.0374
    t+3   | +0.0871  +0.0955  -0.1185  +0.2136  -0.0593  +0.1505
    t+4   | +0.1388  +0.1769  -0.2057  +0.2011  -0.0825  +0.0541
[13:01:29] #   88 [bench] e2e=  439.6ms  infer=  436.5ms  cap=  2.9ms
    t+0   | +0.0543  +0.0174  -0.0992  +0.1617  +0.0071  -0.0186
    t+1   | +0.0646  +0.0084  -0.1382  +0.1119  +0.0020  -0.0217
    t+2   | +0.0276  +0.0385  -0.0620  +0.1471  -0.0266  -0.0734
    t+3   | -0.0119  -0.0017  -0.0684  +0.1312  -0.0088  -0.0904
    t+4   | -0.0104  -0.0281  -0.0528  +0.1071  +0.0206  -0.1047
[13:01:30] #   89 [bench] e2e=  448.1ms  infer=  445.1ms  cap=  2.8ms
    t+0   | +0.0418  +0.0241  -0.0933  +0.1648  +0.0093  +0.0548
    t+1   | +0.0430  +0.0426  -0.1314  +0.1716  -0.0023  -0.0177
    t+2   | +0.0855  +0.0502  -0.1346  +0.1897  +0.0005  +0.0002
    t+3   | +0.0502  +0.0001  -0.0818  +0.1494  -0.0216  -0.0275
    t+4   | +0.0934  +0.0648  -0.1463  +0.1957  -0.0599  +0.0281
[13:01:30] #   90 [bench] e2e=  444.4ms  infer=  440.9ms  cap=  3.2ms
    t+0   | +0.0281  -0.0078  -0.0546  +0.1262  +0.0043  -0.1170
    t+1   | +0.0426  +0.0074  -0.1086  +0.1433  -0.0190  -0.0344
    t+2   | +0.0961  +0.0323  -0.1198  +0.1603  -0.0243  -0.0415
    t+3   | +0.1031  +0.0572  -0.0967  +0.1700  -0.0626  -0.0466
    t+4   | +0.1033  +0.0818  -0.1778  +0.1992  -0.0400  +0.0281
[13:01:31] #   91 [bench] e2e=  451.5ms  infer=  448.6ms  cap=  2.7ms
    t+0   | +0.0254  +0.0358  -0.1199  +0.1395  -0.0382  -0.0672
    t+1   | +0.0286  -0.0325  -0.0858  +0.1195  -0.0373  -0.1732
    t+2   | -0.0131  +0.0479  -0.1435  +0.1727  -0.0404  -0.0597
    t+3   | +0.0023  +0.0187  -0.1974  +0.1096  -0.0544  -0.1099
    t+4   | -0.0008  -0.0133  -0.1798  +0.1405  -0.0725  -0.0697
[13:01:31] #   92 [bench] e2e=  449.0ms  infer=  445.8ms  cap=  3.0ms
    t+0   | -0.0454  -0.0859  -0.0237  +0.0784  +0.0136  -0.3402
    t+1   | -0.0054  -0.0539  -0.0854  +0.0881  -0.0224  -0.2037
    t+2   | -0.0075  -0.0376  -0.0941  +0.1283  -0.0475  +0.0083
    t+3   | +0.0266  +0.0216  -0.0839  +0.1299  -0.0357  -0.0398
    t+4   | +0.0656  +0.0761  -0.1793  +0.2081  +0.0513  +0.1340
[13:01:32] #   93 [bench] e2e=  448.0ms  infer=  444.6ms  cap=  3.2ms
    t+0   | +0.0397  +0.0287  -0.1378  +0.1446  -0.0226  -0.0251
    t+1   | -0.0070  -0.0335  -0.1203  +0.1462  -0.0211  -0.0461
    t+2   | -0.0217  -0.0620  -0.0845  +0.1127  -0.0252  -0.0945
    t+3   | -0.0274  -0.0730  -0.0473  +0.1046  -0.0189  -0.1370
    t+4   | +0.0167  -0.0499  -0.0627  +0.1256  -0.0604  -0.1423
[13:01:32] #   94 [bench] e2e=  439.5ms  infer=  436.2ms  cap=  3.1ms
    t+0   | -0.0255  -0.1005  +0.0048  +0.0617  +0.0243  -0.0583
    t+1   | -0.0081  -0.0215  -0.0164  +0.1376  +0.0095  +0.0872
    t+2   | +0.0224  -0.0021  -0.1161  +0.0976  -0.0071  +0.0801
    t+3   | +0.0423  +0.0409  -0.1301  +0.1467  -0.0264  +0.0573
    t+4   | +0.0798  +0.0491  -0.1160  +0.2114  -0.0501  +0.0551
[13:01:33] #   95 [bench] e2e=  457.8ms  infer=  454.5ms  cap=  3.2ms
    t+0   | +0.0156  +0.0358  -0.1413  +0.1549  +0.0039  +0.0057
    t+1   | +0.0085  +0.0158  -0.1087  +0.1634  -0.0445  -0.0627
    t+2   | +0.0338  -0.0008  -0.1084  +0.1571  +0.0057  -0.0101
    t+3   | +0.0749  +0.0498  -0.0871  +0.1761  -0.0240  +0.0447
    t+4   | +0.2641  +0.0472  -0.0840  +0.2116  +0.0847  +0.3538
[13:01:33] #   96 [bench] e2e=  444.4ms  infer=  441.1ms  cap=  3.1ms
    t+0   | -0.0297  -0.0398  -0.0576  +0.1002  +0.0105  +0.0230
    t+1   | +0.0531  +0.0166  -0.0702  +0.1238  +0.0205  -0.0263
    t+2   | +0.0606  +0.0581  -0.1242  +0.2101  -0.0076  +0.0135
    t+3   | +0.0635  +0.0280  -0.1354  +0.2100  -0.0470  +0.0726
    t+4   | +0.1100  +0.1460  -0.2267  +0.2327  -0.1060  +0.2133
[13:01:33] #   97 [bench] e2e=  447.3ms  infer=  443.9ms  cap=  3.2ms
    t+0   | -0.0252  +0.0040  -0.0838  +0.1301  -0.0178  +0.0496
    t+1   | +0.0029  -0.0063  -0.0816  +0.1423  -0.0242  +0.0480
    t+2   | +0.0390  +0.0423  -0.0632  +0.1654  -0.0160  +0.0227
    t+3   | +0.0579  +0.0502  -0.1227  +0.1247  +0.0123  +0.1302
    t+4   | +0.0846  +0.0785  -0.1308  +0.1711  +0.0118  +0.1027
[13:01:34] #   98 [bench] e2e=  450.6ms  infer=  447.2ms  cap=  3.2ms
    t+0   | +0.0744  +0.0770  -0.1696  +0.1991  -0.0176  -0.2436
    t+1   | +0.0676  +0.0824  -0.1099  +0.1346  -0.0167  -0.2219
    t+2   | +0.0395  +0.0571  -0.1926  +0.2139  +0.0538  -0.1217
    t+3   | +0.0360  +0.0385  -0.1474  +0.2047  +0.0468  -0.0855
    t+4   | +0.0693  +0.0215  -0.1021  +0.1590  +0.0547  -0.2064
[13:01:34] #   99 [bench] e2e=  450.6ms  infer=  447.3ms  cap=  3.2ms
    t+0   | +0.0587  +0.0402  -0.1032  +0.1752  +0.0085  +0.0180
    t+1   | +0.1270  +0.0816  -0.1611  +0.1457  +0.0201  +0.1044
    t+2   | +0.1248  +0.0936  -0.1291  +0.1792  +0.0050  +0.0473
    t+3   | +0.0912  +0.0895  -0.1353  +0.1738  +0.0485  +0.0701
    t+4   | +0.1680  +0.1079  -0.1602  +0.1649  +0.0632  +0.0400
[13:01:35] #  100 [bench] e2e=  440.2ms  infer=  437.3ms  cap=  2.8ms
    t+0   | +0.0101  -0.0014  -0.1103  +0.1152  -0.0812  +0.0530
    t+1   | -0.0006  +0.0047  -0.0650  +0.1486  -0.0838  +0.1394
    t+2   | +0.0342  -0.0232  -0.0985  +0.1416  -0.0670  +0.3110
    t+3   | +0.0886  +0.0112  -0.1901  +0.1887  -0.1057  +0.1992
    t+4   | +0.0915  +0.0704  -0.1933  +0.2231  -0.1085  +0.2002
[13:01:35] #  101 [bench] e2e=  444.8ms  infer=  441.1ms  cap=  3.5ms
    t+0   | -0.0589  -0.0703  -0.0393  +0.0815  -0.0057  -0.4319
    t+1   | -0.0149  -0.0981  -0.0739  +0.0932  +0.0069  -0.3502
    t+2   | +0.0597  +0.0507  -0.1302  +0.1655  -0.1353  -0.0931
    t+3   | +0.0998  +0.0914  -0.1846  +0.1983  -0.2127  -0.1026
    t+4   | +0.1000  +0.1449  -0.2649  +0.2204  -0.1869  -0.0329
[13:01:36] #  102 [bench] e2e=  444.7ms  infer=  441.9ms  cap=  2.6ms
    t+0   | +0.0471  +0.0380  -0.0942  +0.1748  +0.0358  -0.0315
    t+1   | +0.0226  -0.0707  -0.0847  +0.1277  +0.0400  -0.0356
    t+2   | +0.0630  +0.0096  -0.0533  +0.1926  -0.0948  -0.0844
    t+3   | +0.0866  +0.0338  -0.0803  +0.1927  -0.0673  -0.1731
    t+4   | +0.0876  +0.0193  -0.0886  +0.1581  -0.0985  -0.2911
[13:01:36] #  103 [bench] e2e=  445.9ms  infer=  443.0ms  cap=  2.7ms
    t+0   | +0.0467  +0.0717  -0.1579  +0.1607  -0.0404  -0.0201
    t+1   | +0.0465  +0.0466  -0.1236  +0.1207  -0.0367  -0.1444
    t+2   | -0.0213  -0.0228  -0.0609  +0.1325  +0.0055  -0.2149
    t+3   | +0.0362  +0.0116  -0.0741  +0.1480  -0.0070  -0.1628
    t+4   | +0.0127  +0.0017  -0.0772  +0.1490  +0.0600  -0.1386
[13:01:37] #  104 [bench] e2e=  448.7ms  infer=  446.0ms  cap=  2.5ms
    t+0   | -0.0317  -0.0498  -0.0408  +0.1195  -0.0220  -0.2864
    t+1   | -0.0116  -0.0225  -0.1363  +0.1529  +0.0455  -0.2957
    t+2   | +0.0459  +0.0513  -0.1636  +0.1743  +0.0463  -0.1601
    t+3   | +0.0110  +0.1189  -0.2240  +0.2275  +0.0036  -0.0385
    t+4   | +0.0590  +0.0960  -0.1869  +0.1933  -0.0209  -0.0447
[13:01:37] #  105 [bench] e2e=  449.8ms  infer=  445.7ms  cap=  3.9ms
    t+0   | -0.0164  -0.0348  -0.0469  +0.1126  +0.0081  -0.0007
    t+1   | +0.0339  +0.0119  -0.0712  +0.1390  -0.0014  +0.0192
    t+2   | +0.0136  +0.0210  -0.1291  +0.1500  -0.0038  +0.1408
    t+3   | +0.0476  +0.0086  -0.1424  +0.1655  -0.0566  +0.0250
    t+4   | +0.0664  +0.0013  -0.1162  +0.1567  -0.0706  +0.1097

  [live] after 100 bench steps — e2e mean=446.3ms  |  max replan freq=2.24 Hz  |  max control freq=11.20 Hz (n_action_steps=5)

[13:01:37] #  106 [bench] e2e=  439.7ms  infer=  437.1ms  cap=  2.4ms
    t+0   | +0.0839  +0.0353  -0.1281  +0.1427  -0.0134  -0.5779
    t+1   | +0.0396  +0.0417  -0.1374  +0.1734  -0.0472  -0.5249
    t+2   | +0.0507  +0.0412  -0.1079  +0.1978  -0.0388  -0.4307
    t+3   | +0.0283  +0.0232  -0.1181  +0.1572  +0.0272  -0.1992
    t+4   | +0.0563  +0.0708  -0.1643  +0.1898  -0.0050  +0.0051
[13:01:38] #  107 [bench] e2e=  440.7ms  infer=  437.6ms  cap=  2.9ms
    t+0   | +0.0006  -0.0015  -0.0608  +0.1077  -0.0474  -0.0951
    t+1   | +0.0122  -0.0270  -0.0601  +0.0956  -0.0402  -0.0696
    t+2   | +0.0334  -0.0427  -0.0954  +0.0940  -0.0110  -0.0560
    t+3   | +0.0472  +0.0161  -0.1105  +0.1391  -0.0935  -0.0296
    t+4   | +0.0464  +0.0496  -0.1177  +0.1760  -0.0808  -0.0524
[13:01:38] #  108 [bench] e2e=  444.8ms  infer=  441.5ms  cap=  3.2ms
    t+0   | +0.0042  -0.0726  -0.0489  +0.0904  -0.0576  +0.1977
    t+1   | +0.0430  -0.0523  -0.0778  +0.1530  -0.0907  +0.2593
    t+2   | -0.0343  -0.0579  -0.0507  +0.1441  -0.0873  +0.1801
    t+3   | +0.0145  -0.0442  -0.0592  +0.1700  -0.0828  +0.1224
    t+4   | +0.0482  -0.0820  -0.0464  +0.1345  -0.1026  -0.0171
[13:01:39] #  109 [bench] e2e=  447.8ms  infer=  444.6ms  cap=  3.0ms
    t+0   | -0.0760  -0.0883  -0.0304  +0.0744  -0.0594  -0.0541
    t+1   | +0.0050  +0.0084  -0.0896  +0.1593  -0.0964  -0.0284
    t+2   | +0.0616  -0.0070  -0.1231  +0.1379  -0.0098  +0.0410
    t+3   | +0.0697  +0.0939  -0.1258  +0.1758  +0.1090  +0.1927
    t+4   | +0.0593  +0.0581  -0.1302  +0.1854  +0.0789  +0.2482
[13:01:39] #  110 [bench] e2e=  443.9ms  infer=  441.3ms  cap=  2.5ms
    t+0   | +0.0433  +0.0173  -0.1077  +0.1252  -0.0227  +0.0230
    t+1   | +0.0271  +0.0230  -0.0636  +0.1378  +0.0198  -0.0816
    t+2   | +0.0365  +0.0142  -0.0882  +0.1154  +0.0374  -0.1307
    t+3   | +0.0553  +0.0293  -0.0870  +0.1447  -0.0023  -0.1501
    t+4   | +0.0463  -0.0136  -0.1238  +0.1445  -0.0444  -0.0938
[13:01:40] #  111 [bench] e2e=  443.6ms  infer=  441.2ms  cap=  2.2ms
    t+0   | +0.0532  -0.0127  -0.0792  +0.1015  +0.0121  +0.1056
    t+1   | +0.0372  -0.0172  -0.0832  +0.1772  +0.0579  +0.2002
    t+2   | +0.0456  -0.0094  -0.1104  +0.1485  -0.0146  +0.3213
    t+3   | +0.0167  -0.0460  -0.0457  +0.1344  -0.0602  +0.1705
    t+4   | +0.0866  -0.0520  -0.0764  +0.1172  +0.0258  +0.2777
[13:01:40] #  112 [bench] e2e=  441.3ms  infer=  438.8ms  cap=  2.3ms
    t+0   | +0.0090  +0.0064  -0.1439  +0.1717  -0.0021  -0.2112
    t+1   | -0.0206  -0.0401  -0.0989  +0.1137  +0.0288  -0.2660
    t+2   | +0.0345  +0.0281  -0.1283  +0.1160  +0.0133  -0.1524
    t+3   | +0.0318  +0.0018  -0.1330  +0.1335  +0.0081  -0.1209
    t+4   | +0.0522  +0.0580  -0.1148  +0.1889  -0.0644  -0.0139
[13:01:41] #  113 [bench] e2e=  446.8ms  infer=  443.6ms  cap=  3.0ms
    t+0   | +0.0478  +0.0051  -0.0535  +0.1197  +0.0136  -0.1121
    t+1   | +0.0454  +0.0531  -0.1153  +0.1345  +0.0474  +0.0040
    t+2   | +0.0454  +0.0514  -0.1062  +0.1654  +0.0065  +0.1054
    t+3   | +0.0916  +0.0842  -0.1176  +0.1845  +0.0377  +0.1783
    t+4   | +0.1134  +0.0800  -0.1560  +0.2035  +0.0862  +0.0956
[13:01:41] #  114 [bench] e2e=  450.0ms  infer=  446.6ms  cap=  3.2ms
    t+0   | +0.0402  -0.0122  -0.1372  +0.1549  -0.0163  -0.0458
    t+1   | +0.0012  -0.0651  -0.0523  +0.1366  -0.0747  -0.2984
    t+2   | -0.0272  -0.1002  -0.0389  +0.1000  -0.1343  -0.2324
    t+3   | -0.0369  -0.0004  -0.0764  +0.1763  -0.2496  -0.1569
    t+4   | +0.0257  +0.0121  -0.1581  +0.1326  -0.1917  -0.1333
[13:01:41] #  115 [bench] e2e=  449.1ms  infer=  443.8ms  cap=  5.1ms
    t+0   | +0.0187  -0.0367  -0.0918  +0.1000  -0.0570  +0.0422
    t+1   | +0.0500  -0.0349  -0.0685  +0.1195  -0.0816  -0.0054
    t+2   | +0.0946  +0.0627  -0.1047  +0.1740  -0.0609  +0.0314
    t+3   | +0.0941  +0.0814  -0.1081  +0.1639  -0.0516  +0.0835
    t+4   | +0.0631  +0.0510  -0.1304  +0.1551  -0.0875  +0.0488
[13:01:42] #  116 [bench] e2e=  444.9ms  infer=  442.5ms  cap=  2.3ms
    t+0   | -0.0279  -0.0599  -0.0687  +0.1108  -0.0031  -0.0976
    t+1   | -0.0147  +0.0587  -0.1139  +0.1526  -0.0389  +0.0294
    t+2   | +0.0262  +0.0514  -0.1304  +0.1563  -0.1184  -0.0031
    t+3   | +0.0123  +0.0991  -0.1974  +0.1572  -0.1070  -0.0259
    t+4   | +0.0309  +0.1542  -0.1489  +0.1768  -0.1007  +0.0553
[13:01:42] #  117 [bench] e2e=  436.6ms  infer=  434.2ms  cap=  2.2ms
    t+0   | +0.0634  -0.0285  -0.0791  +0.1327  +0.0586  -0.1438
    t+1   | +0.0730  -0.0161  -0.0691  +0.1530  +0.0772  -0.1338
    t+2   | +0.0153  +0.0090  -0.0906  +0.1537  +0.0861  -0.1379
    t+3   | +0.0161  -0.0331  -0.1452  +0.1794  +0.0337  -0.0688
    t+4   | +0.0076  +0.0570  -0.1143  +0.1833  +0.0497  -0.0520
[13:01:43] #  118 [bench] e2e=  453.8ms  infer=  449.3ms  cap=  4.3ms
    t+0   | +0.0993  +0.1058  -0.1770  +0.2027  -0.0074  +0.1676
    t+1   | +0.1670  +0.0792  -0.1710  +0.2114  -0.0260  +0.7373
    t+2   | +0.1737  +0.0633  -0.1287  +0.2253  +0.0181  +0.3503
    t+3   | +0.1592  +0.0371  -0.1015  +0.2189  -0.0301  +0.2131
    t+4   | +0.1938  +0.0617  -0.1145  +0.1791  +0.0098  +0.2177
[13:01:43] #  119 [bench] e2e=  441.1ms  infer=  438.7ms  cap=  2.2ms
    t+0   | -0.0747  -0.1727  +0.0266  +0.0678  +0.0726  -0.1356
    t+1   | +0.0232  -0.0711  -0.0180  +0.0902  +0.0370  -0.1426
    t+2   | -0.0149  -0.0918  -0.0274  +0.0784  +0.0273  -0.2606
    t+3   | -0.0576  -0.1266  -0.0322  +0.0946  +0.0065  -0.2660
    t+4   | -0.0012  -0.0738  -0.0780  +0.1188  -0.0157  -0.3005
[13:01:44] #  120 [bench] e2e=  444.4ms  infer=  441.9ms  cap=  2.3ms
    t+0   | -0.0046  -0.1045  -0.0217  +0.0639  -0.0019  -0.5389
    t+1   | -0.0285  -0.0862  +0.0330  +0.1071  +0.0027  -0.4225
    t+2   | -0.0035  -0.0231  -0.0417  +0.0712  -0.0149  -0.2856
    t+3   | +0.0248  -0.0038  -0.0610  +0.1453  -0.0036  -0.1818
    t+4   | -0.0355  -0.0371  -0.1059  +0.1048  -0.0232  -0.1271
[13:01:44] #  121 [bench] e2e=  451.7ms  infer=  447.4ms  cap=  3.9ms
    t+0   | +0.1153  +0.0302  -0.0938  +0.1647  -0.0264  +0.7718
    t+1   | +0.1275  +0.0515  -0.1232  +0.2046  -0.0872  +0.6700
    t+2   | +0.0856  +0.0245  -0.0844  +0.1673  -0.1151  +0.4457
    t+3   | +0.0341  -0.0312  -0.0560  +0.1094  -0.0672  +0.1733
    t+4   | -0.0116  -0.0604  -0.0182  +0.1065  -0.1101  +0.3321
[13:01:45] #  122 [bench] e2e=  449.3ms  infer=  446.1ms  cap=  3.0ms
    t+0   | -0.0123  -0.0941  -0.0422  +0.0631  +0.0104  -0.2758
    t+1   | -0.0176  -0.0248  -0.0319  +0.1259  +0.0317  -0.3289
    t+2   | +0.0462  +0.0437  -0.1018  +0.1853  -0.0165  -0.2592
    t+3   | +0.0339  +0.0114  -0.0931  +0.1319  +0.0206  -0.1830
    t+4   | +0.0394  +0.0476  -0.2065  +0.2308  -0.0298  -0.0470
[13:01:45] #  123 [bench] e2e=  436.7ms  infer=  432.8ms  cap=  3.7ms
    t+0   | -0.0358  +0.0104  -0.0759  +0.1593  +0.0334  +0.0364
    t+1   | -0.0266  -0.0134  -0.0954  +0.1402  +0.0441  +0.0155
    t+2   | +0.0037  +0.0536  -0.1143  +0.1324  -0.0091  -0.0045
    t+3   | +0.0483  +0.0613  -0.1696  +0.1981  +0.0314  +0.0653
    t+4   | +0.0601  +0.0299  -0.1350  +0.1745  +0.0440  -0.0106
[13:01:45] #  124 [bench] e2e=  443.6ms  infer=  440.3ms  cap=  3.1ms
    t+0   | +0.0380  -0.0608  -0.0650  +0.0894  +0.0121  -0.0669
    t+1   | +0.0435  -0.0419  -0.0782  +0.1140  -0.0235  +0.0318
    t+2   | +0.0334  -0.0374  -0.0812  +0.1216  -0.0280  +0.0575
    t+3   | +0.0209  -0.0028  -0.0660  +0.1265  -0.0595  +0.0190
    t+4   | -0.0114  -0.0213  -0.0378  +0.1776  -0.0850  -0.0747
[13:01:46] #  125 [bench] e2e=  435.3ms  infer=  432.1ms  cap=  3.0ms
    t+0   | +0.0071  -0.0202  -0.0593  +0.1150  -0.0719  +0.1429
    t+1   | +0.0489  +0.0198  -0.0796  +0.1540  -0.0637  +0.0969
    t+2   | +0.0473  +0.0299  -0.1182  +0.1560  -0.0401  +0.0888
    t+3   | +0.1048  +0.0442  -0.0658  +0.1331  -0.0408  -0.0123
    t+4   | +0.0696  +0.0516  -0.0856  +0.1783  -0.0473  +0.2194

  [live] after 120 bench steps — e2e mean=446.0ms  |  max replan freq=2.24 Hz  |  max control freq=11.21 Hz (n_action_steps=5)

[13:01:46] #  126 [bench] e2e=  446.6ms  infer=  442.7ms  cap=  3.6ms
    t+0   | -0.0042  -0.0506  -0.0708  +0.1392  +0.0578  -0.1283
    t+1   | +0.0032  -0.0329  -0.0854  +0.1273  +0.0860  -0.0374
    t+2   | +0.0010  -0.0360  -0.0826  +0.1602  +0.0980  +0.0116
    t+3   | +0.0638  -0.0190  -0.0482  +0.1379  +0.0824  +0.0957
    t+4   | +0.0972  -0.0043  -0.0679  +0.1746  +0.0622  +0.2146
[13:01:47] #  127 [bench] e2e=  443.2ms  infer=  439.9ms  cap=  3.2ms
    t+0   | -0.0049  -0.0973  +0.0238  +0.0625  +0.1088  -0.0918
    t+1   | +0.0527  -0.0073  -0.0321  +0.1524  +0.0637  -0.0546
    t+2   | +0.0657  +0.0037  -0.0783  +0.1622  +0.0204  -0.0067
    t+3   | +0.0702  +0.0900  -0.1402  +0.1564  +0.0169  +0.0640
    t+4   | +0.0292  +0.1146  -0.2009  +0.2224  -0.0968  +0.1259
[13:01:47] #  128 [bench] e2e=  450.3ms  infer=  447.0ms  cap=  3.1ms
    t+0   | -0.0874  -0.1134  -0.0043  +0.0419  +0.0072  -0.0360
    t+1   | -0.0577  -0.0430  -0.0518  +0.1127  +0.0170  -0.0010
    t+2   | -0.0395  +0.0262  -0.0423  +0.1631  +0.0247  -0.0352
    t+3   | -0.0007  +0.0620  -0.1431  +0.1917  +0.0629  +0.1559
    t+4   | +0.0668  +0.0889  -0.1128  +0.1908  -0.0139  +0.5764
[13:01:48] #  129 [bench] e2e=  447.2ms  infer=  443.9ms  cap=  3.2ms
    t+0   | +0.0224  -0.0397  -0.0853  +0.1404  -0.0165  -0.0514
    t+1   | -0.0206  -0.0937  -0.0311  +0.1195  -0.0516  -0.1888
    t+2   | -0.0100  -0.0926  -0.0239  +0.1159  -0.0426  -0.2712
    t+3   | -0.0040  -0.0264  -0.0617  +0.0836  -0.0076  -0.1753
    t+4   | +0.1113  +0.0694  -0.1127  +0.1759  -0.0384  +0.0180
[13:01:48] #  130 [bench] e2e=  446.6ms  infer=  443.5ms  cap=  2.9ms
    t+0   | -0.0215  -0.0509  -0.0652  +0.0995  -0.0976  -0.1628
    t+1   | +0.0017  +0.0098  -0.0451  +0.1428  -0.0134  -0.0896
    t+2   | +0.0332  +0.0306  -0.1276  +0.1404  -0.0083  +0.0009
    t+3   | +0.0298  +0.0386  -0.1311  +0.1813  +0.0820  -0.0633
    t+4   | +0.0549  +0.0458  -0.1201  +0.1789  +0.0343  -0.0783
[13:01:49] #  131 [bench] e2e=  436.3ms  infer=  433.0ms  cap=  3.1ms
    t+0   | -0.0073  -0.0654  -0.0082  +0.1019  +0.0166  -0.2469
    t+1   | +0.0429  -0.0403  -0.0729  +0.1301  +0.0827  -0.1403
    t+2   | +0.0489  +0.0301  -0.0726  +0.0998  +0.0409  -0.0683
    t+3   | +0.0851  +0.0492  -0.0819  +0.1698  +0.0126  +0.1040
    t+4   | +0.0511  -0.0121  -0.0659  +0.1854  +0.1198  +0.2525
[13:01:49] #  132 [bench] e2e=  442.4ms  infer=  439.0ms  cap=  3.2ms
    t+0   | +0.0516  +0.0066  -0.1168  +0.1598  -0.0287  +0.0308
    t+1   | +0.0509  +0.0064  -0.0959  +0.1621  -0.0518  +0.0117
    t+2   | +0.0916  +0.0234  -0.0868  +0.1742  +0.0287  +0.0536
    t+3   | +0.1157  +0.0771  -0.1004  +0.1898  +0.0341  +0.0962
    t+4   | +0.2323  +0.1664  -0.1787  +0.2012  +0.0014  +0.0436
[13:01:49] #  133 [bench] e2e=  449.4ms  infer=  446.4ms  cap=  2.8ms
    t+0   | -0.0098  -0.0163  -0.0660  +0.1197  -0.0723  -0.0056
    t+1   | +0.0123  -0.0860  -0.1175  +0.0999  -0.0679  +0.0043
    t+2   | +0.0192  -0.0429  -0.0417  +0.1168  -0.1089  -0.0852
    t+3   | +0.0099  -0.0178  -0.1393  +0.1552  -0.0893  -0.0166
    t+4   | +0.0024  -0.0215  -0.1333  +0.1709  -0.0963  +0.0278

============================================================
  SmolVLA-base inference benchmark — final report
  model  : rlodhi/smolvla_screw_picking_5000
  device : cuda
  num_steps: 3
  task   : pick up the object and place it in the box
============================================================
  wall time      : 60.1s
  warmup steps   : 5
  benchmark steps: 128

  capture + preprocess:
    n      = 128
    mean   = 2.77 ms
    median = 2.78 ms
    std    = 0.63 ms
    min    = 1.47 ms
    p90    = 3.46 ms
    p95    = 3.81 ms
    p99    = 4.38 ms
    max    = 5.14 ms

  batch construction:
    n      = 128
    mean   = 0.17 ms
    median = 0.16 ms
    std    = 0.04 ms
    min    = 0.15 ms
    p90    = 0.21 ms
    p95    = 0.24 ms
    p99    = 0.26 ms
    max    = 0.46 ms

  model forward (select_action):
    n      = 128
    mean   = 442.97 ms
    median = 443.73 ms
    std    = 4.65 ms
    min    = 431.95 ms
    p90    = 447.65 ms
    p95    = 449.22 ms
    p99    = 453.67 ms
    max    = 454.46 ms

  end-to-end (capture → action):
    n      = 128
    mean   = 445.92 ms
    median = 446.62 ms
    std    = 4.86 ms
    min    = 434.37 ms
    p90    = 451.14 ms
    p95    = 453.24 ms
    p99    = 457.14 ms
    max    = 457.82 ms

  chunk_size     : 5
  n_action_steps : 5

  >> max replan frequency : 2.243 Hz  (1 / e2e latency)
  >> max control frequency: 11.213 Hz  (replan_hz × n_action_steps)
============================================================
